###############################################################################
#
# IAR ANSI C/C++ Compiler V8.32.3.193/W32 for ARM         10/Jun/2019  13:47:59
# Copyright 1999-2019 IAR Systems AB.
#
#    Cpu mode     =  
#    Endian       =  little
#    Source file  =  
#        C:\Development\smart_washing_machine_3080\csdk\eng\dev_bind\impl\awss_info.c
#    Command line =  
#        -f C:\Users\nxf42695\AppData\Local\Temp\1\EW8E0D.tmp
#        (C:\Development\smart_washing_machine_3080\csdk\eng\dev_bind\impl\awss_info.c
#        -D DEBUG -D USE_RTOS -D XIP_EXTERNAL_FLASH=1 -D
#        XIP_BOOT_HEADER_ENABLE=1 -D CPU_MIMXRT1052DVL6B -D FSL_RTOS_FREE_RTOS
#        -D PRINTF_ADVANCED_ENABLE -D
#        "MBEDTLS_CONFIG_FILE=\"ksdk_mbedtls_config.h\"" -lC
#        C:\Development\smart_washing_machine_3080\flexspi_nor_debug\list -lA
#        C:\Development\smart_washing_machine_3080\flexspi_nor_debug\list
#        --diag_suppress Pa082,Pa050 -o
#        C:\Development\smart_washing_machine_3080\flexspi_nor_debug\obj
#        --no_cse --no_unroll --no_inline --no_code_motion --no_tbaa
#        --no_clustering --no_scheduling --debug --endian=little
#        --cpu=Cortex-M7 -e --fpu=VFPv5_d16 --dlib_config "C:\Program Files
#        (x86)\IAR Systems\Embedded Workbench
#        8.2\arm\inc\c\DLib_Config_Normal.h" --preinclude
#        C:\Development\smart_washing_machine_3080/source\app_preinclude.h -I
#        C:\Development\smart_washing_machine_3080/board\ -I
#        C:\Development\smart_washing_machine_3080/source\ -I
#        C:\Development\smart_washing_machine_3080/CMSIS\ -I
#        C:\Development\smart_washing_machine_3080/amazon-freertos/freertos/portable\
#        -I C:\Development\smart_washing_machine_3080/amazon-freertos/include\
#        -I C:\Development\smart_washing_machine_3080/component/lists\ -I
#        C:\Development\smart_washing_machine_3080/component/serial_manager\ -I
#        C:\Development\smart_washing_machine_3080/component/uart\ -I
#        C:\Development\smart_washing_machine_3080/component/kv\ -I
#        C:\Development\smart_washing_machine_3080/component/kv/include\ -I
#        C:\Development\smart_washing_machine_3080/device\ -I
#        C:\Development\smart_washing_machine_3080/doc\ -I
#        C:\Development\smart_washing_machine_3080/drivers\ -I
#        C:\Development\smart_washing_machine_3080/src\ -I
#        C:\Development\smart_washing_machine_3080/startup\ -I
#        C:\Development\smart_washing_machine_3080/utilities\ -I
#        C:\Development\smart_washing_machine_3080/xip\ -I
#        C:\Development\smart_washing_machine_3080\csdk\eng\ -I
#        C:\Development\smart_washing_machine_3080\csdk\eng\atm\ -I
#        C:\Development\smart_washing_machine_3080\csdk\eng\dev_model\ -I
#        C:\Development\smart_washing_machine_3080\csdk\eng\dev_sign\ -I
#        C:\Development\smart_washing_machine_3080\csdk\eng\infra\ -I
#        C:\Development\smart_washing_machine_3080\csdk\eng\mqtt\ -I
#        C:\Development\smart_washing_machine_3080\csdk\eng\wrappers\ -I
#        C:\Development\smart_washing_machine_3080\csdk\eng\wrappers\external_libs\
#        -I C:\Development\smart_washing_machine_3080\csdk\eng\coap_cloud\ -I
#        C:\Development\smart_washing_machine_3080\csdk\eng\coap_server\ -I
#        C:\Development\smart_washing_machine_3080\csdk\eng\coap_server\CoAPPacket\
#        -I
#        C:\Development\smart_washing_machine_3080\csdk\eng\coap_server\server\
#        -I C:\Development\smart_washing_machine_3080\csdk\eng\dev_bind\ -I
#        C:\Development\smart_washing_machine_3080\csdk\eng\dev_bind\impl\ -I
#        C:\Development\smart_washing_machine_3080\csdk\eng\dev_bind\impl\os\
#        -I
#        C:\Development\smart_washing_machine_3080\csdk\eng\dev_bind\impl\awss_reset\
#        -I C:\Development\smart_washing_machine_3080\mbedtls\include\mbedtls\
#        -I C:\Development\smart_washing_machine_3080\mbedtls\include\ -I
#        C:\Development\smart_washing_machine_3080\mbedtls\port\ksdk\ -Om)
#    Locale       =  C
#    List file    =  
#        C:\Development\smart_washing_machine_3080\flexspi_nor_debug\list\awss_info.lst
#    Object file  =  
#        C:\Development\smart_washing_machine_3080\flexspi_nor_debug\obj\awss_info.o
#
###############################################################################

C:\Development\smart_washing_machine_3080\csdk\eng\dev_bind\impl\awss_info.c
      1          /*
      2           * Copyright (C) 2015-2018 Alibaba Group Holding Limited
      3           */
      4          #include "dev_bind_internal.h"

  typedef void *p_HAL_Aes128_t;
                ^
"C:\Development\smart_washing_machine_3080\csdk\eng\dev_bind\impl\os\os.h",49  Warning[Pe301]: 
          typedef name has already been declared (with same type)
      5          
      6          #if defined(__cplusplus)  /* If this is a C++ compiler, use C linkage */
      7          extern "C" {
      8          #endif
      9          #define AWSS_CONNAP_MONITOR_TIMEOUT_MS  (60 * 1000)
     10          

   \                                 In section .bss, align 1
     11          static char g_awss_connectap_info_avaliable = 0;
   \                     g_awss_connectap_info_avaliable:
   \        0x0                      DS8 1

   \                                 In section .bss, align 4
     12          static void *connectap_monitor_timer = NULL;
   \                     connectap_monitor_timer:
   \        0x0                      DS8 4

   \                                 In section .bss, align 4
     13          static void *connectap_monitor_mutex = NULL;
   \                     connectap_monitor_mutex:
   \        0x0                      DS8 4
     14          

   \                                 In section .text, align 2, keep-with-next
     15          static void awss_release_connectap_monitor()
     16          {
   \                     awss_release_connectap_monitor: (+1)
   \        0x0   0xB510             PUSH     {R4,LR}
     17              if (connectap_monitor_timer) {
   \        0x2   0x....             LDR.N    R4,??DataTable5_1
   \        0x4   0x6820             LDR      R0,[R4, #+0]
   \        0x6   0x2800             CMP      R0,#+0
   \        0x8   0xD006             BEQ.N    ??awss_release_connectap_monitor_0
     18                  HAL_Timer_Stop(connectap_monitor_timer);
   \        0xA   0x....'....        BL       HAL_Timer_Stop
     19                  HAL_Timer_Delete(connectap_monitor_timer);
   \        0xE   0x6820             LDR      R0,[R4, #+0]
   \       0x10   0x....'....        BL       HAL_Timer_Delete
     20                  connectap_monitor_timer = NULL;
   \       0x14   0x2000             MOVS     R0,#+0
   \       0x16   0x6020             STR      R0,[R4, #+0]
     21              }
     22              if (connectap_monitor_mutex) {
   \                     ??awss_release_connectap_monitor_0: (+1)
   \       0x18   0x....             LDR.N    R4,??DataTable5_2
   \       0x1A   0x6820             LDR      R0,[R4, #+0]
   \       0x1C   0x2800             CMP      R0,#+0
   \       0x1E   0xD006             BEQ.N    ??awss_release_connectap_monitor_1
     23                  HAL_MutexUnlock(connectap_monitor_mutex);
   \       0x20   0x....'....        BL       HAL_MutexUnlock
     24                  HAL_MutexDestroy(connectap_monitor_mutex);
   \       0x24   0x6820             LDR      R0,[R4, #+0]
   \       0x26   0x....'....        BL       HAL_MutexDestroy
     25                  connectap_monitor_mutex = NULL;
   \       0x2A   0x2000             MOVS     R0,#+0
   \       0x2C   0x6020             STR      R0,[R4, #+0]
     26              }
     27          }
   \                     ??awss_release_connectap_monitor_1: (+1)
   \       0x2E   0xBD10             POP      {R4,PC}          ;; return
     28          

   \                                 In section .text, align 2, keep-with-next
     29          static void awss_connectap_monitor(void *param)
     30          {
   \                     awss_connectap_monitor: (+1)
   \        0x0   0xB580             PUSH     {R7,LR}
     31              if (connectap_monitor_mutex) {
   \        0x2   0x....             LDR.N    R1,??DataTable5_2
   \        0x4   0x6808             LDR      R0,[R1, #+0]
   \        0x6   0x2800             CMP      R0,#+0
   \        0x8   0xD001             BEQ.N    ??awss_connectap_monitor_0
     32                  HAL_MutexLock(connectap_monitor_mutex);
   \        0xA   0x....'....        BL       HAL_MutexLock
     33              }
     34              g_awss_connectap_info_avaliable = 0;
   \                     ??awss_connectap_monitor_0: (+1)
   \        0xE   0x2000             MOVS     R0,#+0
   \       0x10   0x....             LDR.N    R1,??DataTable5_3
   \       0x12   0x7008             STRB     R0,[R1, #+0]
     35              awss_release_connectap_monitor();
   \       0x14   0xE8BD 0x4001      POP      {R0,LR}
   \       0x18   0x....             B.N      awss_release_connectap_monitor
     36          }
     37          

   \                                 In section .text, align 2, keep-with-next
     38          int awss_stop_connectap_monitor()
     39          {
   \                     awss_stop_connectap_monitor: (+1)
   \        0x0   0xB580             PUSH     {R7,LR}
     40              awss_connectap_monitor(NULL);
   \        0x2   0x2000             MOVS     R0,#+0
   \        0x4   0x....'....        BL       awss_connectap_monitor
     41              return 0;
   \        0x8   0x2000             MOVS     R0,#+0
   \        0xA   0xBD02             POP      {R1,PC}          ;; return
     42          }
     43          

   \                                 In section .text, align 2, keep-with-next
     44          int awss_start_connectap_monitor()
     45          {
   \                     awss_start_connectap_monitor: (+1)
   \        0x0   0xB538             PUSH     {R3-R5,LR}
     46              if (connectap_monitor_timer) {
   \        0x2   0x....             LDR.N    R4,??DataTable5_1
   \        0x4   0x6820             LDR      R0,[R4, #+0]
   \        0x6   0x2800             CMP      R0,#+0
   \        0x8   0xD001             BEQ.N    ??awss_start_connectap_monitor_0
     47                  awss_debug("connap-m exist");
     48                  return 0;
   \        0xA   0x2000             MOVS     R0,#+0
   \        0xC   0xBD32             POP      {R1,R4,R5,PC}
     49              }
     50          
     51              if (connectap_monitor_mutex == NULL) {
   \                     ??awss_start_connectap_monitor_0: (+1)
   \        0xE   0x....             LDR.N    R5,??DataTable5_2
   \       0x10   0x6828             LDR      R0,[R5, #+0]
   \       0x12   0x2800             CMP      R0,#+0
   \       0x14   0xD104             BNE.N    ??awss_start_connectap_monitor_1
     52                  connectap_monitor_mutex = HAL_MutexCreate();
   \       0x16   0x....'....        BL       HAL_MutexCreate
   \       0x1A   0x6028             STR      R0,[R5, #+0]
     53                  if (connectap_monitor_mutex == NULL) {
   \       0x1C   0x2800             CMP      R0,#+0
   \       0x1E   0xD01A             BEQ.N    ??awss_start_connectap_monitor_2
     54                      awss_err("connap alloc-m fail");
     55                      goto CONNAP_M_FAIL;
     56                  }
     57              }
     58          
     59              HAL_MutexLock(connectap_monitor_mutex);
   \                     ??awss_start_connectap_monitor_1: (+1)
   \       0x20   0x6828             LDR      R0,[R5, #+0]
   \       0x22   0x....'....        BL       HAL_MutexLock
     60          
     61              connectap_monitor_timer = HAL_Timer_Create("connap_monitor",
     62                                        awss_connectap_monitor, NULL);
   \       0x26   0x2200             MOVS     R2,#+0
   \       0x28   0x....             LDR.N    R1,??DataTable5_4
   \       0x2A   0x....             LDR.N    R0,??DataTable5_5
   \       0x2C   0x....'....        BL       HAL_Timer_Create
   \       0x30   0x6020             STR      R0,[R4, #+0]
     63              if (connectap_monitor_timer == NULL) {
   \       0x32   0x2800             CMP      R0,#+0
   \       0x34   0xD00F             BEQ.N    ??awss_start_connectap_monitor_2
     64                  awss_err("connap alloc-t fail");
     65                  goto CONNAP_M_FAIL;
     66              }
     67          
     68              g_awss_connectap_info_avaliable = 1;
   \       0x36   0x2001             MOVS     R0,#+1
   \       0x38   0x....             LDR.N    R1,??DataTable5_3
   \       0x3A   0x7008             STRB     R0,[R1, #+0]
     69              HAL_Timer_Stop(connectap_monitor_timer);
   \       0x3C   0x6820             LDR      R0,[R4, #+0]
   \       0x3E   0x....'....        BL       HAL_Timer_Stop
     70              HAL_Timer_Start(connectap_monitor_timer, AWSS_CONNAP_MONITOR_TIMEOUT_MS);
   \       0x42   0xF64E 0x2160      MOVW     R1,#+60000
   \       0x46   0x6820             LDR      R0,[R4, #+0]
   \       0x48   0x....'....        BL       HAL_Timer_Start
     71              HAL_MutexUnlock(connectap_monitor_mutex);
   \       0x4C   0x6828             LDR      R0,[R5, #+0]
   \       0x4E   0x....'....        BL       HAL_MutexUnlock
     72              return 0;
   \       0x52   0x2000             MOVS     R0,#+0
   \       0x54   0xBD32             POP      {R1,R4,R5,PC}
     73          
     74          CONNAP_M_FAIL:
     75              awss_release_connectap_monitor();
   \                     ??awss_start_connectap_monitor_2: (+1)
   \       0x56   0x....'....        BL       awss_release_connectap_monitor
     76              return -1;
   \       0x5A   0xF04F 0x30FF      MOV      R0,#-1
   \       0x5E   0xBD32             POP      {R1,R4,R5,PC}    ;; return
     77          }
     78          

   \                                 In section .text, align 2, keep-with-next
     79          int process_get_device_info(void *ctx, void *resource, void *remote, void *request, char is_mcast, int type)
     80          {
   \                     process_get_device_info: (+1)
   \        0x0   0xE92D 0x43F8      PUSH     {R3-R9,LR}
   \        0x4   0xB0AA             SUB      SP,SP,#+168
   \        0x6   0x4617             MOV      R7,R2
   \        0x8   0x461E             MOV      R6,R3
     81              char *buf = NULL;
     82              char *dev_info = NULL;
   \        0xA   0x2400             MOVS     R4,#+0
     83              int len = 0, id_len = 0;
   \        0xC   0x4620             MOV      R0,R4
   \        0xE   0x9005             STR      R0,[SP, #+20]
   \       0x10   0x9004             STR      R0,[SP, #+16]
     84              char *msg = NULL, *id = NULL;
     85              const char *topic_fmt = NULL;
     86              char topic[TOPIC_LEN_MAX] = {0};
   \       0x12   0xA80A             ADD      R0,SP,#+40
   \       0x14   0x2180             MOVS     R1,#+128
   \       0x16   0x....'....        BL       __aeabi_memclr4
     87              char req_msg_id[MSG_REQ_ID_LEN] = {0};
   \       0x1A   0xA806             ADD      R0,SP,#+24
   \       0x1C   0x2110             MOVS     R1,#+16
   \       0x1E   0x....'....        BL       __aeabi_memclr4
     88          
     89              buf = os_zalloc(DEV_INFO_LEN_MAX);
   \       0x22   0xF44F 0x7000      MOV      R0,#+512
   \       0x26   0x....'....        BL       os_zalloc
   \       0x2A   0x0005             MOVS     R5,R0
     90              if (!buf) {
   \       0x2C   0xD065             BEQ.N    ??process_get_device_info_0
     91                  goto DEV_INFO_ERR;
     92              }
     93          
     94              dev_info = os_zalloc(DEV_INFO_LEN_MAX);
   \       0x2E   0xF44F 0x7000      MOV      R0,#+512
   \       0x32   0x....'....        BL       os_zalloc
   \       0x36   0x0004             MOVS     R4,R0
     95              if (!dev_info) {
   \       0x38   0xD05F             BEQ.N    ??process_get_device_info_0
     96                  goto DEV_INFO_ERR;
     97              }
     98          
     99              msg = awss_cmp_get_coap_payload(request, &len);
   \       0x3A   0xA905             ADD      R1,SP,#+20
   \       0x3C   0x4630             MOV      R0,R6
   \       0x3E   0x....'....        BL       awss_cmp_get_coap_payload
    100              id = json_get_value_by_name(msg, len, "id", &id_len, 0);
   \       0x42   0x2100             MOVS     R1,#+0
   \       0x44   0x9100             STR      R1,[SP, #+0]
   \       0x46   0xAB04             ADD      R3,SP,#+16
   \       0x48   0x....             ADR.N    R2,??DataTable5  ;; 0x69, 0x64, 0x00, 0x00
   \       0x4A   0x9905             LDR      R1,[SP, #+20]
   \       0x4C   0x....'....        BL       json_get_value_by_name
   \       0x50   0x0001             MOVS     R1,R0
    101              if (id && id_len < MSG_REQ_ID_LEN) {
   \       0x52   0xD006             BEQ.N    ??process_get_device_info_1
   \       0x54   0x9804             LDR      R0,[SP, #+16]
   \       0x56   0x2810             CMP      R0,#+16
   \       0x58   0xDA03             BGE.N    ??process_get_device_info_1
    102                  memcpy(req_msg_id, id, id_len);
   \       0x5A   0x4602             MOV      R2,R0
   \       0x5C   0xA806             ADD      R0,SP,#+24
   \       0x5E   0x....'....        BL       __aeabi_memcpy
    103              }
   \                     ??process_get_device_info_1: (+1)
   \       0x62   0x9833             LDR      R0,[SP, #+204]
   \       0x64   0x9932             LDR      R1,[SP, #+200]
    104          
    105              if (type == AWSS_NOTIFY_DEV_RAND_SIGN) {
   \       0x66   0x2802             CMP      R0,#+2
   \       0x68   0xD107             BNE.N    ??process_get_device_info_2
    106                  topic_fmt = is_mcast ? TOPIC_AWSS_GETDEVICEINFO_MCAST : TOPIC_AWSS_GETDEVICEINFO_UCAST;
   \       0x6A   0x2900             CMP      R1,#+0
   \       0x6C   0xD002             BEQ.N    ??process_get_device_info_3
   \       0x6E   0x....'....        LDR.W    R8,??DataTable5_6
   \       0x72   0xE00B             B.N      ??process_get_device_info_4
   \                     ??process_get_device_info_3: (+1)
   \       0x74   0x....'....        LDR.W    R8,??DataTable5_7
   \       0x78   0xE008             B.N      ??process_get_device_info_4
    107              } else if (type == AWSS_NOTIFY_SUCCESS) {
   \                     ??process_get_device_info_2: (+1)
   \       0x7A   0x2803             CMP      R0,#+3
   \       0x7C   0xD13D             BNE.N    ??process_get_device_info_0
    108                  topic_fmt = is_mcast ? TOPIC_AWSS_GET_CONNECTAP_INFO_MCAST : TOPIC_AWSS_GET_CONNECTAP_INFO_UCAST;
   \       0x7E   0x2900             CMP      R1,#+0
   \       0x80   0xD002             BEQ.N    ??process_get_device_info_5
   \       0x82   0x....'....        LDR.W    R8,??DataTable5_8
   \       0x86   0xE001             B.N      ??process_get_device_info_4
   \                     ??process_get_device_info_5: (+1)
   \       0x88   0x....'....        LDR.W    R8,??DataTable5_9
    109              } else {
    110                  goto DEV_INFO_ERR;
    111              }
    112              awss_build_dev_info(type, buf, DEV_INFO_LEN_MAX);
   \                     ??process_get_device_info_4: (+1)
   \       0x8C   0xF44F 0x7200      MOV      R2,#+512
   \       0x90   0x4629             MOV      R1,R5
   \       0x92   0x....'....        BL       awss_build_dev_info
    113              HAL_Snprintf(dev_info, DEV_INFO_LEN_MAX - 1, "{%s}", buf);
   \       0x96   0xF240 0x19FF      MOVW     R9,#+511
   \       0x9A   0x462B             MOV      R3,R5
   \       0x9C   0x....             LDR.N    R2,??DataTable5_10
   \       0x9E   0x4649             MOV      R1,R9
   \       0xA0   0x4620             MOV      R0,R4
   \       0xA2   0x....'....        BL       HAL_Snprintf
    114          
    115              memset(buf, 0x00, DEV_INFO_LEN_MAX);
   \       0xA6   0x2200             MOVS     R2,#+0
   \       0xA8   0xF44F 0x7100      MOV      R1,#+512
   \       0xAC   0x4628             MOV      R0,R5
   \       0xAE   0x....'....        BL       __aeabi_memset
    116              HAL_Snprintf(buf, DEV_INFO_LEN_MAX - 1, AWSS_ACK_FMT, req_msg_id, 200, dev_info);
   \       0xB2   0x9401             STR      R4,[SP, #+4]
   \       0xB4   0x20C8             MOVS     R0,#+200
   \       0xB6   0x9000             STR      R0,[SP, #+0]
   \       0xB8   0xAB06             ADD      R3,SP,#+24
   \       0xBA   0x....             LDR.N    R2,??DataTable5_11
   \       0xBC   0x4649             MOV      R1,R9
   \       0xBE   0x4628             MOV      R0,R5
   \       0xC0   0x....'....        BL       HAL_Snprintf
    117          
    118              HAL_Free(dev_info);
   \       0xC4   0x4620             MOV      R0,R4
   \       0xC6   0x....'....        BL       HAL_Free
    119          
    120              awss_info("tx msg to app: %s", buf);
    121          
    122              awss_build_topic(topic_fmt, topic, TOPIC_LEN_MAX);
   \       0xCA   0x2280             MOVS     R2,#+128
   \       0xCC   0xA90A             ADD      R1,SP,#+40
   \       0xCE   0x4640             MOV      R0,R8
   \       0xD0   0x....'....        BL       awss_build_topic
    123          
    124              if (0 != awss_cmp_coap_send_resp(buf, strlen(buf), remote, topic, request, NULL, NULL, 0)) {
   \       0xD4   0x4628             MOV      R0,R5
   \       0xD6   0x....'....        BL       strlen
   \       0xDA   0x2100             MOVS     R1,#+0
   \       0xDC   0x9103             STR      R1,[SP, #+12]
   \       0xDE   0x9102             STR      R1,[SP, #+8]
   \       0xE0   0x9101             STR      R1,[SP, #+4]
   \       0xE2   0x9600             STR      R6,[SP, #+0]
   \       0xE4   0xAB0A             ADD      R3,SP,#+40
   \       0xE6   0x463A             MOV      R2,R7
   \       0xE8   0x4601             MOV      R1,R0
   \       0xEA   0x4628             MOV      R0,R5
   \       0xEC   0x....'....        BL       awss_cmp_coap_send_resp
    125                  awss_err("tx dev info rsp fail.");
    126              }
    127          
    128              HAL_Free(buf);
   \       0xF0   0x4628             MOV      R0,R5
   \       0xF2   0x....'....        BL       HAL_Free
    129              return 0;
   \       0xF6   0x2000             MOVS     R0,#+0
   \       0xF8   0xE00B             B.N      ??process_get_device_info_6
    130          
    131          DEV_INFO_ERR:
    132              if (buf) {
   \                     ??process_get_device_info_0: (+1)
   \       0xFA   0x2D00             CMP      R5,#+0
   \       0xFC   0xD002             BEQ.N    ??process_get_device_info_7
    133                  HAL_Free(buf);
   \       0xFE   0x4628             MOV      R0,R5
   \      0x100   0x....'....        BL       HAL_Free
    134              }
    135              if (dev_info) {
   \                     ??process_get_device_info_7: (+1)
   \      0x104   0x2C00             CMP      R4,#+0
   \      0x106   0xD002             BEQ.N    ??process_get_device_info_8
    136                  HAL_Free(dev_info);
   \      0x108   0x4620             MOV      R0,R4
   \      0x10A   0x....'....        BL       HAL_Free
    137              }
    138          
    139              return -1;
   \                     ??process_get_device_info_8: (+1)
   \      0x10E   0xF04F 0x30FF      MOV      R0,#-1
   \                     ??process_get_device_info_6: (+1)
   \      0x112   0xB02B             ADD      SP,SP,#+172
   \      0x114   0xE8BD 0x83F0      POP      {R4-R9,PC}       ;; return
    140          }
    141          

   \                                 In section .text, align 2, keep-with-next
    142          int awss_process_mcast_get_connectap_info(void *ctx, void *resource, void *remote, void *request)
    143          {
   \                     awss_process_mcast_get_connectap_info: (+1)
   \        0x0   0xB51C             PUSH     {R2-R4,LR}
    144              if (g_awss_connectap_info_avaliable == 0) {
   \        0x2   0x....             LDR.N    R4,??DataTable5_3
   \        0x4   0x7824             LDRB     R4,[R4, #+0]
   \        0x6   0x2C00             CMP      R4,#+0
   \        0x8   0xD102             BNE.N    ??awss_process_mcast_get_connectap_info_0
    145                  return -1;
   \        0xA   0xF04F 0x30FF      MOV      R0,#-1
   \        0xE   0xBD16             POP      {R1,R2,R4,PC}
    146              }
    147              return process_get_device_info(ctx, resource, remote, request, 1, AWSS_NOTIFY_SUCCESS);
   \                     ??awss_process_mcast_get_connectap_info_0: (+1)
   \       0x10   0x2403             MOVS     R4,#+3
   \       0x12   0x9401             STR      R4,[SP, #+4]
   \       0x14   0x2401             MOVS     R4,#+1
   \       0x16   0x9400             STR      R4,[SP, #+0]
   \       0x18   0x....'....        BL       process_get_device_info
   \       0x1C   0xBD16             POP      {R1,R2,R4,PC}    ;; return
    148          }
    149          

   \                                 In section .text, align 2, keep-with-next
    150          int awss_process_ucast_get_connectap_info(void *ctx, void *resource, void *remote, void *request)
    151          {
   \                     awss_process_ucast_get_connectap_info: (+1)
   \        0x0   0xB51C             PUSH     {R2-R4,LR}
    152              if (g_awss_connectap_info_avaliable == 0) {
   \        0x2   0x....             LDR.N    R4,??DataTable5_3
   \        0x4   0x7824             LDRB     R4,[R4, #+0]
   \        0x6   0x2C00             CMP      R4,#+0
   \        0x8   0xD102             BNE.N    ??awss_process_ucast_get_connectap_info_0
    153                  return -1;
   \        0xA   0xF04F 0x30FF      MOV      R0,#-1
   \        0xE   0xBD16             POP      {R1,R2,R4,PC}
    154              }
    155              return process_get_device_info(ctx, resource, remote, request, 0, AWSS_NOTIFY_SUCCESS);
   \                     ??awss_process_ucast_get_connectap_info_0: (+1)
   \       0x10   0x2403             MOVS     R4,#+3
   \       0x12   0x9401             STR      R4,[SP, #+4]
   \       0x14   0x2400             MOVS     R4,#+0
   \       0x16   0x9400             STR      R4,[SP, #+0]
   \       0x18   0x....'....        BL       process_get_device_info
   \       0x1C   0xBD16             POP      {R1,R2,R4,PC}    ;; return
    156          }

   \                                 In section .text, align 4, keep-with-next
   \                     ??DataTable5:
   \        0x0   0x69 0x64          DC8      0x69, 0x64, 0x00, 0x00
   \              0x00 0x00    

   \                                 In section .text, align 4, keep-with-next
   \                     ??DataTable5_1:
   \        0x0   0x....'....        DC32     connectap_monitor_timer

   \                                 In section .text, align 4, keep-with-next
   \                     ??DataTable5_2:
   \        0x0   0x....'....        DC32     connectap_monitor_mutex

   \                                 In section .text, align 4, keep-with-next
   \                     ??DataTable5_3:
   \        0x0   0x....'....        DC32     g_awss_connectap_info_avaliable

   \                                 In section .text, align 4, keep-with-next
   \                     ??DataTable5_4:
   \        0x0   0x....'....        DC32     awss_connectap_monitor

   \                                 In section .text, align 4, keep-with-next
   \                     ??DataTable5_5:
   \        0x0   0x....'....        DC32     ?_0

   \                                 In section .text, align 4, keep-with-next
   \                     ??DataTable5_6:
   \        0x0   0x....'....        DC32     ?_4

   \                                 In section .text, align 4, keep-with-next
   \                     ??DataTable5_7:
   \        0x0   0x....'....        DC32     ?_5

   \                                 In section .text, align 4, keep-with-next
   \                     ??DataTable5_8:
   \        0x0   0x....'....        DC32     ?_6

   \                                 In section .text, align 4, keep-with-next
   \                     ??DataTable5_9:
   \        0x0   0x....'....        DC32     ?_7

   \                                 In section .text, align 4, keep-with-next
   \                     ??DataTable5_10:
   \        0x0   0x....'....        DC32     ?_8

   \                                 In section .text, align 4, keep-with-next
   \                     ??DataTable5_11:
   \        0x0   0x....'....        DC32     ?_9

   \                                 In section .rodata, align 4
   \                     ?_0:
   \        0x0   0x63 0x6F          DC8 "connap_monitor"
   \              0x6E 0x6E    
   \              0x61 0x70    
   \              0x5F 0x6D    
   \              0x6F 0x6E    
   \              0x69 0x74    
   \              0x6F 0x72    
   \              0x00         
   \        0xF   0x00               DC8 0

   \                                 In section .rodata, align 4
   \        0x0   0x00 0x00          DC8 0, 0, 0, 0, 0, 0, 0, 0, 0, 0, 0, 0, 0, 0, 0, 0, 0, 0, 0, 0, 0, 0, 0
   \              0x00 0x00    
   \              0x00 0x00    
   \              0x00 0x00    
   \              0x00 0x00    
   \              0x00 0x00    
   \              0x00 0x00    
   \              0x00 0x00    
   \              0x00 0x00    
   \              0x00 0x00    
   \              0x00 0x00    
   \              0x00         
   \       0x17   0x00 0x00          DC8 0, 0, 0, 0, 0, 0, 0, 0, 0, 0, 0, 0, 0, 0, 0, 0, 0, 0, 0, 0, 0, 0, 0
   \              0x00 0x00    
   \              0x00 0x00    
   \              0x00 0x00    
   \              0x00 0x00    
   \              0x00 0x00    
   \              0x00 0x00    
   \              0x00 0x00    
   \              0x00 0x00    
   \              0x00 0x00    
   \              0x00 0x00    
   \              0x00         
   \       0x2E   0x00 0x00          DC8 0, 0, 0, 0, 0, 0, 0, 0, 0, 0, 0, 0, 0, 0, 0, 0, 0, 0, 0, 0, 0, 0, 0
   \              0x00 0x00    
   \              0x00 0x00    
   \              0x00 0x00    
   \              0x00 0x00    
   \              0x00 0x00    
   \              0x00 0x00    
   \              0x00 0x00    
   \              0x00 0x00    
   \              0x00 0x00    
   \              0x00 0x00    
   \              0x00         
   \       0x45   0x00 0x00          DC8 0, 0, 0, 0, 0, 0, 0, 0, 0, 0, 0, 0, 0, 0, 0, 0, 0, 0, 0, 0, 0, 0, 0
   \              0x00 0x00    
   \              0x00 0x00    
   \              0x00 0x00    
   \              0x00 0x00    
   \              0x00 0x00    
   \              0x00 0x00    
   \              0x00 0x00    
   \              0x00 0x00    
   \              0x00 0x00    
   \              0x00 0x00    
   \              0x00         
   \       0x5C   0x00 0x00          DC8 0, 0, 0, 0, 0, 0, 0, 0, 0, 0, 0, 0, 0, 0, 0, 0, 0, 0, 0, 0, 0, 0, 0
   \              0x00 0x00    
   \              0x00 0x00    
   \              0x00 0x00    
   \              0x00 0x00    
   \              0x00 0x00    
   \              0x00 0x00    
   \              0x00 0x00    
   \              0x00 0x00    
   \              0x00 0x00    
   \              0x00 0x00    
   \              0x00         
   \       0x73   0x00 0x00          DC8 0, 0, 0, 0, 0, 0, 0, 0, 0, 0, 0, 0, 0
   \              0x00 0x00    
   \              0x00 0x00    
   \              0x00 0x00    
   \              0x00 0x00    
   \              0x00 0x00    
   \              0x00         

   \                                 In section .rodata, align 4
   \        0x0   0x00 0x00          DC8 0, 0, 0, 0, 0, 0, 0, 0, 0, 0, 0, 0, 0, 0, 0, 0
   \              0x00 0x00    
   \              0x00 0x00    
   \              0x00 0x00    
   \              0x00 0x00    
   \              0x00 0x00    
   \              0x00 0x00    
   \              0x00 0x00    

   \                                 In section .rodata, align 4
   \        0x0   0x69 0x64          DC8 "id"
   \              0x00         
   \        0x3   0x00               DC8 0

   \                                 In section .rodata, align 4
   \                     ?_4:
   \        0x0   0x2F 0x73          DC8 "/sys/awss/device/info/get"
   \              0x79 0x73    
   \              0x2F 0x61    
   \              0x77 0x73    
   \              0x73 0x2F    
   \              0x64 0x65    
   \              0x76 0x69    
   \              0x63 0x65    
   \              0x2F 0x69    
   \              0x6E 0x66    
   \              0x6F 0x2F    
   \              0x67 0x65    
   \              0x74 0x00    
   \       0x1A   0x00 0x00          DC8 0, 0

   \                                 In section .rodata, align 4
   \                     ?_5:
   \        0x0   0x2F 0x73          DC8 "/sys/%s/%s/awss/device/info/get"
   \              0x79 0x73    
   \              0x2F 0x25    
   \              0x73 0x2F    
   \              0x25 0x73    
   \              0x2F 0x61    
   \              0x77 0x73    
   \              0x73 0x2F    
   \              0x64 0x65    
   \              0x76 0x69    
   \              0x63 0x65    
   \              0x2F 0x69    
   \              0x6E 0x66    
   \              0x6F 0x2F    
   \              0x67 0x65    
   \              0x74 0x00    

   \                                 In section .rodata, align 4
   \                     ?_6:
   \        0x0   0x2F 0x73          DC8 "/sys/awss/device/connectap/info/get"
   \              0x79 0x73    
   \              0x2F 0x61    
   \              0x77 0x73    
   \              0x73 0x2F    
   \              0x64 0x65    
   \              0x76 0x69    
   \              0x63 0x65    
   \              0x2F 0x63    
   \              0x6F 0x6E    
   \              0x6E 0x65    
   \              0x63 0x74    
   \              0x61 0x70    
   \              0x2F 0x69    
   \              0x6E 0x66    
   \              0x6F 0x2F    
   \              0x67 0x65    
   \              0x74 0x00    

   \                                 In section .rodata, align 4
   \                     ?_7:
   \        0x0   0x2F 0x73          DC8 "/sys/%s/%s/awss/device/connectap/info/get"
   \              0x79 0x73    
   \              0x2F 0x25    
   \              0x73 0x2F    
   \              0x25 0x73    
   \              0x2F 0x61    
   \              0x77 0x73    
   \              0x73 0x2F    
   \              0x64 0x65    
   \              0x76 0x69    
   \              0x63 0x65    
   \              0x2F 0x63    
   \              0x6F 0x6E    
   \              0x6E 0x65    
   \              0x63 0x74    
   \              0x61 0x70    
   \              0x2F 0x69    
   \              0x6E 0x66    
   \              0x6F 0x2F    
   \              0x67 0x65    
   \              0x74 0x00    
   \       0x2A   0x00 0x00          DC8 0, 0

   \                                 In section .rodata, align 4
   \                     ?_8:
   \        0x0   0x7B 0x25          DC8 "{%s}"
   \              0x73 0x7D    
   \              0x00         
   \        0x5   0x00 0x00          DC8 0, 0, 0
   \              0x00         

   \                                 In section .rodata, align 4
   \                     ?_9:
   \        0x0   0x7B 0x22          DC8 "{\"id\":%s,\"code\":%d,\"data\":%s}"
   \              0x69 0x64    
   \              0x22 0x3A    
   \              0x25 0x73    
   \              0x2C 0x22    
   \              0x63 0x6F    
   \              0x64 0x65    
   \              0x22 0x3A    
   \              0x25 0x64    
   \              0x2C 0x22    
   \              0x64 0x61    
   \              0x74 0x61    
   \              0x22 0x3A    
   \              0x25 0x73    
   \              0x7D 0x00    
   \       0x1E   0x00 0x00          DC8 0, 0
    157          
    158          #if defined(__cplusplus)  /* If this is a C++ compiler, use C linkage */
    159          }
    160          #endif

   Maximum stack usage in bytes:

   .cstack Function
   ------- --------
       8   awss_connectap_monitor
         8   -> HAL_MutexLock
         0   -> awss_release_connectap_monitor
      16   awss_process_mcast_get_connectap_info
        16   -> process_get_device_info
      16   awss_process_ucast_get_connectap_info
        16   -> process_get_device_info
       8   awss_release_connectap_monitor
         8   -> HAL_MutexDestroy
         8   -> HAL_MutexUnlock
         8   -> HAL_Timer_Delete
         8   -> HAL_Timer_Stop
      16   awss_start_connectap_monitor
        16   -> HAL_MutexCreate
        16   -> HAL_MutexLock
        16   -> HAL_MutexUnlock
        16   -> HAL_Timer_Create
        16   -> HAL_Timer_Start
        16   -> HAL_Timer_Stop
        16   -> awss_release_connectap_monitor
       8   awss_stop_connectap_monitor
         8   -> awss_connectap_monitor
     200   process_get_device_info
       200   -> HAL_Free
       200   -> HAL_Snprintf
       200   -> __aeabi_memclr4
       200   -> __aeabi_memcpy
       200   -> __aeabi_memset
       200   -> awss_build_dev_info
       200   -> awss_build_topic
       200   -> awss_cmp_coap_send_resp
       200   -> awss_cmp_get_coap_payload
       200   -> json_get_value_by_name
       200   -> os_zalloc
       200   -> strlen


   Section sizes:

   Bytes  Function/Label
   -----  --------------
       4  ??DataTable5
       4  ??DataTable5_1
       4  ??DataTable5_10
       4  ??DataTable5_11
       4  ??DataTable5_2
       4  ??DataTable5_3
       4  ??DataTable5_4
       4  ??DataTable5_5
       4  ??DataTable5_6
       4  ??DataTable5_7
       4  ??DataTable5_8
       4  ??DataTable5_9
      16  ?_0
     128  ?_1
      16  ?_2
       4  ?_3
      28  ?_4
      32  ?_5
      36  ?_6
      44  ?_7
       8  ?_8
      32  ?_9
      26  awss_connectap_monitor
      30  awss_process_mcast_get_connectap_info
      30  awss_process_ucast_get_connectap_info
      48  awss_release_connectap_monitor
      96  awss_start_connectap_monitor
      12  awss_stop_connectap_monitor
       4  connectap_monitor_mutex
       4  connectap_monitor_timer
       1  g_awss_connectap_info_avaliable
     280  process_get_device_info

 
   9 bytes in section .bss
 344 bytes in section .rodata
 570 bytes in section .text
 
 570 bytes of CODE  memory
 344 bytes of CONST memory
   9 bytes of DATA  memory

Errors: none
Warnings: 1
