###############################################################################
#
# IAR ANSI C/C++ Compiler V8.32.3.193/W32 for ARM         10/Jun/2019  13:48:40
# Copyright 1999-2019 IAR Systems AB.
#
#    Cpu mode     =  
#    Endian       =  little
#    Source file  =  C:\Development\smart_washing_machine_3080\board\pin_mux.c
#    Command line =  
#        -f C:\Users\nxf42695\AppData\Local\Temp\1\EW2B4A.tmp
#        (C:\Development\smart_washing_machine_3080\board\pin_mux.c -D DEBUG -D
#        USE_RTOS -D XIP_EXTERNAL_FLASH=1 -D XIP_BOOT_HEADER_ENABLE=1 -D
#        CPU_MIMXRT1052DVL6B -D FSL_RTOS_FREE_RTOS -D PRINTF_ADVANCED_ENABLE -D
#        "MBEDTLS_CONFIG_FILE=\"ksdk_mbedtls_config.h\"" -lC
#        C:\Development\smart_washing_machine_3080\flexspi_nor_debug\list -lA
#        C:\Development\smart_washing_machine_3080\flexspi_nor_debug\list
#        --diag_suppress Pa082,Pa050 -o
#        C:\Development\smart_washing_machine_3080\flexspi_nor_debug\obj
#        --no_cse --no_unroll --no_inline --no_code_motion --no_tbaa
#        --no_clustering --no_scheduling --debug --endian=little
#        --cpu=Cortex-M7 -e --fpu=VFPv5_d16 --dlib_config "C:\Program Files
#        (x86)\IAR Systems\Embedded Workbench
#        8.2\arm\inc\c\DLib_Config_Normal.h" --preinclude
#        C:\Development\smart_washing_machine_3080/source\app_preinclude.h -I
#        C:\Development\smart_washing_machine_3080/board\ -I
#        C:\Development\smart_washing_machine_3080/source\ -I
#        C:\Development\smart_washing_machine_3080/CMSIS\ -I
#        C:\Development\smart_washing_machine_3080/amazon-freertos/freertos/portable\
#        -I C:\Development\smart_washing_machine_3080/amazon-freertos/include\
#        -I C:\Development\smart_washing_machine_3080/component/lists\ -I
#        C:\Development\smart_washing_machine_3080/component/serial_manager\ -I
#        C:\Development\smart_washing_machine_3080/component/uart\ -I
#        C:\Development\smart_washing_machine_3080/component/kv\ -I
#        C:\Development\smart_washing_machine_3080/component/kv/include\ -I
#        C:\Development\smart_washing_machine_3080/device\ -I
#        C:\Development\smart_washing_machine_3080/doc\ -I
#        C:\Development\smart_washing_machine_3080/drivers\ -I
#        C:\Development\smart_washing_machine_3080/src\ -I
#        C:\Development\smart_washing_machine_3080/startup\ -I
#        C:\Development\smart_washing_machine_3080/utilities\ -I
#        C:\Development\smart_washing_machine_3080/xip\ -I
#        C:\Development\smart_washing_machine_3080\csdk\eng\ -I
#        C:\Development\smart_washing_machine_3080\csdk\eng\atm\ -I
#        C:\Development\smart_washing_machine_3080\csdk\eng\dev_model\ -I
#        C:\Development\smart_washing_machine_3080\csdk\eng\dev_sign\ -I
#        C:\Development\smart_washing_machine_3080\csdk\eng\infra\ -I
#        C:\Development\smart_washing_machine_3080\csdk\eng\mqtt\ -I
#        C:\Development\smart_washing_machine_3080\csdk\eng\wrappers\ -I
#        C:\Development\smart_washing_machine_3080\csdk\eng\wrappers\external_libs\
#        -I C:\Development\smart_washing_machine_3080\csdk\eng\coap_cloud\ -I
#        C:\Development\smart_washing_machine_3080\csdk\eng\coap_server\ -I
#        C:\Development\smart_washing_machine_3080\csdk\eng\coap_server\CoAPPacket\
#        -I
#        C:\Development\smart_washing_machine_3080\csdk\eng\coap_server\server\
#        -I C:\Development\smart_washing_machine_3080\csdk\eng\dev_bind\ -I
#        C:\Development\smart_washing_machine_3080\csdk\eng\dev_bind\impl\ -I
#        C:\Development\smart_washing_machine_3080\csdk\eng\dev_bind\impl\os\
#        -I
#        C:\Development\smart_washing_machine_3080\csdk\eng\dev_bind\impl\awss_reset\
#        -I C:\Development\smart_washing_machine_3080\mbedtls\include\mbedtls\
#        -I C:\Development\smart_washing_machine_3080\mbedtls\include\ -I
#        C:\Development\smart_washing_machine_3080\mbedtls\port\ksdk\ -Om)
#    Locale       =  C
#    List file    =  
#        C:\Development\smart_washing_machine_3080\flexspi_nor_debug\list\pin_mux.lst
#    Object file  =  
#        C:\Development\smart_washing_machine_3080\flexspi_nor_debug\obj\pin_mux.o
#
###############################################################################

C:\Development\smart_washing_machine_3080\board\pin_mux.c
      1          /*
      2           * Copyright 2017-2018 NXP
      3           * All rights reserved.
      4           *
      5           * SPDX-License-Identifier: BSD-3-Clause
      6           */
      7          
      8          /***********************************************************************************************************************
      9           * This file was generated by the MCUXpresso Config Tools. Any manual edits made to this file
     10           * will be overwritten if the respective MCUXpresso Config Tools is used to update this file.
     11           **********************************************************************************************************************/
     12          
     13          /*
     14           * TEXT BELOW IS USED AS SETTING FOR TOOLS *************************************
     15          !!GlobalInfo
     16          product: Pins v4.1
     17          processor: MIMXRT1052xxxxB
     18          package_id: MIMXRT1052DVL6B
     19          mcu_data: ksdk2_0
     20          processor_version: 0.0.0
     21           * BE CAREFUL MODIFYING THIS COMMENT - IT IS YAML SETTINGS FOR TOOLS ***********
     22           */
     23          
     24          #include "fsl_common.h"

   \                                 In section .text, align 2, keep-with-next
   \   static __interwork __softfp void CLOCK_ControlGate(clock_ip_name_t, clock_gate_value_t)
   \                     CLOCK_ControlGate: (+1)
   \        0x0   0xB570             PUSH     {R4-R6,LR}
   \        0x2   0x4604             MOV      R4,R0
   \        0x4   0x460D             MOV      R5,R1
   \        0x6   0x4626             MOV      R6,R4
   \        0x8   0x0A36             LSRS     R6,R6,#+8
   \        0xA   0xF004 0x041F      AND      R4,R4,#0x1F
   \        0xE   0x2E07             CMP      R6,#+7
   \       0x10   0xD307             BCC.N    ??CLOCK_ControlGate_0
   \       0x12   0xF240 0x32C1      MOVW     R2,#+961
   \       0x16   0x....             LDR.N    R1,??DataTable1
   \       0x18   0x....             LDR.N    R0,??DataTable1_1
   \       0x1A   0x....'....        BL       __aeabi_assert
   \       0x1E   0x....'....        BL       __iar_EmptyStepPoint
   \                     ??CLOCK_ControlGate_0: (+1)
   \       0x22   0x....             LDR.N    R0,??DataTable1_2  ;; 0x400fc068
   \       0x24   0xEB00 0x0086      ADD      R0,R0,R6, LSL #+2
   \       0x28   0x6801             LDR      R1,[R0, #+0]
   \       0x2A   0x2203             MOVS     R2,#+3
   \       0x2C   0x40A2             LSLS     R2,R2,R4
   \       0x2E   0x4391             BICS     R1,R1,R2
   \       0x30   0xFA05 0xF404      LSL      R4,R5,R4
   \       0x34   0x430C             ORRS     R4,R4,R1
   \       0x36   0x6004             STR      R4,[R0, #+0]
   \       0x38   0xBD70             POP      {R4-R6,PC}       ;; return

   \                                 In section .text, align 2, keep-with-next
   \   static __interwork __softfp void CLOCK_EnableClock(clock_ip_name_t)
   \                     CLOCK_EnableClock: (+1)
   \        0x0   0x2103             MOVS     R1,#+3
   \        0x2   0x....             B.N      CLOCK_ControlGate
     25          #include "fsl_iomuxc.h"

   \                                 In section .text, align 2, keep-with-next
   \   static __interwork __softfp void IOMUXC_SetPinMux(uint32_t, uint32_t, uint32_t, uint32_t, uint32_t, uint32_t)
   \                     IOMUXC_SetPinMux: (+1)
   \        0x0   0xB410             PUSH     {R4}
   \        0x2   0x9C02             LDR      R4,[SP, #+8]
   \        0x4   0xF001 0x0107      AND      R1,R1,#0x7
   \        0x8   0x0124             LSLS     R4,R4,#+4
   \        0xA   0xF004 0x0410      AND      R4,R4,#0x10
   \        0xE   0x4321             ORRS     R1,R4,R1
   \       0x10   0x6001             STR      R1,[R0, #+0]
   \       0x12   0x2A00             CMP      R2,#+0
   \       0x14   0xD000             BEQ.N    ??IOMUXC_SetPinMux_0
   \       0x16   0x6013             STR      R3,[R2, #+0]
   \                     ??IOMUXC_SetPinMux_0: (+1)
   \       0x18   0xBC10             POP      {R4}
   \       0x1A   0x4770             BX       LR               ;; return

   \                                 In section .text, align 2, keep-with-next
   \   static __interwork __softfp void IOMUXC_SetPinConfig(uint32_t, uint32_t, uint32_t, uint32_t, uint32_t, uint32_t)
   \                     IOMUXC_SetPinConfig: (+1)
   \        0x0   0x9800             LDR      R0,[SP, #+0]
   \        0x2   0x2800             CMP      R0,#+0
   \        0x4   0xD001             BEQ.N    ??IOMUXC_SetPinConfig_0
   \        0x6   0x9901             LDR      R1,[SP, #+4]
   \        0x8   0x6001             STR      R1,[R0, #+0]
   \                     ??IOMUXC_SetPinConfig_0: (+1)
   \        0xA   0x4770             BX       LR               ;; return
     26          #include "pin_mux.h"
     27          
     28          /* FUNCTION ************************************************************************************************************
     29           * 
     30           * Function Name : BOARD_InitBootPins
     31           * Description   : Calls initialization functions.
     32           * 
     33           * END ****************************************************************************************************************/

   \                                 In section .text, align 4, keep-with-next
     34          void BOARD_InitBootPins(void) {
     35              BOARD_InitPins();
   \                     BOARD_InitBootPins: (+1)
   \        0x0   0xBF00             Nop      
   \        0x2                      REQUIRE BOARD_InitPins
   \        0x2                      ;; // Fall through to label BOARD_InitPins
     36          }
     37          
     38          /*
     39           * TEXT BELOW IS USED AS SETTING FOR TOOLS *************************************
     40          BOARD_InitPins:
     41          - options: {callFromInitBoot: 'true', coreID: core0, enableClock: 'true'}
     42          - pin_list:
     43            - {pin_num: L14, peripheral: LPUART1, signal: RX, pin_signal: GPIO_AD_B0_13, software_input_on: Disable, hysteresis_enable: Disable, pull_up_down_config: Pull_Down_100K_Ohm,
     44              pull_keeper_select: Keeper, pull_keeper_enable: Enable, open_drain: Disable, speed: MHZ_100, drive_strength: R0_6, slew_rate: Slow}
     45            - {pin_num: K14, peripheral: LPUART1, signal: TX, pin_signal: GPIO_AD_B0_12, software_input_on: Disable, hysteresis_enable: Disable, pull_up_down_config: Pull_Down_100K_Ohm,
     46              pull_keeper_select: Keeper, pull_keeper_enable: Enable, open_drain: Disable, speed: MHZ_100, drive_strength: R0_6, slew_rate: Slow}
     47           * BE CAREFUL MODIFYING THIS COMMENT - IT IS YAML SETTINGS FOR TOOLS ***********
     48           */
     49          
     50          /* FUNCTION ************************************************************************************************************
     51           *
     52           * Function Name : BOARD_InitPins
     53           * Description   : Configures pin routing and optionally pin electrical features.
     54           *
     55           * END ****************************************************************************************************************/

   \                                 In section .text, align 2, keep-with-next
     56          void BOARD_InitPins(void) {
   \                     BOARD_InitPins: (+1)
   \        0x0   0xE92D 0x47FC      PUSH     {R2-R10,LR}
     57            CLOCK_EnableClock(kCLOCK_Iomuxc);           /* iomuxc clock (iomuxc_clk_enable): 0x03u */
   \        0x4   0xF240 0x4002      MOVW     R0,#+1026
   \        0x8   0x....'....        BL       CLOCK_EnableClock
     58          
     59            IOMUXC_SetPinMux(
     60                IOMUXC_GPIO_AD_B0_12_LPUART1_TX,        /* GPIO_AD_B0_12 is configured as LPUART1_TX */
     61                0U);                                    /* Software Input On Field: Input Path is determined by functionality */
   \        0xC   0x....             LDR.N    R5,??DataTable1_3  ;; 0x401f80ec
   \        0xE   0x....             LDR.N    R6,??DataTable1_4  ;; 0x401f82dc
   \       0x10   0x2000             MOVS     R0,#+0
   \       0x12   0x9001             STR      R0,[SP, #+4]
   \       0x14   0x9600             STR      R6,[SP, #+0]
   \       0x16   0x4603             MOV      R3,R0
   \       0x18   0x4602             MOV      R2,R0
   \       0x1A   0x2102             MOVS     R1,#+2
   \       0x1C   0x4628             MOV      R0,R5
   \       0x1E   0x....'....        BL       IOMUXC_SetPinMux
     62            IOMUXC_SetPinMux(
     63                IOMUXC_GPIO_AD_B0_13_LPUART1_RX,        /* GPIO_AD_B0_13 is configured as LPUART1_RX */
     64                0U);                                    /* Software Input On Field: Input Path is determined by functionality */
   \       0x22   0x....             LDR.N    R7,??DataTable1_5  ;; 0x401f80f0
   \       0x24   0x....'....        LDR.W    R8,??DataTable1_6  ;; 0x401f82e0
   \       0x28   0x2000             MOVS     R0,#+0
   \       0x2A   0x9001             STR      R0,[SP, #+4]
   \       0x2C   0xF8CD 0x8000      STR      R8,[SP, #+0]
   \       0x30   0x4603             MOV      R3,R0
   \       0x32   0x4602             MOV      R2,R0
   \       0x34   0x2102             MOVS     R1,#+2
   \       0x36   0x4638             MOV      R0,R7
   \       0x38   0x....'....        BL       IOMUXC_SetPinMux
     65            IOMUXC_SetPinConfig(
     66                IOMUXC_GPIO_AD_B0_12_LPUART1_TX,        /* GPIO_AD_B0_12 PAD functional properties : */
     67                0x10B0u);                               /* Slew Rate Field: Slow Slew Rate
   \       0x3C   0xF241 0x04B0      MOVW     R4,#+4272
   \       0x40   0x9401             STR      R4,[SP, #+4]
   \       0x42   0x9600             STR      R6,[SP, #+0]
   \       0x44   0x2300             MOVS     R3,#+0
   \       0x46   0x461A             MOV      R2,R3
   \       0x48   0x2102             MOVS     R1,#+2
   \       0x4A   0x4628             MOV      R0,R5
   \       0x4C   0x....'....        BL       IOMUXC_SetPinConfig
     68                                                           Drive Strength Field: R0/6
     69                                                           Speed Field: medium(100MHz)
     70                                                           Open Drain Enable Field: Open Drain Disabled
     71                                                           Pull / Keep Enable Field: Pull/Keeper Enabled
     72                                                           Pull / Keep Select Field: Keeper
     73                                                           Pull Up / Down Config. Field: 100K Ohm Pull Down
     74                                                           Hyst. Enable Field: Hysteresis Disabled */
     75            IOMUXC_SetPinConfig(
     76                IOMUXC_GPIO_AD_B0_13_LPUART1_RX,        /* GPIO_AD_B0_13 PAD functional properties : */
     77                0x10B0u);                               /* Slew Rate Field: Slow Slew Rate
   \       0x50   0x9401             STR      R4,[SP, #+4]
   \       0x52   0xF8CD 0x8000      STR      R8,[SP, #+0]
   \       0x56   0x2300             MOVS     R3,#+0
   \       0x58   0x461A             MOV      R2,R3
   \       0x5A   0x2102             MOVS     R1,#+2
   \       0x5C   0x4638             MOV      R0,R7
   \       0x5E   0x....'....        BL       IOMUXC_SetPinConfig
     78                                                           Drive Strength Field: R0/6
     79                                                           Speed Field: medium(100MHz)
     80                                                           Open Drain Enable Field: Open Drain Disabled
     81                                                           Pull / Keep Enable Field: Pull/Keeper Enabled
     82                                                           Pull / Keep Select Field: Keeper
     83                                                           Pull Up / Down Config. Field: 100K Ohm Pull Down
     84                                                           Hyst. Enable Field: Hysteresis Disabled */
     85          
     86          	IOMUXC_SetPinMux(
     87          		 IOMUXC_GPIO_AD_B1_06_LPUART3_TX,		 /* GPIO_AD_B1_06 is configured as LPUART3_TX */
     88          		 0U);									 /* Software Input On Field: Input Path is determined by functionality */
   \       0x62   0x....             LDR.N    R5,??DataTable1_7  ;; 0x401f8114
   \       0x64   0x....             LDR.N    R6,??DataTable1_8  ;; 0x401f853c
   \       0x66   0x....             LDR.N    R7,??DataTable1_9  ;; 0x401f8304
   \       0x68   0x2000             MOVS     R0,#+0
   \       0x6A   0x9001             STR      R0,[SP, #+4]
   \       0x6C   0x9700             STR      R7,[SP, #+0]
   \       0x6E   0x4603             MOV      R3,R0
   \       0x70   0x4632             MOV      R2,R6
   \       0x72   0x2102             MOVS     R1,#+2
   \       0x74   0x4628             MOV      R0,R5
   \       0x76   0x....'....        BL       IOMUXC_SetPinMux
     89          	 IOMUXC_SetPinMux(
     90          		 IOMUXC_GPIO_AD_B1_07_LPUART3_RX,		 /* GPIO_AD_B1_07 is configured as LPUART3_RX */
     91          		 0U);
   \       0x7A   0x....'....        LDR.W    R8,??DataTable1_10  ;; 0x401f8118
   \       0x7E   0x....'....        LDR.W    R9,??DataTable1_11  ;; 0x401f8538
   \       0x82   0x....'....        LDR.W    R10,??DataTable1_12  ;; 0x401f8308
   \       0x86   0x2000             MOVS     R0,#+0
   \       0x88   0x9001             STR      R0,[SP, #+4]
   \       0x8A   0xF8CD 0xA000      STR      R10,[SP, #+0]
   \       0x8E   0x4603             MOV      R3,R0
   \       0x90   0x464A             MOV      R2,R9
   \       0x92   0x2102             MOVS     R1,#+2
   \       0x94   0x4640             MOV      R0,R8
   \       0x96   0x....'....        BL       IOMUXC_SetPinMux
     92                   IOMUXC_SetPinConfig(
     93                IOMUXC_GPIO_AD_B1_06_LPUART3_TX,        /* GPIO_AD_B0_12 PAD functional properties : */
     94                0x10B0u);                               /* Slew Rate Field: Slow Slew Rate
   \       0x9A   0x9401             STR      R4,[SP, #+4]
   \       0x9C   0x9700             STR      R7,[SP, #+0]
   \       0x9E   0x2300             MOVS     R3,#+0
   \       0xA0   0x4632             MOV      R2,R6
   \       0xA2   0x2102             MOVS     R1,#+2
   \       0xA4   0x4628             MOV      R0,R5
   \       0xA6   0x....'....        BL       IOMUXC_SetPinConfig
     95                                                           Drive Strength Field: R0/6
     96                                                           Speed Field: medium(100MHz)
     97                                                           Open Drain Enable Field: Open Drain Disabled
     98                                                           Pull / Keep Enable Field: Pull/Keeper Enabled
     99                                                           Pull / Keep Select Field: Keeper
    100                                                           Pull Up / Down Config. Field: 100K Ohm Pull Down
    101                                                           Hyst. Enable Field: Hysteresis Disabled */
    102            IOMUXC_SetPinConfig(
    103                IOMUXC_GPIO_AD_B1_07_LPUART3_RX,        /* GPIO_AD_B0_13 PAD functional properties : */
    104                0x10B0u);                               /* Slew Rate Field: Slow Slew Rate
   \       0xAA   0x9401             STR      R4,[SP, #+4]
   \       0xAC   0xF8CD 0xA000      STR      R10,[SP, #+0]
   \       0xB0   0x2300             MOVS     R3,#+0
   \       0xB2   0x464A             MOV      R2,R9
   \       0xB4   0x2102             MOVS     R1,#+2
   \       0xB6   0x4640             MOV      R0,R8
   \       0xB8   0x....'....        BL       IOMUXC_SetPinConfig
    105                                                           Drive Strength Field: R0/6
    106                                                           Speed Field: medium(100MHz)
    107                                                           Open Drain Enable Field: Open Drain Disabled
    108                                                           Pull / Keep Enable Field: Pull/Keeper Enabled
    109                                                           Pull / Keep Select Field: Keeper
    110                                                           Pull Up / Down Config. Field: 100K Ohm Pull Down
    111                                                           Hyst. Enable Field: Hysteresis Disabled */
    112          
    113            IOMUXC_SetPinMux(
    114                IOMUXC_GPIO_AD_B0_09_GPIO1_IO09,        /* GPIO_AD_B0_09 is configured as GPIO1_IO09 */
    115                0U);                                    /* Software Input On Field: Input Path is determined by functionality */
   \       0xBC   0x....             LDR.N    R5,??DataTable1_13  ;; 0x401f80e0
   \       0xBE   0x....             LDR.N    R6,??DataTable1_14  ;; 0x401f82d0
   \       0xC0   0x2000             MOVS     R0,#+0
   \       0xC2   0x9001             STR      R0,[SP, #+4]
   \       0xC4   0x9600             STR      R6,[SP, #+0]
   \       0xC6   0x4603             MOV      R3,R0
   \       0xC8   0x4602             MOV      R2,R0
   \       0xCA   0x2105             MOVS     R1,#+5
   \       0xCC   0x4628             MOV      R0,R5
   \       0xCE   0x....'....        BL       IOMUXC_SetPinMux
    116            IOMUXC_SetPinConfig(
    117                IOMUXC_GPIO_AD_B0_09_GPIO1_IO09,        /* GPIO_AD_B0_09 PAD functional properties : */
    118                0x10B0U);                               /* Slew Rate Field: Slow Slew Rate
   \       0xD2   0x9401             STR      R4,[SP, #+4]
   \       0xD4   0x9600             STR      R6,[SP, #+0]
   \       0xD6   0x2300             MOVS     R3,#+0
   \       0xD8   0x461A             MOV      R2,R3
   \       0xDA   0x2105             MOVS     R1,#+5
   \       0xDC   0x4628             MOV      R0,R5
   \       0xDE   0x....'....        BL       IOMUXC_SetPinConfig
    119                                                           Drive Strength Field: R0/6
    120                                                           Speed Field: medium(100MHz)
    121                                                           Open Drain Enable Field: Open Drain Disabled
    122                                                           Pull / Keep Enable Field: Pull/Keeper Enabled
    123                                                           Pull / Keep Select Field: Keeper
    124                                                           Pull Up / Down Config. Field: 100K Ohm Pull Down
    125                                                           Hyst. Enable Field: Hysteresis Disabled */
    126          
    127          
    128          
    129          }
   \       0xE2   0xE8BD 0x87F3      POP      {R0,R1,R4-R10,PC}  ;; return

   \                                 In section .text, align 4, keep-with-next
   \                     ??DataTable1:
   \        0x0   0x....'....        DC32     ?_1

   \                                 In section .text, align 4, keep-with-next
   \                     ??DataTable1_1:
   \        0x0   0x....'....        DC32     ?_0

   \                                 In section .text, align 4, keep-with-next
   \                     ??DataTable1_2:
   \        0x0   0x400F'C068        DC32     0x400fc068

   \                                 In section .text, align 4, keep-with-next
   \                     ??DataTable1_3:
   \        0x0   0x401F'80EC        DC32     0x401f80ec

   \                                 In section .text, align 4, keep-with-next
   \                     ??DataTable1_4:
   \        0x0   0x401F'82DC        DC32     0x401f82dc

   \                                 In section .text, align 4, keep-with-next
   \                     ??DataTable1_5:
   \        0x0   0x401F'80F0        DC32     0x401f80f0

   \                                 In section .text, align 4, keep-with-next
   \                     ??DataTable1_6:
   \        0x0   0x401F'82E0        DC32     0x401f82e0

   \                                 In section .text, align 4, keep-with-next
   \                     ??DataTable1_7:
   \        0x0   0x401F'8114        DC32     0x401f8114

   \                                 In section .text, align 4, keep-with-next
   \                     ??DataTable1_8:
   \        0x0   0x401F'853C        DC32     0x401f853c

   \                                 In section .text, align 4, keep-with-next
   \                     ??DataTable1_9:
   \        0x0   0x401F'8304        DC32     0x401f8304

   \                                 In section .text, align 4, keep-with-next
   \                     ??DataTable1_10:
   \        0x0   0x401F'8118        DC32     0x401f8118

   \                                 In section .text, align 4, keep-with-next
   \                     ??DataTable1_11:
   \        0x0   0x401F'8538        DC32     0x401f8538

   \                                 In section .text, align 4, keep-with-next
   \                     ??DataTable1_12:
   \        0x0   0x401F'8308        DC32     0x401f8308

   \                                 In section .text, align 4, keep-with-next
   \                     ??DataTable1_13:
   \        0x0   0x401F'80E0        DC32     0x401f80e0

   \                                 In section .text, align 4, keep-with-next
   \                     ??DataTable1_14:
   \        0x0   0x401F'82D0        DC32     0x401f82d0

   \                                 In section .rodata, align 4
   \                     ?_0:
   \        0x0   0x69 0x6E          DC8 "index <= 6"
   \              0x64 0x65    
   \              0x78 0x20    
   \              0x3C 0x3D    
   \              0x20 0x36    
   \              0x00         
   \        0xB   0x00               DC8 0

   \                                 In section .rodata, align 4
   \                     ?_1:
   \        0x0   0x43 0x3A          DC8 43H, 3AH, 5CH, 44H, 65H, 76H, 65H, 6CH
   \              0x5C 0x44    
   \              0x65 0x76    
   \              0x65 0x6C    
   \        0x8   0x6F 0x70          DC8 6FH, 70H, 6DH, 65H, 6EH, 74H, 5CH, 73H
   \              0x6D 0x65    
   \              0x6E 0x74    
   \              0x5C 0x73    
   \       0x10   0x6D 0x61          DC8 6DH, 61H, 72H, 74H, 5FH, 77H, 61H, 73H
   \              0x72 0x74    
   \              0x5F 0x77    
   \              0x61 0x73    
   \       0x18   0x68 0x69          DC8 68H, 69H, 6EH, 67H, 5FH, 6DH, 61H, 63H
   \              0x6E 0x67    
   \              0x5F 0x6D    
   \              0x61 0x63    
   \       0x20   0x68 0x69          DC8 68H, 69H, 6EH, 65H, 5FH, 33H, 30H, 38H
   \              0x6E 0x65    
   \              0x5F 0x33    
   \              0x30 0x38    
   \       0x28   0x30 0x5C          DC8 30H, 5CH, 64H, 72H, 69H, 76H, 65H, 72H
   \              0x64 0x72    
   \              0x69 0x76    
   \              0x65 0x72    
   \       0x30   0x73 0x5C          DC8 73H, 5CH, 66H, 73H, 6CH, 5FH, 63H, 6CH
   \              0x66 0x73    
   \              0x6C 0x5F    
   \              0x63 0x6C    
   \       0x38   0x6F 0x63          DC8 6FH, 63H, 6BH, 2EH, 68H, 0
   \              0x6B 0x2E    
   \              0x68 0x00    
   \       0x3E   0x00 0x00          DC8 0, 0
    130          
    131          /***********************************************************************************************************************
    132           * EOF
    133           **********************************************************************************************************************/

   Maximum stack usage in bytes:

   .cstack Function
   ------- --------
       0   BOARD_InitBootPins
         0   -> BOARD_InitPins
      40   BOARD_InitPins
        40   -> CLOCK_EnableClock
        40   -> IOMUXC_SetPinConfig
        40   -> IOMUXC_SetPinMux
      16   CLOCK_ControlGate
        16   -> __aeabi_assert
        16   -> __iar_EmptyStepPoint
       0   CLOCK_EnableClock
         0   -> CLOCK_ControlGate
       0   IOMUXC_SetPinConfig
       4   IOMUXC_SetPinMux


   Section sizes:

   Bytes  Function/Label
   -----  --------------
       4  ??DataTable1
       4  ??DataTable1_1
       4  ??DataTable1_10
       4  ??DataTable1_11
       4  ??DataTable1_12
       4  ??DataTable1_13
       4  ??DataTable1_14
       4  ??DataTable1_2
       4  ??DataTable1_3
       4  ??DataTable1_4
       4  ??DataTable1_5
       4  ??DataTable1_6
       4  ??DataTable1_7
       4  ??DataTable1_8
       4  ??DataTable1_9
      12  ?_0
      64  ?_1
       2  BOARD_InitBootPins
     230  BOARD_InitPins
      58  CLOCK_ControlGate
       4  CLOCK_EnableClock
      12  IOMUXC_SetPinConfig
      28  IOMUXC_SetPinMux

 
  76 bytes in section .rodata
 394 bytes in section .text
 
 394 bytes of CODE  memory
  76 bytes of CONST memory

Errors: none
Warnings: none
