###############################################################################
#
# IAR ELF Linker V8.32.3.193/W32 for ARM                  11/Jun/2019  10:53:25
# Copyright 2007-2019 IAR Systems AB.
#
#    Output file  =  
#        C:\Development\smart_washing_machine_3080\flexspi_nor_debug\smart_wm_mk3080.out
#    Map file     =  
#        C:\Development\smart_washing_machine_3080\flexspi_nor_debug\list\smart_wm_mk3080.map
#    Command line =  
#        -f C:\Users\nxf42695\AppData\Local\Temp\1\EW1A70.tmp
#        (C:\Development\smart_washing_machine_3080\flexspi_nor_debug\obj\aes.o
#        C:\Development\smart_washing_machine_3080\flexspi_nor_debug\obj\aes_alt.o
#        C:\Development\smart_washing_machine_3080\flexspi_nor_debug\obj\aesni.o
#        C:\Development\smart_washing_machine_3080\flexspi_nor_debug\obj\arc4.o
#        C:\Development\smart_washing_machine_3080\flexspi_nor_debug\obj\aria.o
#        C:\Development\smart_washing_machine_3080\flexspi_nor_debug\obj\asn1parse.o
#        C:\Development\smart_washing_machine_3080\flexspi_nor_debug\obj\asn1write.o
#        C:\Development\smart_washing_machine_3080\flexspi_nor_debug\obj\at_api.o
#        C:\Development\smart_washing_machine_3080\flexspi_nor_debug\obj\at_conn_mbox.o
#        C:\Development\smart_washing_machine_3080\flexspi_nor_debug\obj\at_conn_mgmt.o
#        C:\Development\smart_washing_machine_3080\flexspi_nor_debug\obj\at_parser.o
#        C:\Development\smart_washing_machine_3080\flexspi_nor_debug\obj\at_tcp.o
#        C:\Development\smart_washing_machine_3080\flexspi_nor_debug\obj\awss_bind.o
#        C:\Development\smart_washing_machine_3080\flexspi_nor_debug\obj\awss_bind_statis.o
#        C:\Development\smart_washing_machine_3080\flexspi_nor_debug\obj\awss_cmp_coap.o
#        C:\Development\smart_washing_machine_3080\flexspi_nor_debug\obj\awss_cmp_mqtt.o
#        C:\Development\smart_washing_machine_3080\flexspi_nor_debug\obj\awss_dev_reset.o
#        C:\Development\smart_washing_machine_3080\flexspi_nor_debug\obj\awss_event.o
#        C:\Development\smart_washing_machine_3080\flexspi_nor_debug\obj\awss_info.o
#        C:\Development\smart_washing_machine_3080\flexspi_nor_debug\obj\awss_notify.o
#        C:\Development\smart_washing_machine_3080\flexspi_nor_debug\obj\awss_packet.o
#        C:\Development\smart_washing_machine_3080\flexspi_nor_debug\obj\awss_report.o
#        C:\Development\smart_washing_machine_3080\flexspi_nor_debug\obj\awss_timer.o
#        C:\Development\smart_washing_machine_3080\flexspi_nor_debug\obj\base64.o
#        C:\Development\smart_washing_machine_3080\flexspi_nor_debug\obj\bignum.o
#        C:\Development\smart_washing_machine_3080\flexspi_nor_debug\obj\blowfish.o
#        C:\Development\smart_washing_machine_3080\flexspi_nor_debug\obj\board.o
#        C:\Development\smart_washing_machine_3080\flexspi_nor_debug\obj\camellia.o
#        C:\Development\smart_washing_machine_3080\flexspi_nor_debug\obj\ccm.o
#        C:\Development\smart_washing_machine_3080\flexspi_nor_debug\obj\certs.o
#        C:\Development\smart_washing_machine_3080\flexspi_nor_debug\obj\chacha20.o
#        C:\Development\smart_washing_machine_3080\flexspi_nor_debug\obj\chachapoly.o
#        C:\Development\smart_washing_machine_3080\flexspi_nor_debug\obj\cipher.o
#        C:\Development\smart_washing_machine_3080\flexspi_nor_debug\obj\cipher_wrap.o
#        C:\Development\smart_washing_machine_3080\flexspi_nor_debug\obj\cJSON.o
#        C:\Development\smart_washing_machine_3080\flexspi_nor_debug\obj\clock_config.o
#        C:\Development\smart_washing_machine_3080\flexspi_nor_debug\obj\cmac.o
#        C:\Development\smart_washing_machine_3080\flexspi_nor_debug\obj\CoAPDeserialize_common.o
#        C:\Development\smart_washing_machine_3080\flexspi_nor_debug\obj\CoAPExport.o
#        C:\Development\smart_washing_machine_3080\flexspi_nor_debug\obj\CoAPMessage.o
#        C:\Development\smart_washing_machine_3080\flexspi_nor_debug\obj\CoAPMessage_common.o
#        C:\Development\smart_washing_machine_3080\flexspi_nor_debug\obj\CoAPNetwork.o
#        C:\Development\smart_washing_machine_3080\flexspi_nor_debug\obj\CoAPObserve.o
#        C:\Development\smart_washing_machine_3080\flexspi_nor_debug\obj\CoAPPlatform.o
#        C:\Development\smart_washing_machine_3080\flexspi_nor_debug\obj\CoAPResource.o
#        C:\Development\smart_washing_machine_3080\flexspi_nor_debug\obj\CoAPSerialize_common.o
#        C:\Development\smart_washing_machine_3080\flexspi_nor_debug\obj\CoAPServer.o
#        C:\Development\smart_washing_machine_3080\flexspi_nor_debug\obj\csdk.o
#        C:\Development\smart_washing_machine_3080\flexspi_nor_debug\obj\ctr_drbg.o
#        C:\Development\smart_washing_machine_3080\flexspi_nor_debug\obj\debug.o
#        C:\Development\smart_washing_machine_3080\flexspi_nor_debug\obj\des.o
#        C:\Development\smart_washing_machine_3080\flexspi_nor_debug\obj\des_alt.o
#        C:\Development\smart_washing_machine_3080\flexspi_nor_debug\obj\dev_sign_example.o
#        C:\Development\smart_washing_machine_3080\flexspi_nor_debug\obj\dev_sign_mqtt.o
#        C:\Development\smart_washing_machine_3080\flexspi_nor_debug\obj\dhm.o
#        C:\Development\smart_washing_machine_3080\flexspi_nor_debug\obj\dm_api.o
#        C:\Development\smart_washing_machine_3080\flexspi_nor_debug\obj\dm_client.o
#        C:\Development\smart_washing_machine_3080\flexspi_nor_debug\obj\dm_client_adapter.o
#        C:\Development\smart_washing_machine_3080\flexspi_nor_debug\obj\dm_cota.o
#        C:\Development\smart_washing_machine_3080\flexspi_nor_debug\obj\dm_fota.o
#        C:\Development\smart_washing_machine_3080\flexspi_nor_debug\obj\dm_ipc.o
#        C:\Development\smart_washing_machine_3080\flexspi_nor_debug\obj\dm_log_report.o
#        C:\Development\smart_washing_machine_3080\flexspi_nor_debug\obj\dm_manager.o
#        C:\Development\smart_washing_machine_3080\flexspi_nor_debug\obj\dm_message.o
#        C:\Development\smart_washing_machine_3080\flexspi_nor_debug\obj\dm_message_cache.o
#        C:\Development\smart_washing_machine_3080\flexspi_nor_debug\obj\dm_msg_process.o
#        C:\Development\smart_washing_machine_3080\flexspi_nor_debug\obj\dm_opt.o
#        C:\Development\smart_washing_machine_3080\flexspi_nor_debug\obj\dm_ota.o
#        C:\Development\smart_washing_machine_3080\flexspi_nor_debug\obj\dm_server.o
#        C:\Development\smart_washing_machine_3080\flexspi_nor_debug\obj\dm_server_adapter.o
#        C:\Development\smart_washing_machine_3080\flexspi_nor_debug\obj\dm_shadow.o
#        C:\Development\smart_washing_machine_3080\flexspi_nor_debug\obj\dm_tsl_alink.o
#        C:\Development\smart_washing_machine_3080\flexspi_nor_debug\obj\dm_utils.o
#        C:\Development\smart_washing_machine_3080\flexspi_nor_debug\obj\ecdh.o
#        C:\Development\smart_washing_machine_3080\flexspi_nor_debug\obj\ecdsa.o
#        C:\Development\smart_washing_machine_3080\flexspi_nor_debug\obj\ecjpake.o
#        C:\Development\smart_washing_machine_3080\flexspi_nor_debug\obj\ecp.o
#        C:\Development\smart_washing_machine_3080\flexspi_nor_debug\obj\ecp_alt.o
#        C:\Development\smart_washing_machine_3080\flexspi_nor_debug\obj\ecp_alt_ksdk.o
#        C:\Development\smart_washing_machine_3080\flexspi_nor_debug\obj\ecp_curves.o
#        C:\Development\smart_washing_machine_3080\flexspi_nor_debug\obj\ecp_curves_alt.o
#        C:\Development\smart_washing_machine_3080\flexspi_nor_debug\obj\entropy.o
#        C:\Development\smart_washing_machine_3080\flexspi_nor_debug\obj\entropy_poll.o
#        C:\Development\smart_washing_machine_3080\flexspi_nor_debug\obj\error.o
#        C:\Development\smart_washing_machine_3080\flexspi_nor_debug\obj\event_groups.o
#        C:\Development\smart_washing_machine_3080\flexspi_nor_debug\obj\evkbimxrt1050_flexspi_nor_config.o
#        C:\Development\smart_washing_machine_3080\flexspi_nor_debug\obj\evkbimxrt1050_sdram_ini_dcd.o
#        C:\Development\smart_washing_machine_3080\flexspi_nor_debug\obj\flexspi_hyper_flash_ops.o
#        C:\Development\smart_washing_machine_3080\flexspi_nor_debug\obj\fsl_assert.o
#        C:\Development\smart_washing_machine_3080\flexspi_nor_debug\obj\fsl_cache.o
#        C:\Development\smart_washing_machine_3080\flexspi_nor_debug\obj\fsl_clock.o
#        C:\Development\smart_washing_machine_3080\flexspi_nor_debug\obj\fsl_common.o
#        C:\Development\smart_washing_machine_3080\flexspi_nor_debug\obj\fsl_dcp.o
#        C:\Development\smart_washing_machine_3080\flexspi_nor_debug\obj\fsl_debug_console.o
#        C:\Development\smart_washing_machine_3080\flexspi_nor_debug\obj\fsl_flexspi.o
#        C:\Development\smart_washing_machine_3080\flexspi_nor_debug\obj\fsl_flexspi_nor_boot.o
#        C:\Development\smart_washing_machine_3080\flexspi_nor_debug\obj\fsl_gpio.o
#        C:\Development\smart_washing_machine_3080\flexspi_nor_debug\obj\fsl_lpuart.o
#        C:\Development\smart_washing_machine_3080\flexspi_nor_debug\obj\fsl_lpuart_freertos.o
#        C:\Development\smart_washing_machine_3080\flexspi_nor_debug\obj\fsl_str.o
#        C:\Development\smart_washing_machine_3080\flexspi_nor_debug\obj\fsl_trng.o
#        C:\Development\smart_washing_machine_3080\flexspi_nor_debug\obj\fsl_usdhc.o
#        C:\Development\smart_washing_machine_3080\flexspi_nor_debug\obj\gcm.o
#        C:\Development\smart_washing_machine_3080\flexspi_nor_debug\obj\generic_list.o
#        C:\Development\smart_washing_machine_3080\flexspi_nor_debug\obj\HAL_DTLS_mbedtls.o
#        C:\Development\smart_washing_machine_3080\flexspi_nor_debug\obj\HAL_TLS_mbedtls.o
#        C:\Development\smart_washing_machine_3080\flexspi_nor_debug\obj\havege.o
#        C:\Development\smart_washing_machine_3080\flexspi_nor_debug\obj\heap_4.o
#        C:\Development\smart_washing_machine_3080\flexspi_nor_debug\obj\hkdf.o
#        C:\Development\smart_washing_machine_3080\flexspi_nor_debug\obj\hmac_drbg.o
#        C:\Development\smart_washing_machine_3080\flexspi_nor_debug\obj\impl_gateway.o
#        C:\Development\smart_washing_machine_3080\flexspi_nor_debug\obj\impl_linkkit.o
#        C:\Development\smart_washing_machine_3080\flexspi_nor_debug\obj\impl_ntp.o
#        C:\Development\smart_washing_machine_3080\flexspi_nor_debug\obj\impl_solo.o
#        C:\Development\smart_washing_machine_3080\flexspi_nor_debug\obj\infra_cjson.o
#        C:\Development\smart_washing_machine_3080\flexspi_nor_debug\obj\infra_compat.o
#        C:\Development\smart_washing_machine_3080\flexspi_nor_debug\obj\infra_defs.o
#        C:\Development\smart_washing_machine_3080\flexspi_nor_debug\obj\infra_json_parser.o
#        C:\Development\smart_washing_machine_3080\flexspi_nor_debug\obj\infra_log.o
#        C:\Development\smart_washing_machine_3080\flexspi_nor_debug\obj\infra_md5.o
#        C:\Development\smart_washing_machine_3080\flexspi_nor_debug\obj\infra_net.o
#        C:\Development\smart_washing_machine_3080\flexspi_nor_debug\obj\infra_prt_nwk_payload.o
#        C:\Development\smart_washing_machine_3080\flexspi_nor_debug\obj\infra_report.o
#        C:\Development\smart_washing_machine_3080\flexspi_nor_debug\obj\infra_sha1.o
#        C:\Development\smart_washing_machine_3080\flexspi_nor_debug\obj\infra_sha256.o
#        C:\Development\smart_washing_machine_3080\flexspi_nor_debug\obj\infra_string.o
#        C:\Development\smart_washing_machine_3080\flexspi_nor_debug\obj\infra_timer.o
#        C:\Development\smart_washing_machine_3080\flexspi_nor_debug\obj\iotx_cm.o
#        C:\Development\smart_washing_machine_3080\flexspi_nor_debug\obj\iotx_cm_coap.o
#        C:\Development\smart_washing_machine_3080\flexspi_nor_debug\obj\iotx_cm_mqtt.o
#        C:\Development\smart_washing_machine_3080\flexspi_nor_debug\obj\iotx_mqtt_client.o
#        C:\Development\smart_washing_machine_3080\flexspi_nor_debug\obj\ksdk_mbedtls.o
#        C:\Development\smart_washing_machine_3080\flexspi_nor_debug\obj\kv.o
#        C:\Development\smart_washing_machine_3080\flexspi_nor_debug\obj\kv_adapt.o
#        C:\Development\smart_washing_machine_3080\flexspi_nor_debug\obj\kv_cli.o
#        C:\Development\smart_washing_machine_3080\flexspi_nor_debug\obj\kv_secure.o
#        C:\Development\smart_washing_machine_3080\flexspi_nor_debug\obj\linkkit_example_csdk.o
#        C:\Development\smart_washing_machine_3080\flexspi_nor_debug\obj\linkkit_example_solo.o
#        C:\Development\smart_washing_machine_3080\flexspi_nor_debug\obj\list.o
#        C:\Development\smart_washing_machine_3080\flexspi_nor_debug\obj\log.o
#        C:\Development\smart_washing_machine_3080\flexspi_nor_debug\obj\lpuart_adapter.o
#        C:\Development\smart_washing_machine_3080\flexspi_nor_debug\obj\md.o
#        C:\Development\smart_washing_machine_3080\flexspi_nor_debug\obj\md2.o
#        C:\Development\smart_washing_machine_3080\flexspi_nor_debug\obj\md4.o
#        C:\Development\smart_washing_machine_3080\flexspi_nor_debug\obj\md5.o
#        C:\Development\smart_washing_machine_3080\flexspi_nor_debug\obj\md_wrap.o
#        C:\Development\smart_washing_machine_3080\flexspi_nor_debug\obj\memory_buffer_alloc.o
#        C:\Development\smart_washing_machine_3080\flexspi_nor_debug\obj\mk3060.o
#        C:\Development\smart_washing_machine_3080\flexspi_nor_debug\obj\mqtt_api.o
#        C:\Development\smart_washing_machine_3080\flexspi_nor_debug\obj\mqtt_example_at.o
#        C:\Development\smart_washing_machine_3080\flexspi_nor_debug\obj\MQTTConnectClient.o
#        C:\Development\smart_washing_machine_3080\flexspi_nor_debug\obj\MQTTDeserializePublish.o
#        C:\Development\smart_washing_machine_3080\flexspi_nor_debug\obj\MQTTPacket.o
#        C:\Development\smart_washing_machine_3080\flexspi_nor_debug\obj\MQTTSerializePublish.o
#        C:\Development\smart_washing_machine_3080\flexspi_nor_debug\obj\MQTTSubscribeClient.o
#        C:\Development\smart_washing_machine_3080\flexspi_nor_debug\obj\MQTTUnsubscribeClient.o
#        C:\Development\smart_washing_machine_3080\flexspi_nor_debug\obj\net_sockets.o
#        C:\Development\smart_washing_machine_3080\flexspi_nor_debug\obj\nist_kw.o
#        C:\Development\smart_washing_machine_3080\flexspi_nor_debug\obj\oid.o
#        C:\Development\smart_washing_machine_3080\flexspi_nor_debug\obj\os_misc.o
#        C:\Development\smart_washing_machine_3080\flexspi_nor_debug\obj\padlock.o
#        C:\Development\smart_washing_machine_3080\flexspi_nor_debug\obj\passwd.o
#        C:\Development\smart_washing_machine_3080\flexspi_nor_debug\obj\pem.o
#        C:\Development\smart_washing_machine_3080\flexspi_nor_debug\obj\pin_mux.o
#        C:\Development\smart_washing_machine_3080\flexspi_nor_debug\obj\pk.o
#        C:\Development\smart_washing_machine_3080\flexspi_nor_debug\obj\pk_wrap.o
#        C:\Development\smart_washing_machine_3080\flexspi_nor_debug\obj\pkcs11.o
#        C:\Development\smart_washing_machine_3080\flexspi_nor_debug\obj\pkcs12.o
#        C:\Development\smart_washing_machine_3080\flexspi_nor_debug\obj\pkcs5.o
#        C:\Development\smart_washing_machine_3080\flexspi_nor_debug\obj\pkparse.o
#        C:\Development\smart_washing_machine_3080\flexspi_nor_debug\obj\pkwrite.o
#        C:\Development\smart_washing_machine_3080\flexspi_nor_debug\obj\platform.o
#        C:\Development\smart_washing_machine_3080\flexspi_nor_debug\obj\platform_util.o
#        C:\Development\smart_washing_machine_3080\flexspi_nor_debug\obj\poly1305.o
#        C:\Development\smart_washing_machine_3080\flexspi_nor_debug\obj\port.o
#        C:\Development\smart_washing_machine_3080\flexspi_nor_debug\obj\portasm.o
#        C:\Development\smart_washing_machine_3080\flexspi_nor_debug\obj\queue.o
#        C:\Development\smart_washing_machine_3080\flexspi_nor_debug\obj\ripemd160.o
#        C:\Development\smart_washing_machine_3080\flexspi_nor_debug\obj\root_ca.o
#        C:\Development\smart_washing_machine_3080\flexspi_nor_debug\obj\rsa.o
#        C:\Development\smart_washing_machine_3080\flexspi_nor_debug\obj\rsa_internal.o
#        C:\Development\smart_washing_machine_3080\flexspi_nor_debug\obj\serial_manager.o
#        C:\Development\smart_washing_machine_3080\flexspi_nor_debug\obj\serial_port_uart.o
#        C:\Development\smart_washing_machine_3080\flexspi_nor_debug\obj\sha1.o
#        C:\Development\smart_washing_machine_3080\flexspi_nor_debug\obj\sha256.o
#        C:\Development\smart_washing_machine_3080\flexspi_nor_debug\obj\sha512.o
#        C:\Development\smart_washing_machine_3080\flexspi_nor_debug\obj\ssl_cache.o
#        C:\Development\smart_washing_machine_3080\flexspi_nor_debug\obj\ssl_ciphersuites.o
#        C:\Development\smart_washing_machine_3080\flexspi_nor_debug\obj\ssl_cli.o
#        C:\Development\smart_washing_machine_3080\flexspi_nor_debug\obj\ssl_cookie.o
#        C:\Development\smart_washing_machine_3080\flexspi_nor_debug\obj\ssl_srv.o
#        C:\Development\smart_washing_machine_3080\flexspi_nor_debug\obj\ssl_ticket.o
#        C:\Development\smart_washing_machine_3080\flexspi_nor_debug\obj\ssl_tls.o
#        C:\Development\smart_washing_machine_3080\flexspi_nor_debug\obj\startup_MIMXRT1052.o
#        C:\Development\smart_washing_machine_3080\flexspi_nor_debug\obj\stream_buffer.o
#        C:\Development\smart_washing_machine_3080\flexspi_nor_debug\obj\system_MIMXRT1052.o
#        C:\Development\smart_washing_machine_3080\flexspi_nor_debug\obj\tasks.o
#        C:\Development\smart_washing_machine_3080\flexspi_nor_debug\obj\threading.o
#        C:\Development\smart_washing_machine_3080\flexspi_nor_debug\obj\timers.o
#        C:\Development\smart_washing_machine_3080\flexspi_nor_debug\obj\timing.o
#        C:\Development\smart_washing_machine_3080\flexspi_nor_debug\obj\version.o
#        C:\Development\smart_washing_machine_3080\flexspi_nor_debug\obj\version_features.o
#        C:\Development\smart_washing_machine_3080\flexspi_nor_debug\obj\washing_machine.o
#        C:\Development\smart_washing_machine_3080\flexspi_nor_debug\obj\wrapper.o
#        C:\Development\smart_washing_machine_3080\flexspi_nor_debug\obj\x509.o
#        C:\Development\smart_washing_machine_3080\flexspi_nor_debug\obj\x509_create.o
#        C:\Development\smart_washing_machine_3080\flexspi_nor_debug\obj\x509_crl.o
#        C:\Development\smart_washing_machine_3080\flexspi_nor_debug\obj\x509_crt.o
#        C:\Development\smart_washing_machine_3080\flexspi_nor_debug\obj\x509_csr.o
#        C:\Development\smart_washing_machine_3080\flexspi_nor_debug\obj\x509write_crt.o
#        C:\Development\smart_washing_machine_3080\flexspi_nor_debug\obj\x509write_csr.o
#        C:\Development\smart_washing_machine_3080\flexspi_nor_debug\obj\xtea.o
#        --redirect _Printf=_PrintfSmallNoMb --redirect _Scanf=_ScanfSmallNoMb
#        --no_out_extension -o
#        C:\Development\smart_washing_machine_3080\flexspi_nor_debug\smart_wm_mk3080.out
#        --map
#        C:\Development\smart_washing_machine_3080\flexspi_nor_debug\list\smart_wm_mk3080.map
#        --config
#        C:\Development\smart_washing_machine_3080/MIMXRT1052xxxxx_flexspi_nor.icf
#        --semihosting --entry __iar_program_start --vfe --text_out locale)
#
###############################################################################

*******************************************************************************
*** RUNTIME MODEL ATTRIBUTES
***

CppFlavor       = *
__Heap_Handler  = DLMalloc
__SystemLibrary = DLib
__dlib_version  = 6


*******************************************************************************
*** HEAP SELECTION
***

The advanced heap was selected because the application calls memory
allocation functions outside of system library functions, and there
are calls to deallocation functions in the application.


*******************************************************************************
*** PLACEMENT SUMMARY
***

"A0":  place at 0x6000'2000 { ro section .intvec };
"A1":  place at 0x6000'0000 { section .boot_hdr.conf };
"A2":  place at 0x6000'1000 { section .boot_hdr.ivt };
"A3":  place at 0x6000'1020 { ro section .boot_hdr.boot_data };
"P1":  place in [from 0x6000'2000 to 0x6000'23ff] |
                [from 0x6000'2400 to 0x63bf'ffff] { ro };
define block RW { rw };
"P2":  place in [from 0x2000'0000 to 0x2001'efff] { block RW };
define block ZI { zi };
"P3":  place in [from 0x2000'0000 to 0x2001'efff] { block ZI };
define block NCACHE_VAR { section NonCacheable, section NonCacheable.init };
"P5":  place in [from 0x2000'0000 to 0x2001'efff] { block NCACHE_VAR };
define block HEAP with size = 4K, alignment = 8 { };
"P4":  place in [from 0x2000'0000 to 0x2001'efff] { last block HEAP };
define block CSTACK with size = 4K, alignment = 8 { };
"P6":  place in [from 0x2001'f000 to 0x2001'ffff] { block CSTACK };
initialize by copy {
   rw, object flexspi_hyper_flash_ops.o, object fsl_flexspi.o,
   section .textrw };
keep {
   section .boot_hdr.conf, section .boot_hdr.ivt, section .boot_hdr.boot_data,
   section .boot_hdr.dcd_data };

No sections matched the following patterns:

  ro section .boot_hdr.dcd_data  in "A4"
  section NonCacheable           in block NCACHE_VAR
  section NonCacheable.init      in block NCACHE_VAR


  Section              Kind         Address     Size  Object
  -------              ----         -------     ----  ------
"P2-P3|P5", part 1 of 2:                       0xf6a
  RW                            0x2000'0000    0xf6a  <Block>
    RW-1                        0x2000'0000    0xf6a  <Init block>
      .rodata          inited   0x2000'0000     0x40  flexspi_hyper_flash_ops.o [1]
      .rodata          inited   0x2000'0040      0xc  flexspi_hyper_flash_ops.o [1]
      .rodata          inited   0x2000'004c      0xc  fsl_flexspi.o [1]
      .rodata          inited   0x2000'0058     0x40  fsl_flexspi.o [1]
      .rodata          inited   0x2000'0098     0x44  fsl_flexspi.o [1]
      .rodata          inited   0x2000'00dc     0x40  fsl_flexspi.o [1]
      .rodata          inited   0x2000'011c      0xc  fsl_flexspi.o [1]
      Veneer           inited   0x2000'0128      0x8  - Linker created -
      .text            inited   0x2000'0130    0x284  flexspi_hyper_flash_ops.o [1]
      Veneer           inited   0x2000'03b4      0x8  - Linker created -
      .text            inited   0x2000'03bc    0x6f0  fsl_flexspi.o [1]
      .data            inited   0x2000'0aac      0xc  cJSON.o [1]
      .data            inited   0x2000'0ab8      0x4  CoAPServer.o [1]
      .data            inited   0x2000'0abc     0x38  dev_sign_mqtt.o [1]
      .data            inited   0x2000'0af4     0xe0  dm_client.o [1]
      .data            inited   0x2000'0bd4      0x4  dm_log_report.o [1]
      .data            inited   0x2000'0bd8      0x4  dm_log_report.o [1]
      .data            inited   0x2000'0bdc     0x14  dm_opt.o [1]
      .data            inited   0x2000'0bf0      0x4  ecp_curves_alt.o [1]
      .data            inited   0x2000'0bf4     0x20  flexspi_hyper_flash_ops.o [1]
      .data            inited   0x2000'0c14    0x100  flexspi_hyper_flash_ops.o [1]
      .data            inited   0x2000'0d14      0x8  HAL_TLS_mbedtls.o [1]
      .data            inited   0x2000'0d1c     0x90  infra_compat.o [1]
      .data            inited   0x2000'0dac     0x18  infra_defs.o [1]
      .data            inited   0x2000'0dc4     0x18  infra_defs.o [1]
      .data            inited   0x2000'0ddc     0x1c  infra_prt_nwk_payload.o [1]
      .data            inited   0x2000'0df8      0x4  infra_report.o [1]
      .data            inited   0x2000'0dfc      0x8  infra_string.o [1]
      .data            inited   0x2000'0e04     0x14  mk3060.o [1]
      .data            inited   0x2000'0e18     0x10  mk3060.o [1]
      .data            inited   0x2000'0e28      0x4  platform.o [1]
      .data            inited   0x2000'0e2c      0x4  platform.o [1]
      .data            inited   0x2000'0e30      0x4  platform_util.o [1]
      .data            inited   0x2000'0e34      0x4  port.o [1]
      .data            inited   0x2000'0e38      0x4  root_ca.o [1]
      .data            inited   0x2000'0e3c     0x18  ssl_tls.o [1]
      .data            inited   0x2000'0e54      0xc  ssl_tls.o [1]
      .data            inited   0x2000'0e60      0xc  ssl_tls.o [1]
      .data            inited   0x2000'0e6c      0x4  ssl_tls.o [1]
      .data            inited   0x2000'0e70      0x4  system_MIMXRT1052.o [1]
      .data            inited   0x2000'0e74     0x58  washing_machine.o [1]
      .data            inited   0x2000'0ecc     0x44  washing_machine.o [1]
      .data            inited   0x2000'0f10     0x18  wrapper.o [1]
      .data            inited   0x2000'0f28     0x38  xlocale_c.o [2]
      .data            inited   0x2000'0f60      0x8  rand.o [2]
      .rodata          inited   0x2000'0f68      0x2  fsl_flexspi.o [1]
                              - 0x2000'0f6a    0xf6a

"P2-P3|P5", part 2 of 2:                     0x157a8
  ZI                            0x2000'0f6c  0x157a8  <Block>
    .bss               zero     0x2000'0f6c    0x138  at_conn_mgmt.o [1]
    .bss               zero     0x2000'10a4      0x4  at_conn_mgmt.o [1]
    .bss               zero     0x2000'10a8      0x4  at_conn_mgmt.o [1]
    .bss               zero     0x2000'10ac     0x14  at_parser.o [1]
    .bss               zero     0x2000'10c0     0xc8  at_parser.o [1]
    .bss               zero     0x2000'1188    0x200  at_parser.o [1]
    .bss               zero     0x2000'1388      0x4  awss_bind.o [1]
    .bss               zero     0x2000'138c      0x4  awss_bind.o [1]
    .bss               zero     0x2000'1390     0x1c  awss_bind_statis.o [1]
    .bss               zero     0x2000'13ac      0x4  awss_bind_statis.o [1]
    .bss               zero     0x2000'13b0      0x4  awss_bind_statis.o [1]
    .bss               zero     0x2000'13b4      0x4  awss_bind_statis.o [1]
    .bss               zero     0x2000'13b8      0x4  awss_cmp_coap.o [1]
    .bss               zero     0x2000'13bc      0x4  awss_dev_reset.o [1]
    .bss               zero     0x2000'13c0      0x4  awss_notify.o [1]
    .bss               zero     0x2000'13c4      0x8  awss_notify.o [1]
    .bss               zero     0x2000'13cc      0x4  awss_notify.o [1]
    .bss               zero     0x2000'13d0      0x4  awss_notify.o [1]
    .bss               zero     0x2000'13d4      0x4  awss_notify.o [1]
    .bss               zero     0x2000'13d8      0x4  awss_notify.o [1]
    .bss               zero     0x2000'13dc      0x4  awss_notify.o [1]
    .bss               zero     0x2000'13e0      0x4  awss_report.o [1]
    .bss               zero     0x2000'13e4      0x4  awss_report.o [1]
    .bss               zero     0x2000'13e8      0x8  cJSON.o [1]
    .bss               zero     0x2000'13f0      0x4  CoAPServer.o [1]
    .bss               zero     0x2000'13f4      0x4  CoAPServer.o [1]
    .bss               zero     0x2000'13f8      0x4  CoAPServer.o [1]
    .bss               zero     0x2000'13fc      0x4  CoAPServer.o [1]
    .bss               zero     0x2000'1400      0x4  CoAPServer.o [1]
    .bss               zero     0x2000'1404      0x4  debug.o [1]
    .bss               zero     0x2000'1408     0x10  dm_api.o [1]
    .bss               zero     0x2000'1418      0x4  dm_client.o [1]
    .bss               zero     0x2000'141c      0xc  dm_client_adapter.o [1]
    .bss               zero     0x2000'1428     0x14  dm_ipc.o [1]
    .bss               zero     0x2000'143c      0x4  dm_log_report.o [1]
    .bss               zero     0x2000'1440      0x4  dm_log_report.o [1]
    .bss               zero     0x2000'1444      0x4  dm_log_report.o [1]
    .bss               zero     0x2000'1448     0x40  dm_log_report.o [1]
    .bss               zero     0x2000'1488      0x4  dm_log_report.o [1]
    .bss               zero     0x2000'148c     0x10  dm_manager.o [1]
    .bss               zero     0x2000'149c      0x4  dm_manager.o [1]
    .bss               zero     0x2000'14a0      0x4  dm_message.o [1]
    .bss               zero     0x2000'14a4     0x10  dm_message_cache.o [1]
    .bss               zero     0x2000'14b4      0x4  ecp_alt.o [1]
    .bss               zero     0x2000'14b8      0x4  ecp_alt.o [1]
    .bss               zero     0x2000'14bc      0x4  ecp_alt.o [1]
    .bss               zero     0x2000'14c0      0x4  ecp_alt.o [1]
    .bss               zero     0x2000'14c4      0x4  fsl_clock.o [1]
    .bss               zero     0x2000'14c8      0x4  fsl_clock.o [1]
    .bss               zero     0x2000'14cc     0x1c  fsl_debug_console.o [1]
    .bss               zero     0x2000'14e8      0x4  fsl_debug_console.o [1]
    .bss               zero     0x2000'14ec     0x24  fsl_lpuart.o [1]
    .bss               zero     0x2000'1510      0x4  fsl_lpuart.o [1]
    .bss               zero     0x2000'1514      0xc  fsl_usdhc.o [1]
    .bss               zero     0x2000'1520      0x4  fsl_usdhc.o [1]
    .bss               zero     0x2000'1524      0x4  HAL_TLS_mbedtls.o [1]
    .bss               zero     0x2000'1528      0x4  HAL_TLS_mbedtls.o [1]
    .bss               zero     0x2000'152c      0x4  HAL_TLS_mbedtls.o [1]
    .bss               zero     0x2000'1530  0x14000  heap_4.o [1]
    .bss               zero     0x2001'5530      0x8  heap_4.o [1]
    .bss               zero     0x2001'5538      0x4  heap_4.o [1]
    .bss               zero     0x2001'553c      0x4  heap_4.o [1]
    .bss               zero     0x2001'5540      0x4  heap_4.o [1]
    .bss               zero     0x2001'5544      0x4  heap_4.o [1]
    .bss               zero     0x2001'5548     0x18  impl_linkkit.o [1]
    .bss               zero     0x2001'5560      0x4  impl_linkkit.o [1]
    .bss               zero     0x2001'5564     0x10  infra_compat.o [1]
    .bss               zero     0x2001'5574     0x18  infra_compat.o [1]
    .bss               zero     0x2001'558c      0x4  infra_compat.o [1]
    .bss               zero     0x2001'5590      0x4  infra_report.o [1]
    .bss               zero     0x2001'5594      0x4  infra_report.o [1]
    .bss               zero     0x2001'5598      0x4  infra_string.o [1]
    .bss               zero     0x2001'559c      0x4  infra_string.o [1]
    .bss               zero     0x2001'55a0      0x4  iotx_cm.o [1]
    .bss               zero     0x2001'55a4      0xc  iotx_cm.o [1]
    .bss               zero     0x2001'55b0      0x4  iotx_cm.o [1]
    .bss               zero     0x2001'55b4      0x4  iotx_cm_mqtt.o [1]
    .bss               zero     0x2001'55b8      0x4  iotx_mqtt_client.o [1]
    .bss               zero     0x2001'55bc     0x90  kv.o [1]
    .bss               zero     0x2001'564c      0x4  kv_adapt.o [1]
    .bss               zero     0x2001'5650    0x200  kv_adapt.o [1]
    .bss               zero     0x2001'5850      0x4  log.o [1]
    .bss               zero     0x2001'5854      0x4  log.o [1]
    .bss               zero     0x2001'5858    0x200  log.o [1]
    .bss               zero     0x2001'5a58    0x100  log.o [1]
    .bss               zero     0x2001'5b58    0x1b0  mk3060.o [1]
    .bss               zero     0x2001'5d08     0x3c  mk3060.o [1]
    .bss               zero     0x2001'5d44      0x4  mk3060.o [1]
    .bss               zero     0x2001'5d48     0x10  mk3060.o [1]
    .bss               zero     0x2001'5d58      0x4  mk3060.o [1]
    .bss               zero     0x2001'5d5c      0x4  mk3060.o [1]
    .bss               zero     0x2001'5d60      0x8  mk3060.o [1]
    .bss               zero     0x2001'5d68      0x4  mk3060.o [1]
    .bss               zero     0x2001'5d6c      0x4  mqtt_api.o [1]
    .bss               zero     0x2001'5d70    0x18c  mqtt_api.o [1]
    .bss               zero     0x2001'5efc     0x10  mqtt_api.o [1]
    .bss               zero     0x2001'5f0c      0x4  MQTTPacket.o [1]
    .bss               zero     0x2001'5f10      0x4  os_misc.o [1]
    .bss               zero     0x2001'5f14     0x10  passwd.o [1]
    .bss               zero     0x2001'5f24      0x4  port.o [1]
    .bss               zero     0x2001'5f28     0x40  queue.o [1]
    .bss               zero     0x2001'5f68    0x164  ssl_ciphersuites.o [1]
    .bss               zero     0x2001'60cc      0x4  ssl_ciphersuites.o [1]
    .bss               zero     0x2001'60d0      0x4  tasks.o [1]
    .bss               zero     0x2001'60d4     0x64  tasks.o [1]
    .bss               zero     0x2001'6138     0x14  tasks.o [1]
    .bss               zero     0x2001'614c     0x14  tasks.o [1]
    .bss               zero     0x2001'6160      0x4  tasks.o [1]
    .bss               zero     0x2001'6164      0x4  tasks.o [1]
    .bss               zero     0x2001'6168     0x14  tasks.o [1]
    .bss               zero     0x2001'617c     0x14  tasks.o [1]
    .bss               zero     0x2001'6190      0x4  tasks.o [1]
    .bss               zero     0x2001'6194     0x14  tasks.o [1]
    .bss               zero     0x2001'61a8      0x4  tasks.o [1]
    .bss               zero     0x2001'61ac      0x4  tasks.o [1]
    .bss               zero     0x2001'61b0      0x4  tasks.o [1]
    .bss               zero     0x2001'61b4      0x4  tasks.o [1]
    .bss               zero     0x2001'61b8      0x4  tasks.o [1]
    .bss               zero     0x2001'61bc      0x4  tasks.o [1]
    .bss               zero     0x2001'61c0      0x4  tasks.o [1]
    .bss               zero     0x2001'61c4      0x4  tasks.o [1]
    .bss               zero     0x2001'61c8      0x4  tasks.o [1]
    .bss               zero     0x2001'61cc      0x4  tasks.o [1]
    .bss               zero     0x2001'61d0      0x4  tasks.o [1]
    .bss               zero     0x2001'61d4     0x14  timers.o [1]
    .bss               zero     0x2001'61e8     0x14  timers.o [1]
    .bss               zero     0x2001'61fc      0x4  timers.o [1]
    .bss               zero     0x2001'6200      0x4  timers.o [1]
    .bss               zero     0x2001'6204      0x4  timers.o [1]
    .bss               zero     0x2001'6208      0x4  timers.o [1]
    .bss               zero     0x2001'620c      0x4  timers.o [1]
    .bss               zero     0x2001'6210     0x10  washing_machine.o [1]
    .bss               zero     0x2001'6220     0x28  wrapper.o [1]
    .bss               zero     0x2001'6248     0x30  wrapper.o [1]
    .bss               zero     0x2001'6278    0x200  wrapper.o [1]
    .bss               zero     0x2001'6478      0x4  wrapper.o [1]
    .bss               zero     0x2001'647c     0x84  rand.o [2]
    .bss               zero     0x2001'6500     0x18  dlmalloc.o [2]
    .bss               zero     0x2001'6518    0x1d8  dlmalloc.o [2]
    .bss               zero     0x2001'66f0      0x4  xgetmemchunk.o [2]
    .bss               zero     0x2001'66f4      0x4  xfail_s.o [2]
    .bss               zero     0x2001'66f8      0x2  awss_dev_reset.o [1]
    .bss               zero     0x2001'66fa      0x2  ecp_alt.o [1]
    .bss               zero     0x2001'66fc      0x2  log.o [1]
    .bss               zero     0x2001'66fe      0x2  log.o [1]
    .bss               zero     0x2001'6700      0x1  at_parser.o [1]
    .bss               zero     0x2001'6701      0x1  awss_cmp_mqtt.o [1]
    .bss               zero     0x2001'6702      0x1  awss_dev_reset.o [1]
    .bss               zero     0x2001'6703      0x1  awss_notify.o [1]
    .bss               zero     0x2001'6704      0x1  awss_notify.o [1]
    .bss               zero     0x2001'6705      0x1  awss_report.o [1]
    .bss               zero     0x2001'6706      0x1  awss_report.o [1]
    .bss               zero     0x2001'6707      0x1  awss_report.o [1]
    .bss               zero     0x2001'6708      0x1  dm_log_report.o [1]
    .bss               zero     0x2001'6709      0x1  infra_compat.o [1]
    .bss               zero     0x2001'670a      0x1  log.o [1]
    .bss               zero     0x2001'670b      0x1  log.o [1]
    .bss               zero     0x2001'670c      0x1  mk3060.o [1]
    .bss               zero     0x2001'670d      0x1  mk3060.o [1]
    .bss               zero     0x2001'670e      0x1  mk3060.o [1]
    .bss               zero     0x2001'670f      0x1  port.o [1]
    .bss               zero     0x2001'6710      0x1  wrapper.o [1]
                              - 0x2001'6714  0x157a8

"P4":                                         0x1000
  HEAP                          0x2001'6718   0x1000  <Block>
    HEAP               uninit   0x2001'6718   0x1000  <Block tail>
                              - 0x2001'7718   0x1000

"P6":                                         0x1000
  CSTACK                        0x2001'f000   0x1000  <Block>
    CSTACK             uninit   0x2001'f000   0x1000  <Block tail>
                              - 0x2002'0000   0x1000

"A1":                                          0x200
  .boot_hdr.conf       const    0x6000'0000    0x200  evkbimxrt1050_flexspi_nor_config.o [1]
                              - 0x6000'0200    0x200

"A2":                                           0x20
  .boot_hdr.ivt        const    0x6000'1000     0x20  fsl_flexspi_nor_boot.o [1]
                              - 0x6000'1020     0x20

"A3":                                           0x10
  .boot_hdr.boot_data  const    0x6000'1020     0x10  fsl_flexspi_nor_boot.o [1]
                              - 0x6000'1030     0x10

"A0":                                          0x400
  .intvec              ro code  0x6000'2000    0x400  startup_MIMXRT1052.o [1]
                              - 0x6000'2400    0x400

"P1":                                        0x4fac9
  .text                ro code  0x6000'2400   0x7330  ssl_tls.o [1]
  .text                ro code  0x6000'9730    0x650  debug.o [1]
  .text                ro code  0x6000'9d80    0x2f6  md.o [1]
  .text                ro code  0x6000'a076     0x3a  zero_init3.o [4]
  .text                ro code  0x6000'a0b0     0x36  strlen.o [4]
  .text                ro code  0x6000'a0e6     0x1a  xsnprout.o [2]
  .text                ro code  0x6000'a100     0xa6  ABImemcpy.o [4]
  .text                ro code  0x6000'a1a6      0xa  xsprout.o [2]
  .text                ro code  0x6000'a1b0     0x10  platform_util.o [1]
  .text                ro code  0x6000'a1c0    0x914  cipher.o [1]
  .text                ro code  0x6000'aad4     0xec  ssl_ciphersuites.o [1]
  .text                ro code  0x6000'abc0    0xb54  md5.o [1]
  .text                ro code  0x6000'b714   0x130c  sha1.o [1]
  .text                ro code  0x6000'ca20    0xda0  sha256.o [1]
  .text                ro code  0x6000'd7c0   0x13d6  sha512.o [1]
  .rodata              const    0x6000'eb96      0x2  dev_sign_mqtt.o [1]
  .text                ro code  0x6000'eb98     0x66  ABImemset.o [4]
  .rodata              const    0x6000'ebfe      0x2  dev_sign_mqtt.o [1]
  .text                ro code  0x6000'ec00    0x5f0  dhm.o [1]
  .text                ro code  0x6000'f1f0    0x290  ecdh.o [1]
  .text                ro code  0x6000'f480     0x96  ABImemmove.o [4]
  .rodata              const    0x6000'f516      0x2  dev_sign_mqtt.o [1]
  .text                ro code  0x6000'f518     0x20  platform.o [1]
  .text                ro code  0x6000'f538     0x68  memcmp.o [4]
  .text                ro code  0x6000'f5a0     0x3a  ABImemset48.o [4]
  .rodata              const    0x6000'f5da      0x2  fsl_trng.o [1]
  .text                ro code  0x6000'f5dc     0x1e  U64Shr.o [4]
  .rodata              const    0x6000'f5fa      0x2  oid.o [1]
  .text                ro code  0x6000'f5fc     0x22  I64Shl.o [4]
  .rodata              const    0x6000'f61e      0x2  oid.o [1]
  .text                ro code  0x6000'f620   0x199c  x509_crt.o [1]
  .text                ro code  0x6001'0fbc    0x31c  pk.o [1]
  .text                ro code  0x6001'12d8   0x1d78  bignum.o [1]
  .text                ro code  0x6001'3050   0x344c  ssl_cli.o [1]
  .text                ro code  0x6001'649c   0x3a08  ssl_srv.o [1]
  .text                ro code  0x6001'9ea4   0x1bd0  ecp_alt.o [1]
  .text                ro code  0x6001'ba74     0x3c  vsnprint.o [2]
  .text                ro code  0x6001'bab0     0x44  snprintf.o [2]
  .text                ro code  0x6001'baf4    0x6fc  gcm.o [1]
  .text                ro code  0x6001'c1f0    0x464  ccm.o [1]
  .text                ro code  0x6001'c654    0x38e  asn1parse.o [1]
  .rodata              const    0x6001'c9e2      0x2  oid.o [1]
  .text                ro code  0x6001'c9e4    0x974  x509.o [1]
  .text                ro code  0x6001'd358    0x390  oid.o [1]
  .text                ro code  0x6001'd6e8    0xe14  pkparse.o [1]
  .text                ro code  0x6001'e4fc     0x30  strstr.o [2]
  .text                ro code  0x6001'e52c    0x5b4  pem.o [1]
  .text                ro code  0x6001'eae0   0x156c  rsa.o [1]
  .text                ro code  0x6002'004c    0x274  I64DivMod.o [4]
  .text                ro code  0x6002'02c0    0x5be  ecp_curves_alt.o [1]
  .text                ro code  0x6002'087e      0x2  startup_MIMXRT1052.o [1]
  .text                ro code  0x6002'0880    0x4d0  xprintfsmall_nomb.o [2]
  .text                ro code  0x6002'0d50    0x3fc  pkcs12.o [1]
  .text                ro code  0x6002'114c    0x328  pkcs5.o [1]
  .text                ro code  0x6002'1474     0x16  strchr.o [4]
  .text                ro code  0x6002'148a      0x2  startup_MIMXRT1052.o [1]
  .text                ro code  0x6002'148c    0xc18  des.o [1]
  .text                ro code  0x6002'20a4    0xcb4  aes.o [1]
  .text                ro code  0x6002'2d58    0x148  base64.o [1]
  .text                ro code  0x6002'2ea0    0x5e4  rsa_internal.o [1]
  .text                ro code  0x6002'3484      0x2  I64DivZer.o [4]
  .text                ro code  0x6002'3486      0x2  startup_MIMXRT1052.o [1]
  .text                ro code  0x6002'3488     0x40  xfail_s.o [2]
  .text                ro code  0x6002'34c8     0x58  memchr.o [4]
  .text                ro code  0x6002'3520      0x6  abort.o [2]
  .text                ro code  0x6002'3526      0x2  startup_MIMXRT1052.o [1]
  .text                ro code  0x6002'3528     0x14  exit.o [5]
  .text                ro code  0x6002'353c   0x1dd4  iotx_mqtt_client.o [1]
  .text                ro code  0x6002'5310    0x318  wrapper.o [1]
  .text                ro code  0x6002'5628     0x7e  infra_timer.o [1]
  .text                ro code  0x6002'56a6      0x2  startup_MIMXRT1052.o [1]
  .text                ro code  0x6002'56a8     0xf8  infra_net.o [1]
  .text                ro code  0x6002'57a0    0x23c  MQTTConnectClient.o [1]
  .text                ro code  0x6002'59dc    0x1fe  MQTTPacket.o [1]
  .text                ro code  0x6002'5bda     0xc6  MQTTDeserializePublish.o [1]
  .text                ro code  0x6002'5ca0    0x12e  MQTTSubscribeClient.o [1]
  .text                ro code  0x6002'5dce      0x2  startup_MIMXRT1052.o [1]
  .text                ro code  0x6002'5dd0    0x118  MQTTSerializePublish.o [1]
  .text                ro code  0x6002'5ee8    0x298  infra_prt_nwk_payload.o [1]
  .text                ro code  0x6002'6180    0x3a0  dm_log_report.o [1]
  .text                ro code  0x6002'6520     0xc6  MQTTUnsubscribeClient.o [1]
  .text                ro code  0x6002'65e6     0x28  strncmp.o [2]
  .rodata              const    0x6002'660e      0x1  evkbimxrt1050_sdram_ini_dcd.o [1]
  .rodata              const    0x6002'660f      0x1  MQTTSerializePublish.o [1]
  .text                ro code  0x6002'6610     0x70  strncpy.o [4]
  .text                ro code  0x6002'6680    0x1c8  infra_string.o [1]
  .text                ro code  0x6002'6848    0x2d8  board.o [1]
  .text                ro code  0x6002'6b20    0x2ca  fsl_lpuart_freertos.o [1]
  .rodata              const    0x6002'6dea      0x1  MQTTSerializePublish.o [1]
  .rodata              const    0x6002'6deb      0x1  ssl_ciphersuites.o [1]
  .text                ro code  0x6002'6dec    0x238  heap_4.o [1]
  .text                ro code  0x6002'7024    0xa40  kv.o [1]
  .text                ro code  0x6002'7a64    0x8aa  queue.o [1]
  .rodata              const    0x6002'830e      0x1  ssl_tls.o [1]
  .text                ro code  0x6002'8310    0x51e  fsl_trng.o [1]
  .text                ro code  0x6002'8830    0xc0c  tasks.o [1]
  .text                ro code  0x6002'943c    0x4ac  timers.o [1]
  .text                ro code  0x6002'98e8    0x7e0  HAL_TLS_mbedtls.o [1]
  .text                ro code  0x6002'a0c8    0x92e  infra_cjson.o [1]
  .text                ro code  0x6002'a9f8    0x278  log.o [1]
  .text                ro code  0x6002'ac70    0x270  dm_utils.o [1]
  .text                ro code  0x6002'aee0    0xbac  dm_manager.o [1]
  .text                ro code  0x6002'ba8c      0x6  ABImemclr4.o [4]
  .text                ro code  0x6002'ba94    0x490  dm_api.o [1]
  .text                ro code  0x6002'bf24    0x410  fsl_clock.o [1]
  .text                ro code  0x6002'c334    0x294  event_groups.o [1]
  .text                ro code  0x6002'c5c8    0xb9c  fsl_lpuart.o [1]
  Veneer               ro code  0x6002'd164      0x8  - Linker created -
  Veneer               ro code  0x6002'd16c      0x8  - Linker created -
  .text                ro code  0x6002'd174    0x21c  kv_adapt.o [1]
  .text                ro code  0x6002'd390      0x2  kv_cli.o [1]
  .text                ro code  0x6002'd394    0x248  port.o [1]
  .text                ro code  0x6002'd5dc     0x92  list.o [1]
  .text                ro code  0x6002'd670     0x18  fsl_assert.o [1]
  .text                ro code  0x6002'd688    0x54e  at_conn_mgmt.o [1]
  .text                ro code  0x6002'dbd8    0x150  iar_Stoulx.o [2]
  .text                ro code  0x6002'dd28     0xa4  rand.o [2]
  .text                ro code  0x6002'ddcc   0x1138  error.o [1]
  .text                ro code  0x6002'ef04     0x40  sprintf.o [2]
  .text                ro code  0x6002'ef44    0x436  strto64.o [3]
  .text                ro code  0x6002'f37a    0x604  fsl_str.o [1]
  Veneer               ro code  0x6002'f980      0x8  - Linker created -
  .text                ro code  0x6002'f988    0x100  csdk.o [1]
  .text                ro code  0x6002'fa88      0x4  infra_log.o [1]
  .text                ro code  0x6002'fa8c    0x14a  dm_client_adapter.o [1]
  .text                ro code  0x6002'fbd8    0x1a0  infra_report.o [1]
  .text                ro code  0x6002'fd78    0xf38  dm_message.o [1]
  .text                ro code  0x6003'0cb0     0x9c  dm_opt.o [1]
  .text                ro code  0x6003'0d4c    0x2a8  dm_message_cache.o [1]
  .text                ro code  0x6003'0ff4    0x1a4  dm_ipc.o [1]
  .text                ro code  0x6003'1198    0x440  dm_client.o [1]
  .text                ro code  0x6003'15d8     0xd4  fsl_debug_console.o [1]
  .text                ro code  0x6003'16ac     0x32  fsl_cache.o [1]
  CODE                 ro code  0x6003'16e0     0xb0  portasm.o [1]
  .text                ro code  0x6003'1790    0x26c  at_conn_mbox.o [1]
  .text                ro code  0x6003'19fc   0x1410  mk3060.o [1]
  .text                ro code  0x6003'2e0c     0x7c  frexp.o [3]
  .text                ro code  0x6003'2e88     0xf0  ldexp.o [3]
  .text                ro code  0x6003'2f78    0x120  iar_Stopfx.o [2]
  .text                ro code  0x6003'3098    0x1c4  iar_Stoflt.o [2]
  .text                ro code  0x6003'325c    0x214  iar_Stoxflt.o [2]
  .text                ro code  0x6003'3470    0x18c  pin_mux.o [1]
  .text                ro code  0x6003'35fc    0x7cc  clock_config.o [1]
  .text                ro code  0x6003'3dc8    0x198  fsl_gpio.o [1]
  .text                ro code  0x6003'3f60    0xc98  washing_machine.o [1]
  .text                ro code  0x6003'4bf8    0x2f4  iotx_cm.o [1]
  .text                ro code  0x6003'4eec     0xac  awss_bind.o [1]
  .text                ro code  0x6003'4f98    0x534  dm_msg_process.o [1]
  .text                ro code  0x6003'54cc     0xa4  serial_manager.o [1]
  .text                ro code  0x6003'5570    0x988  at_parser.o [1]
  .text                ro code  0x6003'5ef8     0x26  at_api.o [1]
  .text                ro code  0x6003'5f20     0x12  strcmp.o [4]
  .text                ro code  0x6003'5f34    0x8f4  cJSON.o [1]
  .text                ro code  0x6003'6828    0xcb0  impl_linkkit.o [1]
  .text                ro code  0x6003'74d8    0x1f4  infra_compat.o [1]
  .text                ro code  0x6003'76cc    0x470  iotx_cm_mqtt.o [1]
  .text                ro code  0x6003'7b3c     0xb0  awss_cmp_mqtt.o [1]
  .text                ro code  0x6003'7bec    0x1b8  awss_dev_reset.o [1]
  .text                ro code  0x6003'7da4    0x250  awss_report.o [1]
  .text                ro code  0x6003'7ff4    0x218  awss_cmp_coap.o [1]
  .text                ro code  0x6003'820c    0x5a4  awss_notify.o [1]
  .text                ro code  0x6003'87b0    0x214  awss_bind_statis.o [1]
  .text                ro code  0x6003'89c4     0x64  serial_port_uart.o [1]
  .text                ro code  0x6003'8a28     0x18  strcpy.o [4]
  .text                ro code  0x6003'8a40      0xc  tolower.o [2]
  .text                ro code  0x6003'8a4c      0x8  xlocale_c.o [2]
  .text                ro code  0x6003'8a54    0x604  mqtt_api.o [1]
  .text                ro code  0x6003'9058    0x1f6  awss_packet.o [1]
  .text                ro code  0x6003'9250     0x78  os_misc.o [1]
  .text                ro code  0x6003'92c8    0x374  infra_json_parser.o [1]
  .text                ro code  0x6003'963c     0x18  awss_timer.o [1]
  .text                ro code  0x6003'9654    0x39c  CoAPServer.o [1]
  .text                ro code  0x6003'99f0    0x914  CoAPMessage.o [1]
  .text                ro code  0x6003'a304     0x1e  awss_event.o [1]
  .text                ro code  0x6003'a324     0x6c  lpuart_adapter.o [1]
  .text                ro code  0x6003'a390    0x464  dev_sign_mqtt.o [1]
  .text                ro code  0x6003'a7f4    0x38e  CoAPMessage_common.o [1]
  .text                ro code  0x6003'ab82    0x134  CoAPExport.o [1]
  .text                ro code  0x6003'acb8    0x3aa  CoAPResource.o [1]
  .text                ro code  0x6003'b062    0x50e  CoAPObserve.o [1]
  .text                ro code  0x6003'b570    0x12c  CoAPPlatform.o [1]
  .text                ro code  0x6003'b69c    0x24a  CoAPSerialize_common.o [1]
  .text                ro code  0x6003'b8e6     0x8c  CoAPNetwork.o [1]
  .text                ro code  0x6003'b972    0x17c  CoAPDeserialize_common.o [1]
  .text                ro code  0x6003'baf0    0x41e  infra_sha256.o [1]
  .text                ro code  0x6003'bf10    0xaf6  infra_md5.o [1]
  .text                ro code  0x6003'ca06      0xa  isdigit.o [2]
  .text                ro code  0x6003'ca10     0x1e  isxdigit.o [2]
  .text                ro code  0x6003'ca2e      0xa  islower.o [2]
  .text                ro code  0x6003'ca38     0x14  isspace.o [2]
  .text                ro code  0x6003'ca4c   0x1d60  dlmalloc.o [2]
  .text                ro code  0x6003'e7ac     0x2c  xgetmemchunk.o [2]
  .text                ro code  0x6003'e7d8      0x6  ABImemclr.o [4]
  .rodata              const    0x6003'e7e0    0xb20  ssl_ciphersuites.o [1]
  .text                ro code  0x6003'f300    0x5c4  ecdsa.o [1]
  .text                ro code  0x6003'f8c4    0x246  hmac_drbg.o [1]
  .text                ro code  0x6003'fb0a    0x1ac  asn1write.o [1]
  .rodata              const    0x6003'fcb8    0x504  root_ca.o [1]
  .rodata              const    0x6004'01bc    0x400  aes.o [1]
  .rodata              const    0x6004'05bc    0x400  aes.o [1]
  .rodata              const    0x6004'09bc    0x400  aes.o [1]
  .rodata              const    0x6004'0dbc    0x400  aes.o [1]
  .rodata              const    0x6004'11bc    0x400  aes.o [1]
  .rodata              const    0x6004'15bc    0x400  aes.o [1]
  .rodata              const    0x6004'19bc    0x400  aes.o [1]
  .rodata              const    0x6004'1dbc    0x400  aes.o [1]
  .rodata              const    0x6004'21bc    0x340  ssl_ciphersuites.o [1]
  .text                ro code  0x6004'24fc    0x2dc  pk_wrap.o [1]
  .rodata              const    0x6004'27d8    0x2a0  bignum.o [1]
  .rodata              const    0x6004'2a78    0x280  sha512.o [1]
  .text                ro code  0x6004'2cf8    0x1f6  lz77_init.o [4]
  .rodata              const    0x6004'2ef0    0x190  oid.o [1]
  .text                ro code  0x6004'3080    0x17e  cipher_wrap.o [1]
  .text                ro code  0x6004'3200    0x14a  system_MIMXRT1052.o [1]
  .rodata              const    0x6004'334c    0x118  oid.o [1]
  .text                ro code  0x6004'3464    0x118  md_wrap.o [1]
  .rodata              const    0x6004'357c    0x100  aes.o [1]
  .rodata              const    0x6004'367c    0x100  aes.o [1]
  .rodata              const    0x6004'377c    0x100  des.o [1]
  .rodata              const    0x6004'387c    0x100  des.o [1]
  .rodata              const    0x6004'397c    0x100  des.o [1]
  .rodata              const    0x6004'3a7c    0x100  des.o [1]
  .rodata              const    0x6004'3b7c    0x100  des.o [1]
  .rodata              const    0x6004'3c7c    0x100  des.o [1]
  .rodata              const    0x6004'3d7c    0x100  des.o [1]
  .rodata              const    0x6004'3e7c    0x100  des.o [1]
  .rodata              const    0x6004'3f7c    0x100  infra_sha256.o [1]
  .rodata              const    0x6004'407c    0x100  sha256.o [1]
  .rodata              const    0x6004'417c    0x100  ssl_tls.o [1]
  .rodata              const    0x6004'427c     0xd0  infra_report.o [1]
  .rodata              const    0x6004'434c     0xc8  cipher_wrap.o [1]
  .rodata              const    0x6004'4414     0xa8  ssl_tls.o [1]
  .rodata              const    0x6004'44bc     0x8c  oid.o [1]
  .rodata              const    0x6004'4548     0x88  error.o [1]
  .rodata              const    0x6004'45d0     0x84  ssl_tls.o [1]
  .rodata              const    0x6004'4654     0x80  base64.o [1]
  .rodata              const    0x6004'46d4     0x7c  ssl_tls.o [1]
  .rodata              const    0x6004'4750     0x80  gcm.o [1]
  .rodata              const    0x6004'47d0     0x78  oid.o [1]
  .rodata              const    0x6004'4848     0x78  oid.o [1]
  .rodata              const    0x6004'48c0     0x78  ssl_tls.o [1]
  .rodata              const    0x6004'4938     0x70  oid.o [1]
  .rodata              const    0x6004'49a8     0x64  error.o [1]
  .rodata              const    0x6004'4a0c     0x64  error.o [1]
  .rodata              const    0x6004'4a70     0x60  awss_bind_statis.o [1]
  .rodata              const    0x6004'4ad0     0x60  error.o [1]
  .rodata              const    0x6004'4b30     0x60  error.o [1]
  .rodata              const    0x6004'4b90     0x60  error.o [1]
  .rodata              const    0x6004'4bf0     0x58  awss_packet.o [1]
  .rodata              const    0x6004'4c48     0x58  error.o [1]
  .rodata              const    0x6004'4ca0     0x58  error.o [1]
  .rodata              const    0x6004'4cf8     0x58  iotx_mqtt_client.o [1]
  .rodata              const    0x6004'4d50     0x58  serial_port_uart.o [1]
  .rodata              const    0x6004'4da8     0x58  ssl_cli.o [1]
  .rodata              const    0x6004'4e00     0x58  washing_machine.o [1]
  .rodata              const    0x6004'4e58     0x54  error.o [1]
  .rodata              const    0x6004'4eac     0x54  serial_manager.o [1]
  .rodata              const    0x6004'4f00     0x50  awss_packet.o [1]
  .rodata              const    0x6004'4f50     0x50  error.o [1]
  .rodata              const    0x6004'4fa0     0x50  error.o [1]
  .rodata              const    0x6004'4ff0     0x50  kv_adapt.o [1]
  .rodata              const    0x6004'5040     0x50  oid.o [1]
  .rodata              const    0x6004'5090     0x50  ssl_tls.o [1]
  .rodata              const    0x6004'50e0     0x50  ssl_tls.o [1]
  .rodata              const    0x6004'5130     0x50  iar_Stoulx.o [2]
  .rodata              const    0x6004'5180     0x4c  dm_message.o [1]
  .rodata              const    0x6004'51cc     0x4c  error.o [1]
  .rodata              const    0x6004'5218     0x4c  error.o [1]
  .rodata              const    0x6004'5264     0x4c  error.o [1]
  .rodata              const    0x6004'52b0     0x4c  lpuart_adapter.o [1]
  .rodata              const    0x6004'52fc     0x4c  ssl_cli.o [1]
  .rodata              const    0x6004'5348     0x4c  ssl_srv.o [1]
  .rodata              const    0x6004'5394     0x4c  ssl_tls.o [1]
  .rodata              const    0x6004'53e0     0x4c  ssl_tls.o [1]
  .rodata              const    0x6004'542c     0x48  dm_message.o [1]
  .rodata              const    0x6004'5474     0x48  error.o [1]
  .rodata              const    0x6004'54bc     0x48  error.o [1]
  .rodata              const    0x6004'5504     0x48  error.o [1]
  .rodata              const    0x6004'554c     0x48  error.o [1]
  .rodata              const    0x6004'5594     0x48  error.o [1]
  .rodata              const    0x6004'55dc     0x48  error.o [1]
  .rodata              const    0x6004'5624     0x48  error.o [1]
  .rodata              const    0x6004'566c     0x48  error.o [1]
  .rodata              const    0x6004'56b4     0x48  error.o [1]
  .rodata              const    0x6004'56fc     0x48  fsl_debug_console.o [1]
  .rodata              const    0x6004'5744     0x48  ssl_srv.o [1]
  .rodata              const    0x6004'578c     0x48  ssl_srv.o [1]
  .rodata              const    0x6004'57d4     0x48  ssl_tls.o [1]
  .rodata              const    0x6004'581c     0x44  dm_message.o [1]
  .rodata              const    0x6004'5860     0x48  strto64.o [3]
  .rodata              const    0x6004'58a8     0x44  error.o [1]
  .rodata              const    0x6004'58ec     0x44  error.o [1]
  .rodata              const    0x6004'5930     0x44  error.o [1]
  .rodata              const    0x6004'5974     0x44  error.o [1]
  .rodata              const    0x6004'59b8     0x44  error.o [1]
  .rodata              const    0x6004'59fc     0x44  error.o [1]
  .rodata              const    0x6004'5a40     0x44  error.o [1]
  .rodata              const    0x6004'5a84     0x44  error.o [1]
  .rodata              const    0x6004'5ac8     0x44  error.o [1]
  .rodata              const    0x6004'5b0c     0x44  error.o [1]
  .rodata              const    0x6004'5b50     0x44  error.o [1]
  .rodata              const    0x6004'5b94     0x44  error.o [1]
  .rodata              const    0x6004'5bd8     0x44  error.o [1]
  .rodata              const    0x6004'5c1c     0x44  error.o [1]
  .rodata              const    0x6004'5c60     0x44  error.o [1]
  .rodata              const    0x6004'5ca4     0x44  error.o [1]
  .rodata              const    0x6004'5ce8     0x44  error.o [1]
  .rodata              const    0x6004'5d2c     0x44  error.o [1]
  .rodata              const    0x6004'5d70     0x44  error.o [1]
  .rodata              const    0x6004'5db4     0x44  mk3060.o [1]
  .rodata              const    0x6004'5df8     0x44  ssl_cli.o [1]
  .rodata              const    0x6004'5e3c     0x44  ssl_srv.o [1]
  .rodata              const    0x6004'5e80     0x44  ssl_srv.o [1]
  .rodata              const    0x6004'5ec4     0x44  ssl_srv.o [1]
  .rodata              const    0x6004'5f08     0x44  ssl_srv.o [1]
  .rodata              const    0x6004'5f4c     0x44  ssl_tls.o [1]
  .rodata              const    0x6004'5f90     0x44  ssl_tls.o [1]
  .rodata              const    0x6004'5fd4     0x44  ssl_tls.o [1]
  .rodata              const    0x6004'6018     0x44  washing_machine.o [1]
  .rodata              const    0x6004'605c     0x40  clock_config.o [1]
  .rodata              const    0x6004'609c     0x40  des.o [1]
  .rodata              const    0x6004'60dc     0x40  des.o [1]
  .rodata              const    0x6004'611c     0x40  error.o [1]
  .rodata              const    0x6004'615c     0x40  error.o [1]
  .rodata              const    0x6004'619c     0x40  error.o [1]
  .rodata              const    0x6004'61dc     0x40  error.o [1]
  .rodata              const    0x6004'621c     0x40  error.o [1]
  .rodata              const    0x6004'625c     0x40  error.o [1]
  .rodata              const    0x6004'629c     0x40  error.o [1]
  .rodata              const    0x6004'62dc     0x40  error.o [1]
  .rodata              const    0x6004'631c     0x40  error.o [1]
  .rodata              const    0x6004'635c     0x40  error.o [1]
  .rodata              const    0x6004'639c     0x40  error.o [1]
  .rodata              const    0x6004'63dc     0x40  error.o [1]
  .rodata              const    0x6004'641c     0x40  fsl_clock.o [1]
  .rodata              const    0x6004'645c     0x40  fsl_gpio.o [1]
  .rodata              const    0x6004'649c     0x40  fsl_gpio.o [1]
  .rodata              const    0x6004'64dc     0x40  fsl_lpuart.o [1]
  .rodata              const    0x6004'651c     0x40  fsl_lpuart.o [1]
  .rodata              const    0x6004'655c     0x40  fsl_lpuart.o [1]
  .rodata              const    0x6004'659c     0x40  fsl_trng.o [1]
  .rodata              const    0x6004'65dc     0x40  fsl_trng.o [1]
  .rodata              const    0x6004'661c     0x40  HAL_TLS_mbedtls.o [1]
  .rodata              const    0x6004'665c     0x40  infra_md5.o [1]
  .rodata              const    0x6004'669c     0x40  infra_sha256.o [1]
  .rodata              const    0x6004'66dc     0x40  mk3060.o [1]
  .rodata              const    0x6004'671c     0x40  mk3060.o [1]
  .rodata              const    0x6004'675c     0x40  pin_mux.o [1]
  .rodata              const    0x6004'679c     0x40  ssl_srv.o [1]
  .rodata              const    0x6004'67dc     0x40  ssl_tls.o [1]
  .rodata              const    0x6004'681c     0x40  ssl_tls.o [1]
  .rodata              const    0x6004'685c     0x40  ssl_tls.o [1]
  .rodata              const    0x6004'689c     0x3c  error.o [1]
  .rodata              const    0x6004'68d8     0x3c  error.o [1]
  .rodata              const    0x6004'6914     0x3c  error.o [1]
  .rodata              const    0x6004'6950     0x3c  error.o [1]
  .rodata              const    0x6004'698c     0x3c  error.o [1]
  .rodata              const    0x6004'69c8     0x3c  error.o [1]
  .rodata              const    0x6004'6a04     0x3c  error.o [1]
  .rodata              const    0x6004'6a40     0x3c  error.o [1]
  .rodata              const    0x6004'6a7c     0x3c  error.o [1]
  .rodata              const    0x6004'6ab8     0x3c  error.o [1]
  .rodata              const    0x6004'6af4     0x3c  error.o [1]
  .rodata              const    0x6004'6b30     0x3c  error.o [1]
  .rodata              const    0x6004'6b6c     0x3c  error.o [1]
  .rodata              const    0x6004'6ba8     0x3c  error.o [1]
  .rodata              const    0x6004'6be4     0x3c  error.o [1]
  .rodata              const    0x6004'6c20     0x3c  fsl_gpio.o [1]
  .rodata              const    0x6004'6c5c     0x3c  fsl_trng.o [1]
  .rodata              const    0x6004'6c98     0x3c  oid.o [1]
  .rodata              const    0x6004'6cd4     0x3c  oid.o [1]
  .rodata              const    0x6004'6d10     0x3c  ssl_cli.o [1]
  .rodata              const    0x6004'6d4c     0x3c  ssl_cli.o [1]
  .rodata              const    0x6004'6d88     0x3c  ssl_cli.o [1]
  .rodata              const    0x6004'6dc4     0x3c  ssl_srv.o [1]
  .rodata              const    0x6004'6e00     0x3c  ssl_srv.o [1]
  .rodata              const    0x6004'6e3c     0x3c  ssl_tls.o [1]
  .rodata              const    0x6004'6e78     0x3c  ssl_tls.o [1]
  .rodata              const    0x6004'6eb4     0x3c  ssl_tls.o [1]
  .rodata              const    0x6004'6ef0     0x3c  ssl_tls.o [1]
  .rodata              const    0x6004'6f2c     0x3c  ssl_tls.o [1]
  .rodata              const    0x6004'6f68     0x3c  ssl_tls.o [1]
  .rodata              const    0x6004'6fa4     0x3c  ssl_tls.o [1]
  .rodata              const    0x6004'6fe0     0x3c  ssl_tls.o [1]
  .rodata              const    0x6004'701c     0x38  awss_dev_reset.o [1]
  .rodata              const    0x6004'7054     0x38  awss_notify.o [1]
  .rodata              const    0x6004'708c     0x38  dm_message.o [1]
  .rodata              const    0x6004'70c4     0x38  error.o [1]
  .rodata              const    0x6004'70fc     0x38  error.o [1]
  .rodata              const    0x6004'7134     0x38  error.o [1]
  .rodata              const    0x6004'716c     0x38  error.o [1]
  .rodata              const    0x6004'71a4     0x38  error.o [1]
  .rodata              const    0x6004'71dc     0x38  error.o [1]
  .rodata              const    0x6004'7214     0x38  error.o [1]
  .rodata              const    0x6004'724c     0x38  error.o [1]
  .rodata              const    0x6004'7284     0x38  error.o [1]
  .rodata              const    0x6004'72bc     0x38  mk3060.o [1]
  .rodata              const    0x6004'72f4     0x38  mk3060.o [1]
  .rodata              const    0x6004'732c     0x38  rsa_internal.o [1]
  .rodata              const    0x6004'7364     0x38  ssl_cli.o [1]
  .rodata              const    0x6004'739c     0x38  ssl_cli.o [1]
  .rodata              const    0x6004'73d4     0x38  ssl_srv.o [1]
  .rodata              const    0x6004'740c     0x38  ssl_srv.o [1]
  .rodata              const    0x6004'7444     0x38  ssl_tls.o [1]
  .rodata              const    0x6004'747c     0x38  ssl_tls.o [1]
  .rodata              const    0x6004'74b4     0x38  ssl_tls.o [1]
  .rodata              const    0x6004'74ec     0x38  ssl_tls.o [1]
  .rodata              const    0x6004'7524     0x38  washing_machine.o [1]
  .rodata              const    0x6004'755c     0x38  x509_crt.o [1]
  .rodata              const    0x6004'7594     0x38  x509_crt.o [1]
  .rodata              const    0x6004'75cc     0x34  awss_packet.o [1]
  .rodata              const    0x6004'7600     0x34  dm_log_report.o [1]
  .rodata              const    0x6004'7634     0x34  dm_message.o [1]
  .rodata              const    0x6004'7668     0x34  error.o [1]
  .rodata              const    0x6004'769c     0x34  error.o [1]
  .rodata              const    0x6004'76d0     0x34  error.o [1]
  .rodata              const    0x6004'7704     0x34  error.o [1]
  .rodata              const    0x6004'7738     0x34  error.o [1]
  .rodata              const    0x6004'776c     0x34  error.o [1]
  .rodata              const    0x6004'77a0     0x34  error.o [1]
  .rodata              const    0x6004'77d4     0x34  error.o [1]
  .rodata              const    0x6004'7808     0x34  error.o [1]
  .rodata              const    0x6004'783c     0x34  error.o [1]
  .rodata              const    0x6004'7870     0x34  HAL_TLS_mbedtls.o [1]
  .rodata              const    0x6004'78a4     0x34  HAL_TLS_mbedtls.o [1]
  .rodata              const    0x6004'78d8     0x34  HAL_TLS_mbedtls.o [1]
  .rodata              const    0x6004'790c     0x34  HAL_TLS_mbedtls.o [1]
  .rodata              const    0x6004'7940     0x34  HAL_TLS_mbedtls.o [1]
  .rodata              const    0x6004'7974     0x34  HAL_TLS_mbedtls.o [1]
  .rodata              const    0x6004'79a8     0x34  mk3060.o [1]
  .rodata              const    0x6004'79dc     0x34  mk3060.o [1]
  .rodata              const    0x6004'7a10     0x34  ssl_cli.o [1]
  .rodata              const    0x6004'7a44     0x34  ssl_cli.o [1]
  .rodata              const    0x6004'7a78     0x34  ssl_cli.o [1]
  .rodata              const    0x6004'7aac     0x34  ssl_cli.o [1]
  .rodata              const    0x6004'7ae0     0x34  ssl_cli.o [1]
  .rodata              const    0x6004'7b14     0x34  ssl_cli.o [1]
  .rodata              const    0x6004'7b48     0x34  ssl_srv.o [1]
  .rodata              const    0x6004'7b7c     0x34  ssl_srv.o [1]
  .rodata              const    0x6004'7bb0     0x34  ssl_tls.o [1]
  .rodata              const    0x6004'7be4     0x34  ssl_tls.o [1]
  .rodata              const    0x6004'7c18     0x34  ssl_tls.o [1]
  .rodata              const    0x6004'7c4c     0x34  ssl_tls.o [1]
  .rodata              const    0x6004'7c80     0x34  ssl_tls.o [1]
  .rodata              const    0x6004'7cb4     0x34  ssl_tls.o [1]
  .rodata              const    0x6004'7ce8     0x34  ssl_tls.o [1]
  .rodata              const    0x6004'7d1c     0x34  ssl_tls.o [1]
  .rodata              const    0x6004'7d50     0x30  dm_message.o [1]
  .rodata              const    0x6004'7d80     0x30  error.o [1]
  .rodata              const    0x6004'7db0     0x30  error.o [1]
  .rodata              const    0x6004'7de0     0x30  error.o [1]
  .rodata              const    0x6004'7e10     0x30  error.o [1]
  .rodata              const    0x6004'7e40     0x30  error.o [1]
  .rodata              const    0x6004'7e70     0x30  error.o [1]
  .rodata              const    0x6004'7ea0     0x30  error.o [1]
  .rodata              const    0x6004'7ed0     0x30  error.o [1]
  .rodata              const    0x6004'7f00     0x30  error.o [1]
  .rodata              const    0x6004'7f30     0x30  error.o [1]
  .rodata              const    0x6004'7f60     0x30  error.o [1]
  .rodata              const    0x6004'7f90     0x30  error.o [1]
  .rodata              const    0x6004'7fc0     0x30  error.o [1]
  .rodata              const    0x6004'7ff0     0x30  error.o [1]
  .rodata              const    0x6004'8020     0x30  kv_adapt.o [1]
  .rodata              const    0x6004'8050     0x30  kv_adapt.o [1]
  .rodata              const    0x6004'8080     0x30  md_wrap.o [1]
  .rodata              const    0x6004'80b0     0x30  md_wrap.o [1]
  .rodata              const    0x6004'80e0     0x30  md_wrap.o [1]
  .rodata              const    0x6004'8110     0x30  md_wrap.o [1]
  .rodata              const    0x6004'8140     0x30  md_wrap.o [1]
  .rodata              const    0x6004'8170     0x30  md_wrap.o [1]
  .rodata              const    0x6004'81a0     0x30  mk3060.o [1]
  .rodata              const    0x6004'81d0     0x30  mk3060.o [1]
  .rodata              const    0x6004'8200     0x30  mk3060.o [1]
  .rodata              const    0x6004'8230     0x30  mk3060.o [1]
  .rodata              const    0x6004'8260     0x30  pk_wrap.o [1]
  .rodata              const    0x6004'8290     0x30  pk_wrap.o [1]
  .rodata              const    0x6004'82c0     0x30  pk_wrap.o [1]
  .rodata              const    0x6004'82f0     0x30  pk_wrap.o [1]
  .rodata              const    0x6004'8320     0x30  ssl_cli.o [1]
  .rodata              const    0x6004'8350     0x30  ssl_cli.o [1]
  .rodata              const    0x6004'8380     0x30  ssl_cli.o [1]
  .rodata              const    0x6004'83b0     0x30  ssl_cli.o [1]
  .rodata              const    0x6004'83e0     0x30  ssl_cli.o [1]
  .rodata              const    0x6004'8410     0x30  ssl_cli.o [1]
  .rodata              const    0x6004'8440     0x30  ssl_cli.o [1]
  .rodata              const    0x6004'8470     0x30  ssl_cli.o [1]
  .rodata              const    0x6004'84a0     0x30  ssl_cli.o [1]
  .rodata              const    0x6004'84d0     0x30  ssl_cli.o [1]
  .rodata              const    0x6004'8500     0x30  ssl_cli.o [1]
  .rodata              const    0x6004'8530     0x30  ssl_cli.o [1]
  .rodata              const    0x6004'8560     0x30  ssl_cli.o [1]
  .rodata              const    0x6004'8590     0x30  ssl_srv.o [1]
  .rodata              const    0x6004'85c0     0x30  ssl_srv.o [1]
  .rodata              const    0x6004'85f0     0x30  ssl_srv.o [1]
  .rodata              const    0x6004'8620     0x30  ssl_srv.o [1]
  .rodata              const    0x6004'8650     0x30  ssl_srv.o [1]
  .rodata              const    0x6004'8680     0x30  ssl_srv.o [1]
  .rodata              const    0x6004'86b0     0x30  ssl_srv.o [1]
  .rodata              const    0x6004'86e0     0x30  ssl_srv.o [1]
  .rodata              const    0x6004'8710     0x30  ssl_srv.o [1]
  .rodata              const    0x6004'8740     0x30  ssl_srv.o [1]
  .rodata              const    0x6004'8770     0x30  ssl_srv.o [1]
  .rodata              const    0x6004'87a0     0x30  ssl_srv.o [1]
  .rodata              const    0x6004'87d0     0x30  ssl_tls.o [1]
  .rodata              const    0x6004'8800     0x30  ssl_tls.o [1]
  .rodata              const    0x6004'8830     0x30  ssl_tls.o [1]
  .rodata              const    0x6004'8860     0x30  ssl_tls.o [1]
  .rodata              const    0x6004'8890     0x30  ssl_tls.o [1]
  .rodata              const    0x6004'88c0     0x2c  awss_bind_statis.o [1]
  .rodata              const    0x6004'88ec     0x2c  awss_cmp_mqtt.o [1]
  .rodata              const    0x6004'8918     0x2c  dm_message.o [1]
  .rodata              const    0x6004'8944     0x2c  dm_message.o [1]
  .rodata              const    0x6004'8970     0x2c  error.o [1]
  .rodata              const    0x6004'899c     0x2c  error.o [1]
  .rodata              const    0x6004'89c8     0x2c  error.o [1]
  .rodata              const    0x6004'89f4     0x2c  error.o [1]
  .rodata              const    0x6004'8a20     0x2c  error.o [1]
  .rodata              const    0x6004'8a4c     0x2c  error.o [1]
  .rodata              const    0x6004'8a78     0x2c  error.o [1]
  .rodata              const    0x6004'8aa4     0x2c  error.o [1]
  .rodata              const    0x6004'8ad0     0x2c  error.o [1]
  .rodata              const    0x6004'8afc     0x2c  error.o [1]
  .rodata              const    0x6004'8b28     0x2c  error.o [1]
  .rodata              const    0x6004'8b54     0x2c  error.o [1]
  .rodata              const    0x6004'8b80     0x2c  error.o [1]
  .rodata              const    0x6004'8bac     0x2c  error.o [1]
  .rodata              const    0x6004'8bd8     0x2c  error.o [1]
  .rodata              const    0x6004'8c04     0x2c  error.o [1]
  .rodata              const    0x6004'8c30     0x2c  error.o [1]
  .rodata              const    0x6004'8c5c     0x2c  error.o [1]
  .rodata              const    0x6004'8c88     0x2c  error.o [1]
  .rodata              const    0x6004'8cb4     0x2c  error.o [1]
  .rodata              const    0x6004'8ce0     0x2c  error.o [1]
  .rodata              const    0x6004'8d0c     0x2c  error.o [1]
  .rodata              const    0x6004'8d38     0x2c  error.o [1]
  .rodata              const    0x6004'8d64     0x2c  error.o [1]
  .rodata              const    0x6004'8d90     0x2c  error.o [1]
  .rodata              const    0x6004'8dbc     0x2c  fsl_assert.o [1]
  .rodata              const    0x6004'8de8     0x2c  HAL_TLS_mbedtls.o [1]
  .rodata              const    0x6004'8e14     0x2c  HAL_TLS_mbedtls.o [1]
  .rodata              const    0x6004'8e40     0x2c  HAL_TLS_mbedtls.o [1]
  .rodata              const    0x6004'8e6c     0x2c  HAL_TLS_mbedtls.o [1]
  .rodata              const    0x6004'8e98     0x2c  HAL_TLS_mbedtls.o [1]
  .rodata              const    0x6004'8ec4     0x2c  HAL_TLS_mbedtls.o [1]
  .rodata              const    0x6004'8ef0     0x2c  HAL_TLS_mbedtls.o [1]
  .rodata              const    0x6004'8f1c     0x2c  mk3060.o [1]
  .rodata              const    0x6004'8f48     0x2c  mk3060.o [1]
  .rodata              const    0x6004'8f74     0x2c  mk3060.o [1]
  .rodata              const    0x6004'8fa0     0x2c  ssl_cli.o [1]
  .rodata              const    0x6004'8fcc     0x2c  ssl_cli.o [1]
  .rodata              const    0x6004'8ff8     0x2c  ssl_cli.o [1]
  .rodata              const    0x6004'9024     0x2c  ssl_cli.o [1]
  .rodata              const    0x6004'9050     0x2c  ssl_cli.o [1]
  .rodata              const    0x6004'907c     0x2c  ssl_srv.o [1]
  .rodata              const    0x6004'90a8     0x2c  ssl_srv.o [1]
  .rodata              const    0x6004'90d4     0x2c  ssl_srv.o [1]
  .rodata              const    0x6004'9100     0x2c  ssl_srv.o [1]
  .rodata              const    0x6004'912c     0x2c  ssl_srv.o [1]
  .rodata              const    0x6004'9158     0x2c  ssl_srv.o [1]
  .rodata              const    0x6004'9184     0x2c  ssl_srv.o [1]
  .rodata              const    0x6004'91b0     0x2c  ssl_tls.o [1]
  .rodata              const    0x6004'91dc     0x2c  ssl_tls.o [1]
  .rodata              const    0x6004'9208     0x2c  ssl_tls.o [1]
  .rodata              const    0x6004'9234     0x2c  ssl_tls.o [1]
  .rodata              const    0x6004'9260     0x2c  ssl_tls.o [1]
  .rodata              const    0x6004'928c     0x2c  ssl_tls.o [1]
  .rodata              const    0x6004'92b8     0x2c  ssl_tls.o [1]
  .rodata              const    0x6004'92e4     0x2c  ssl_tls.o [1]
  .rodata              const    0x6004'9310     0x28  aes.o [1]
  .rodata              const    0x6004'9338     0x28  awss_packet.o [1]
  .rodata              const    0x6004'9360     0x28  awss_report.o [1]
  .rodata              const    0x6004'9388     0x28  dm_log_report.o [1]
  .rodata              const    0x6004'93b0     0x28  error.o [1]
  .rodata              const    0x6004'93d8     0x28  error.o [1]
  .rodata              const    0x6004'9400     0x28  error.o [1]
  .rodata              const    0x6004'9428     0x28  error.o [1]
  .rodata              const    0x6004'9450     0x28  error.o [1]
  .rodata              const    0x6004'9478     0x28  error.o [1]
  .rodata              const    0x6004'94a0     0x28  error.o [1]
  .rodata              const    0x6004'94c8     0x28  error.o [1]
  .rodata              const    0x6004'94f0     0x28  error.o [1]
  .rodata              const    0x6004'9518     0x28  error.o [1]
  .rodata              const    0x6004'9540     0x28  error.o [1]
  .rodata              const    0x6004'9568     0x28  error.o [1]
  .rodata              const    0x6004'9590     0x28  error.o [1]
  .rodata              const    0x6004'95b8     0x28  error.o [1]
  .rodata              const    0x6004'95e0     0x28  error.o [1]
  .rodata              const    0x6004'9608     0x28  error.o [1]
  .rodata              const    0x6004'9630     0x28  error.o [1]
  .rodata              const    0x6004'9658     0x28  error.o [1]
  .rodata              const    0x6004'9680     0x28  error.o [1]
  .rodata              const    0x6004'96a8     0x28  error.o [1]
  .rodata              const    0x6004'96d0     0x28  error.o [1]
  .rodata              const    0x6004'96f8     0x28  error.o [1]
  .rodata              const    0x6004'9720     0x28  error.o [1]
  .rodata              const    0x6004'9748     0x28  error.o [1]
  .rodata              const    0x6004'9770     0x28  error.o [1]
  .rodata              const    0x6004'9798     0x28  error.o [1]
  .rodata              const    0x6004'97c0     0x28  error.o [1]
  .rodata              const    0x6004'97e8     0x28  error.o [1]
  .rodata              const    0x6004'9810     0x28  error.o [1]
  .rodata              const    0x6004'9838     0x28  error.o [1]
  .rodata              const    0x6004'9860     0x28  error.o [1]
  .rodata              const    0x6004'9888     0x28  error.o [1]
  .rodata              const    0x6004'98b0     0x28  error.o [1]
  .rodata              const    0x6004'98d8     0x28  error.o [1]
  .rodata              const    0x6004'9900     0x28  error.o [1]
  .rodata              const    0x6004'9928     0x28  HAL_TLS_mbedtls.o [1]
  .rodata              const    0x6004'9950     0x28  HAL_TLS_mbedtls.o [1]
  .rodata              const    0x6004'9978     0x28  HAL_TLS_mbedtls.o [1]
  .rodata              const    0x6004'99a0     0x28  HAL_TLS_mbedtls.o [1]
  .rodata              const    0x6004'99c8     0x28  HAL_TLS_mbedtls.o [1]
  .rodata              const    0x6004'99f0     0x28  HAL_TLS_mbedtls.o [1]
  .rodata              const    0x6004'9a18     0x28  infra_defs.o [1]
  .rodata              const    0x6004'9a40     0x28  infra_defs.o [1]
[...]
ssl_write_encrypted_pms
                        0x6001'4de5    0x168  Code  Lc  ssl_cli.o [1]
ssl_write_extended_ms_ext
                        0x6001'35dd     0x7e  Code  Lc  ssl_cli.o [1]
ssl_write_extended_ms_ext
                        0x6001'7f31     0x44  Code  Lc  ssl_srv.o [1]
ssl_write_hello_request
                        0x6000'8587     0x6a  Code  Lc  ssl_tls.o [1]
ssl_write_hello_verify_request
                        0x6001'8179    0x176  Code  Lc  ssl_srv.o [1]
ssl_write_hostname_ext  0x6001'30fd     0xae  Code  Lc  ssl_cli.o [1]
ssl_write_max_fragment_length_ext
                        0x6001'3467     0x84  Code  Lc  ssl_cli.o [1]
ssl_write_max_fragment_length_ext
                        0x6001'8055     0x4c  Code  Lc  ssl_srv.o [1]
ssl_write_new_session_ticket
                        0x6001'9bb5     0xe4  Code  Lc  ssl_srv.o [1]
ssl_write_real          0x6000'8b4d     0xd0  Code  Lc  ssl_tls.o [1]
ssl_write_renegotiation_ext
                        0x6001'31ab     0x8c  Code  Lc  ssl_cli.o [1]
ssl_write_renegotiation_ext
                        0x6001'7fbd     0x8e  Code  Lc  ssl_srv.o [1]
ssl_write_server_hello  0x6001'8325    0x3b4  Code  Lc  ssl_srv.o [1]
ssl_write_server_hello_done
                        0x6001'8f35     0xb6  Code  Lc  ssl_srv.o [1]
ssl_write_server_key_exchange
                        0x6001'8ded    0x13a  Code  Lc  ssl_srv.o [1]
ssl_write_session_ticket_ext
                        0x6001'365b     0xba  Code  Lc  ssl_cli.o [1]
ssl_write_session_ticket_ext
                        0x6001'7f75     0x3e  Code  Lc  ssl_srv.o [1]
ssl_write_signature_algorithms_ext
                        0x6001'3237     0xe0  Code  Lc  ssl_cli.o [1]
ssl_write_split         0x6000'8c1d     0x6e  Code  Lc  ssl_tls.o [1]
ssl_write_supported_elliptic_curves_ext
                        0x6001'3317     0xe0  Code  Lc  ssl_cli.o [1]
ssl_write_supported_point_formats_ext
                        0x6001'33f7     0x70  Code  Lc  ssl_cli.o [1]
ssl_write_supported_point_formats_ext
                        0x6001'80a1     0x48  Code  Lc  ssl_srv.o [1]
ssl_write_truncated_hmac_ext
                        0x6001'34eb     0x74  Code  Lc  ssl_cli.o [1]
ssl_write_truncated_hmac_ext
                        0x6001'7e73     0x3c  Code  Lc  ssl_srv.o [1]
start_cmd_type_str      0x2000'0e04     0x14  Data  Lc  mk3060.o [1]
stop_sample             0x6002'62d9     0x26  Code  Gb  dm_log_report.o [1]
strchr                  0x6002'1475           Code  Gb  strchr.o [4]
strcmp                  0x6003'5f21           Code  Gb  strcmp.o [4]
strcpy                  0x6003'8a29           Code  Gb  strcpy.o [4]
strlen                  0x6000'a0b1           Code  Gb  strlen.o [4]
strncmp                 0x6002'65e7     0x28  Code  Gb  strncmp.o [2]
strncpy                 0x6002'6611           Code  Gb  strncpy.o [4]
strstr                  0x6001'e4fd     0x30  Code  Gb  strstr.o [2]
strtod                  0x6002'f375      0x6  Code  Gb  strto64.o [3]
strtold                 0x6002'f375      0x6  Code  Gb  strto64.o [3]
sub32                   0x6002'03eb     0x1a  Code  Lc  ecp_curves_alt.o [1]
supported_ciphersuites  0x2001'5f68    0x164  Data  Lc  ssl_ciphersuites.o [1]
supported_init          0x2001'60cc      0x4  Data  Lc  ssl_ciphersuites.o [1]
switch_status           0x2000'1444      0x4  Data  Lc  dm_log_report.o [1]
sysPllConfig_BOARD_BootClockRUN
                        0x6004'efe8     0x14  Data  Gb  clock_config.o [1]
sys_alloc               0x6003'd00d    0x164  Code  Lc  dlmalloc.o [2]
sys_trim                0x6003'd171     0x64  Code  Lc  dlmalloc.o [2]
t_handle                0x2001'6248     0x30  Data  Gb  wrapper.o [1]
tls1_prf                0x6000'2675    0x1be  Code  Lc  ssl_tls.o [1]
tls_prf_generic         0x6000'2833    0x116  Code  Lc  ssl_tls.o [1]
tls_prf_sha256          0x6000'2949     0x20  Code  Lc  ssl_tls.o [1]
tls_prf_sha384          0x6000'2969     0x20  Code  Lc  ssl_tls.o [1]
tmalloc_large           0x6003'd687    0x386  Code  Lc  dlmalloc.o [2]
tmalloc_small           0x6003'da0d    0x200  Code  Lc  dlmalloc.o [2]
tolower                 0x6003'8a41      0xc  Code  Gb  tolower.o [2]
trng_ApplyUserConfig    0x6002'85eb    0x10a  Code  Lc  fsl_trng.o [1]
trng_GetInstance        0x6002'8355     0x30  Code  Lc  fsl_trng.o [1]
trng_ReadEntropy        0x6002'86f5     0x14  Code  Lc  fsl_trng.o [1]
trng_SetRetryCount      0x6002'840b     0x20  Code  Lc  fsl_trng.o [1]
trng_SetStatisticalCheckLimit
                        0x6002'842b    0x1c0  Code  Lc  fsl_trng.o [1]
try_realloc_chunk       0x6003'e405    0x318  Code  Lc  dlmalloc.o [2]
ucHeap                  0x2000'1530  0x14000  Data  Lc  heap_4.o [1]
ucMaxSysCallPriority    0x2001'670f      0x1  Data  Lc  port.o [1]
udp_broad_list          0x2001'5d60      0x8  Data  Gb  mk3060.o [1]
udp_broadcast_cnt       0x2001'5d68      0x4  Data  Gb  mk3060.o [1]
ulMaxPRIGROUPValue      0x2001'5f24      0x4  Data  Lc  port.o [1]
utf16_literal_to_utf8   0x6003'6119     0xe6  Code  Lc  cJSON.o [1]
utils_hmac_sha256       0x6003'be51     0xbe  Code  Gb  infra_sha256.o [1]
utils_md5               0x6003'c9d5     0x32  Code  Gb  infra_md5.o [1]
utils_md5_finish        0x6003'c801     0xbc  Code  Gb  infra_md5.o [1]
utils_md5_free          0x6003'bf2b      0xa  Code  Gb  infra_md5.o [1]
utils_md5_init          0x6003'bf23      0x8  Code  Gb  infra_md5.o [1]
utils_md5_process       0x6003'bf55    0x828  Code  Gb  infra_md5.o [1]
utils_md5_starts        0x6003'bf35     0x20  Code  Gb  infra_md5.o [1]
utils_md5_update        0x6003'c77d     0x84  Code  Gb  infra_md5.o [1]
utils_md5_zeroize       0x6003'bf11     0x12  Code  Lc  infra_md5.o [1]
utils_net_read          0x6002'5709     0x16  Code  Gb  infra_net.o [1]
utils_net_write         0x6002'571f     0x16  Code  Gb  infra_net.o [1]
utils_sha256_finish     0x6003'bd0d    0x11c  Code  Gb  infra_sha256.o [1]
utils_sha256_init       0x6003'baf1      0x8  Code  Gb  infra_sha256.o [1]
utils_sha256_process    0x6003'bb25    0x164  Code  Gb  infra_sha256.o [1]
utils_sha256_starts     0x6003'baf9     0x2c  Code  Gb  infra_sha256.o [1]
utils_sha256_update     0x6003'bc89     0x84  Code  Gb  infra_sha256.o [1]
utils_time_countdown_ms
                        0x6002'5693     0x14  Code  Gb  infra_timer.o [1]
utils_time_is_expired   0x6002'566b     0x1e  Code  Gb  infra_timer.o [1]
utils_time_spend        0x6002'5637     0x14  Code  Gb  infra_timer.o [1]
uxCriticalNesting       0x2000'0e34      0x4  Data  Lc  port.o [1]
uxCurrentNumberOfTasks  0x2001'61a8      0x4  Data  Lc  tasks.o [1]
uxDeletedTasksWaitingCleanUp
                        0x2001'6190      0x4  Data  Lc  tasks.o [1]
uxListRemove            0x6002'd649     0x26  Code  Gb  list.o [1]
uxPendedTicks           0x2001'61b8      0x4  Data  Lc  tasks.o [1]
uxSchedulerSuspended    0x2001'61d0      0x4  Data  Lc  tasks.o [1]
uxTaskNumber            0x2001'61c4      0x4  Data  Lc  tasks.o [1]
uxTaskResetEventItemValue
                        0x6002'9345     0x16  Code  Gb  tasks.o [1]
uxTopReadyPriority      0x2001'61b0      0x4  Data  Lc  tasks.o [1]
vEventGroupDelete       0x6002'c557     0x42  Code  Gb  event_groups.o [1]
vEventGroupSetBitsCallback
                        0x6002'c599      0x2  Code  Gb  event_groups.o [1]
vListInitialise         0x6002'd5dd     0x1a  Code  Gb  list.o [1]
vListInitialiseItem     0x6002'd5f7      0x6  Code  Gb  list.o [1]
vListInsert             0x6002'd615     0x34  Code  Gb  list.o [1]
vListInsertEnd          0x6002'd5fd     0x18  Code  Gb  list.o [1]
vPortEnableVFP          0x6003'1775           Code  Gb  portasm.o [1]
vPortEnterCritical      0x6002'd4af     0x34  Code  Gb  port.o [1]
vPortExitCritical       0x6002'd4e3     0x26  Code  Gb  port.o [1]
vPortFree               0x6002'6ef5     0x64  Code  Gb  heap_4.o [1]
vPortStartFirstTask     0x6003'1755           Code  Gb  portasm.o [1]
vPortValidateInterruptPriority
                        0x6002'd531     0x46  Code  Gb  port.o [1]
vQueueAddToRegistry     0x6002'8275     0x24  Code  Gb  queue.o [1]
vQueueDelete            0x6002'80f9     0x24  Code  Gb  queue.o [1]
vQueueUnregisterQueue   0x6002'829d     0x24  Code  Gb  queue.o [1]
vQueueWaitForMessageRestricted
                        0x6002'82c5     0x4a  Code  Gb  queue.o [1]
vTaskDelay              0x6002'8ac5     0x4c  Code  Gb  tasks.o [1]
vTaskDelete             0x6002'89f9     0xcc  Code  Gb  tasks.o [1]
vTaskInternalSetTimeOutState
                        0x6002'8f85     0x12  Code  Gb  tasks.o [1]
vTaskMissedYield        0x6002'9023      0xa  Code  Gb  tasks.o [1]
vTaskPlaceOnEventList   0x6002'8db9     0x30  Code  Gb  tasks.o [1]
vTaskPlaceOnEventListRestricted
                        0x6002'8e39     0x3a  Code  Gb  tasks.o [1]
vTaskPlaceOnUnorderedEventList
                        0x6002'8de9     0x50  Code  Gb  tasks.o [1]
vTaskPriorityDisinheritAfterTimeout
                        0x6002'9295     0xb0  Code  Gb  tasks.o [1]
vTaskRemoveFromUnorderedEventList
                        0x6002'8f09     0x7c  Code  Gb  tasks.o [1]
vTaskStartScheduler     0x6002'8b11     0x72  Code  Gb  tasks.o [1]
vTaskSuspendAll         0x6002'8b83      0xc  Code  Gb  tasks.o [1]
vTaskSwitchContext      0x6002'8d55     0x64  Code  Gb  tasks.o [1]
vsnprintf               0x6001'ba75     0x3c  Code  Gb  vsnprint.o [2]
wm_build_property_name_value
                        0x6003'46b9    0x282  Code  Lc  washing_machine.o [1]
wm_connected_event_handler
                        0x6003'3f61     0x2c  Code  Lc  washing_machine.o [1]
wm_connected_event_handler::__func__
                        0x6004'e170     0x1c  Data  Lc  washing_machine.o [1]
wm_cota_event_handler   0x6003'45cd     0xec  Code  Lc  washing_machine.o [1]
wm_cota_event_handler::__func__
                        0x6004'eecc     0x18  Data  Lc  washing_machine.o [1]
wm_disconnected_event_handler
                        0x6003'3f8d     0x2a  Code  Lc  washing_machine.o [1]
wm_disconnected_event_handler::__func__
                        0x6004'cfa0     0x20  Data  Lc  washing_machine.o [1]
wm_fota_event_handler   0x6003'4585     0x48  Code  Lc  washing_machine.o [1]
wm_fota_event_handler::__func__
                        0x6004'eeb4     0x18  Data  Lc  washing_machine.o [1]
wm_ib                   0x2000'0ecc     0x44  Data  Lc  washing_machine.o [1]
wm_initialized          0x6003'3fb7     0x2c  Code  Lc  washing_machine.o [1]
wm_initialized::__func__
                        0x6005'0258     0x10  Data  Lc  washing_machine.o [1]
wm_properties           0x2000'0e74     0x58  Data  Gb  washing_machine.o [1]
wm_property_hal_set     0x6003'4333     0x32  Code  Lc  washing_machine.o [1]
wm_property_ib_set      0x6003'408d    0x2a6  Code  Lc  washing_machine.o [1]
wm_property_post        0x6003'493b     0x4e  Code  Gb  washing_machine.o [1]
wm_property_set_event_handler
                        0x6003'4365     0x8c  Code  Lc  washing_machine.o [1]
wm_property_set_event_handler::__func__
                        0x6004'cfe0     0x20  Data  Lc  washing_machine.o [1]
wm_report_reply_event_handler
                        0x6003'3fe3     0x62  Code  Lc  washing_machine.o [1]
wm_report_reply_event_handler::__func__
                        0x6004'cfc0     0x20  Data  Lc  washing_machine.o [1]
wm_run                  0x6003'49c1    0x154  Code  Gb  washing_machine.o [1]
wm_run::__func__        0x6005'1124      0x8  Data  Lc  washing_machine.o [1]
wm_service_request_event_handler
                        0x6003'43f1    0x16a  Code  Lc  washing_machine.o [1]
wm_service_request_event_handler::__func__
                        0x6004'ba04     0x24  Data  Lc  washing_machine.o [1]
wm_timestamp_reply_event_handler
                        0x6003'455b     0x2a  Code  Lc  washing_machine.o [1]
wm_timestamp_reply_event_handler::__func__
                        0x6004'ba28     0x24  Data  Lc  washing_machine.o [1]
wm_trigger_event_reply_event_handler
                        0x6003'4045     0x48  Code  Lc  washing_machine.o [1]
wm_trigger_event_reply_event_handler::__func__
                        0x6004'a620     0x28  Data  Lc  washing_machine.o [1]
wrapper_mqtt_check_state
                        0x6002'503f     0x1a  Code  Gb  iotx_mqtt_client.o [1]
wrapper_mqtt_connect    0x6002'4ef7     0x48  Code  Gb  iotx_mqtt_client.o [1]
wrapper_mqtt_init       0x6002'4ec7     0x30  Code  Gb  iotx_mqtt_client.o [1]
wrapper_mqtt_publish    0x6002'5287     0x8a  Code  Gb  iotx_mqtt_client.o [1]
wrapper_mqtt_release    0x6002'4f49     0xb6  Code  Gb  iotx_mqtt_client.o [1]
wrapper_mqtt_subscribe  0x6002'5059     0x80  Code  Gb  iotx_mqtt_client.o [1]
wrapper_mqtt_subscribe_sync
                        0x6002'50d9    0x14e  Code  Gb  iotx_mqtt_client.o [1]
wrapper_mqtt_unsubscribe
                        0x6002'5227     0x60  Code  Gb  iotx_mqtt_client.o [1]
wrapper_mqtt_yield      0x6002'4fff     0x40  Code  Gb  iotx_mqtt_client.o [1]
writeCString            0x6002'5aed     0x28  Code  Gb  MQTTPacket.o [1]
writeChar               0x6002'5ac3      0xc  Code  Gb  MQTTPacket.o [1]
writeInt                0x6002'5acf     0x1e  Code  Gb  MQTTPacket.o [1]
writeMQTTString         0x6002'5b15     0x42  Code  Gb  MQTTPacket.o [1]
write_ssl               0x6002'56b9     0x10  Code  Lc  infra_net.o [1]
x509_check_wildcard     0x6001'08b1     0x5e  Code  Lc  x509_crt.o [1]
x509_crt_check_cn       0x6001'0cc9     0x32  Code  Lc  x509_crt.o [1]
x509_crt_check_ee_locally_trusted
                        0x6001'0b15     0x40  Code  Lc  x509_crt.o [1]
x509_crt_check_parent   0x6001'0a25     0x48  Code  Lc  x509_crt.o [1]
x509_crt_check_signature
                        0x6001'09c3     0x62  Code  Lc  x509_crt.o [1]
x509_crt_find_parent    0x6001'0ae3     0x32  Code  Lc  x509_crt.o [1]
x509_crt_find_parent_in
                        0x6001'0a6d     0x76  Code  Lc  x509_crt.o [1]
x509_crt_merge_flags_with_cb
                        0x6001'0d89     0x4a  Code  Lc  x509_crt.o [1]
x509_crt_parse_der_core
                        0x6000'fafd    0x298  Code  Lc  x509_crt.o [1]
x509_crt_verify_chain   0x6001'0b55    0x168  Code  Lc  x509_crt.o [1]
x509_crt_verify_name    0x6001'0cfb     0x86  Code  Lc  x509_crt.o [1]
x509_crt_verifycrl      0x6001'0779    0x104  Code  Lc  x509_crt.o [1]
x509_date_is_valid      0x6001'cdfd     0x8c  Code  Lc  x509.o [1]
x509_get_attr_type_value
                        0x6001'cc87     0xc8  Code  Lc  x509.o [1]
x509_get_basic_constraints
                        0x6000'f797     0x88  Code  Lc  x509_crt.o [1]
x509_get_crt_ext        0x6000'f985    0x178  Code  Lc  x509_crt.o [1]
x509_get_dates          0x6000'f70d     0x4c  Code  Lc  x509_crt.o [1]
x509_get_ext_key_usage  0x6000'f8a5     0x24  Code  Lc  x509_crt.o [1]
x509_get_hash_alg       0x6001'ca63     0x8a  Code  Lc  x509.o [1]
x509_get_key_usage      0x6000'f855     0x50  Code  Lc  x509_crt.o [1]
x509_get_ns_cert_type   0x6000'f81f     0x36  Code  Lc  x509_crt.o [1]
x509_get_subject_alt_name
                        0x6000'f8c9     0xbc  Code  Lc  x509_crt.o [1]
x509_get_uid            0x6000'f759     0x3e  Code  Lc  x509_crt.o [1]
x509_get_version        0x6000'f6c5     0x48  Code  Lc  x509_crt.o [1]
x509_info_cert_type     0x6000'ff83    0x112  Code  Lc  x509_crt.o [1]
x509_info_ext_key_usage
                        0x6001'01cd     0x60  Code  Lc  x509_crt.o [1]
x509_info_key_usage     0x6001'009d    0x130  Code  Lc  x509_crt.o [1]
x509_info_subject_alt_name
                        0x6000'ff21     0x62  Code  Lc  x509_crt.o [1]
x509_memcasecmp         0x6001'087d     0x34  Code  Lc  x509_crt.o [1]
x509_name_cmp           0x6001'0967     0x5c  Code  Lc  x509_crt.o [1]
x509_parse_int          0x6001'cdbd     0x3e  Code  Lc  x509.o [1]
x509_parse_time         0x6001'ce89     0xba  Code  Lc  x509.o [1]
x509_profile_check_key  0x6000'f661     0x64  Code  Lc  x509_crt.o [1]
x509_profile_check_md_alg
                        0x6000'f625     0x1e  Code  Lc  x509_crt.o [1]
x509_profile_check_pk_alg
                        0x6000'f643     0x1e  Code  Lc  x509_crt.o [1]
x509_string_cmp         0x6001'090f     0x58  Code  Lc  x509_crt.o [1]
xActiveTimerList1       0x2001'61d4     0x14  Data  Lc  timers.o [1]
xActiveTimerList2       0x2001'61e8     0x14  Data  Lc  timers.o [1]
xBlockAllocatedBit      0x2001'5544      0x4  Data  Lc  heap_4.o [1]
xDelayedTaskList1       0x2001'6138     0x14  Data  Lc  tasks.o [1]
xDelayedTaskList2       0x2001'614c     0x14  Data  Lc  tasks.o [1]
xEventGroupClearBits    0x6002'c46b     0x46  Code  Gb  event_groups.o [1]
xEventGroupCreate       0x6002'c335     0x1a  Code  Gb  event_groups.o [1]
xEventGroupSetBits      0x6002'c4b1     0xa6  Code  Gb  event_groups.o [1]
xEventGroupSetBitsFromISR
                        0x6002'c5b5      0xc  Code  Gb  event_groups.o [1]
xEventGroupWaitBits     0x6002'c34f    0x11c  Code  Gb  event_groups.o [1]
xFreeBytesRemaining     0x2001'553c      0x4  Data  Lc  heap_4.o [1]
xIdleTaskHandle         0x2001'61cc      0x4  Data  Lc  tasks.o [1]
xMinimumEverFreeBytesRemaining
                        0x2001'5540      0x4  Data  Lc  heap_4.o [1]
xNextTaskUnblockTime    0x2001'61c8      0x4  Data  Lc  tasks.o [1]
xNumOfOverflows         0x2001'61c0      0x4  Data  Lc  tasks.o [1]
xPendingReadyList       0x2001'6168     0x14  Data  Lc  tasks.o [1]
xPortStartScheduler     0x6002'd3e7     0xc8  Code  Gb  port.o [1]
xQueueCreateCountingSemaphore
                        0x6002'7b85     0x3c  Code  Gb  queue.o [1]
xQueueCreateMutex       0x6002'7b6f     0x16  Code  Gb  queue.o [1]
xQueueGenericCreate     0x6002'7af3     0x46  Code  Gb  queue.o [1]
xQueueGenericReset      0x6002'7a65     0x8e  Code  Gb  queue.o [1]
xQueueGenericSend       0x6002'7bc1    0x17c  Code  Gb  queue.o [1]
xQueueGenericSendFromISR
                        0x6002'7d3d     0xd0  Code  Gb  queue.o [1]
xQueueReceive           0x6002'7e0d    0x156  Code  Gb  queue.o [1]
xQueueRegistry          0x2001'5f28     0x40  Data  Gb  queue.o [1]
xQueueSemaphoreTake     0x6002'7f63    0x196  Code  Gb  queue.o [1]
xSchedulerRunning       0x2001'61b4      0x4  Data  Lc  tasks.o [1]
xStart                  0x2001'5530      0x8  Data  Lc  heap_4.o [1]
xSuspendedTaskList      0x2001'6194     0x14  Data  Lc  tasks.o [1]
xTaskCheckForTimeOut    0x6002'8fa5     0x7e  Code  Gb  tasks.o [1]
xTaskCreate             0x6002'8831     0x64  Code  Gb  tasks.o [1]
xTaskGetSchedulerState  0x6002'912d     0x20  Code  Gb  tasks.o [1]
xTaskGetTickCount       0x6002'8c71      0x8  Code  Gb  tasks.o [1]
xTaskIncrementTick      0x6002'8c79     0xdc  Code  Gb  tasks.o [1]
xTaskPriorityDisinherit
                        0x6002'91e9     0xac  Code  Gb  tasks.o [1]
xTaskPriorityInherit    0x6002'914d     0x96  Code  Gb  tasks.o [1]
xTaskRemoveFromEventList
                        0x6002'8e7d     0x7c  Code  Gb  tasks.o [1]
xTaskResumeAll          0x6002'8b8f     0xe2  Code  Gb  tasks.o [1]
xTasksWaitingTermination
                        0x2001'617c     0x14  Data  Lc  tasks.o [1]
xTickCount              0x2001'61ac      0x4  Data  Lc  tasks.o [1]
xTimerCreate            0x6002'9485     0x34  Code  Gb  timers.o [1]
xTimerCreateTimerTask   0x6002'943d     0x48  Code  Gb  timers.o [1]
xTimerGenericCommand    0x6002'950d     0x64  Code  Gb  timers.o [1]
xTimerPendFunctionCallFromISR
                        0x6002'989d     0x22  Code  Gb  timers.o [1]
xTimerQueue             0x2001'6204      0x4  Data  Lc  timers.o [1]
xTimerTaskHandle        0x2001'6208      0x4  Data  Lc  timers.o [1]
xYieldPending           0x2001'61bc      0x4  Data  Lc  tasks.o [1]


[1] = C:\Development\smart_washing_machine_3080\flexspi_nor_debug\obj
[2] = dl7M_tln.a
[3] = m7M_tlv.a
[4] = rt7M_tl.a
[5] = shb_l.a

  253 109 bytes of readonly  code memory
    2 436 bytes of readwrite code memory
   74 820 bytes of readonly  data memory
   97 675 bytes of readwrite data memory

Errors: none
Warnings: none
