###############################################################################
#
# IAR ELF Linker V8.32.3.193/W32 for ARM                  06/Jun/2019  13:01:44
# Copyright 2007-2019 IAR Systems AB.
#
#    Output file  =  C:\Development\smart_wm_mk3080\debug\smart_wm_mk3080.out
#    Map file     =  
#        C:\Development\smart_wm_mk3080\debug\list\smart_wm_mk3080.map
#    Command line =  
#        -f C:\Users\nxf42695\AppData\Local\Temp\1\EW45A6.tmp
#        (C:\Development\smart_wm_mk3080\debug\obj\aes.o
#        C:\Development\smart_wm_mk3080\debug\obj\aes_alt.o
#        C:\Development\smart_wm_mk3080\debug\obj\aesni.o
#        C:\Development\smart_wm_mk3080\debug\obj\arc4.o
#        C:\Development\smart_wm_mk3080\debug\obj\aria.o
#        C:\Development\smart_wm_mk3080\debug\obj\asn1parse.o
#        C:\Development\smart_wm_mk3080\debug\obj\asn1write.o
#        C:\Development\smart_wm_mk3080\debug\obj\at_api.o
#        C:\Development\smart_wm_mk3080\debug\obj\at_conn_mbox.o
#        C:\Development\smart_wm_mk3080\debug\obj\at_conn_mgmt.o
#        C:\Development\smart_wm_mk3080\debug\obj\at_parser.o
#        C:\Development\smart_wm_mk3080\debug\obj\at_tcp.o
#        C:\Development\smart_wm_mk3080\debug\obj\awss_bind.o
#        C:\Development\smart_wm_mk3080\debug\obj\awss_bind_statis.o
#        C:\Development\smart_wm_mk3080\debug\obj\awss_cmp_coap.o
#        C:\Development\smart_wm_mk3080\debug\obj\awss_cmp_mqtt.o
#        C:\Development\smart_wm_mk3080\debug\obj\awss_dev_reset.o
#        C:\Development\smart_wm_mk3080\debug\obj\awss_event.o
#        C:\Development\smart_wm_mk3080\debug\obj\awss_info.o
#        C:\Development\smart_wm_mk3080\debug\obj\awss_notify.o
#        C:\Development\smart_wm_mk3080\debug\obj\awss_packet.o
#        C:\Development\smart_wm_mk3080\debug\obj\awss_report.o
#        C:\Development\smart_wm_mk3080\debug\obj\awss_timer.o
#        C:\Development\smart_wm_mk3080\debug\obj\base64.o
#        C:\Development\smart_wm_mk3080\debug\obj\bignum.o
#        C:\Development\smart_wm_mk3080\debug\obj\blowfish.o
#        C:\Development\smart_wm_mk3080\debug\obj\board.o
#        C:\Development\smart_wm_mk3080\debug\obj\camellia.o
#        C:\Development\smart_wm_mk3080\debug\obj\ccm.o
#        C:\Development\smart_wm_mk3080\debug\obj\certs.o
#        C:\Development\smart_wm_mk3080\debug\obj\chacha20.o
#        C:\Development\smart_wm_mk3080\debug\obj\chachapoly.o
#        C:\Development\smart_wm_mk3080\debug\obj\cipher.o
#        C:\Development\smart_wm_mk3080\debug\obj\cipher_wrap.o
#        C:\Development\smart_wm_mk3080\debug\obj\cJSON.o
#        C:\Development\smart_wm_mk3080\debug\obj\clock_config.o
#        C:\Development\smart_wm_mk3080\debug\obj\cmac.o
#        C:\Development\smart_wm_mk3080\debug\obj\CoAPDeserialize_common.o
#        C:\Development\smart_wm_mk3080\debug\obj\CoAPExport.o
#        C:\Development\smart_wm_mk3080\debug\obj\CoAPMessage.o
#        C:\Development\smart_wm_mk3080\debug\obj\CoAPMessage_common.o
#        C:\Development\smart_wm_mk3080\debug\obj\CoAPNetwork.o
#        C:\Development\smart_wm_mk3080\debug\obj\CoAPObserve.o
#        C:\Development\smart_wm_mk3080\debug\obj\CoAPPlatform.o
#        C:\Development\smart_wm_mk3080\debug\obj\CoAPResource.o
#        C:\Development\smart_wm_mk3080\debug\obj\CoAPSerialize_common.o
#        C:\Development\smart_wm_mk3080\debug\obj\CoAPServer.o
#        C:\Development\smart_wm_mk3080\debug\obj\csdk.o
#        C:\Development\smart_wm_mk3080\debug\obj\ctr_drbg.o
#        C:\Development\smart_wm_mk3080\debug\obj\debug.o
#        C:\Development\smart_wm_mk3080\debug\obj\des.o
#        C:\Development\smart_wm_mk3080\debug\obj\des_alt.o
#        C:\Development\smart_wm_mk3080\debug\obj\dev_sign_example.o
#        C:\Development\smart_wm_mk3080\debug\obj\dev_sign_mqtt.o
#        C:\Development\smart_wm_mk3080\debug\obj\dhm.o
#        C:\Development\smart_wm_mk3080\debug\obj\dm_api.o
#        C:\Development\smart_wm_mk3080\debug\obj\dm_client.o
#        C:\Development\smart_wm_mk3080\debug\obj\dm_client_adapter.o
#        C:\Development\smart_wm_mk3080\debug\obj\dm_cota.o
#        C:\Development\smart_wm_mk3080\debug\obj\dm_fota.o
#        C:\Development\smart_wm_mk3080\debug\obj\dm_ipc.o
#        C:\Development\smart_wm_mk3080\debug\obj\dm_log_report.o
#        C:\Development\smart_wm_mk3080\debug\obj\dm_manager.o
#        C:\Development\smart_wm_mk3080\debug\obj\dm_message.o
#        C:\Development\smart_wm_mk3080\debug\obj\dm_message_cache.o
#        C:\Development\smart_wm_mk3080\debug\obj\dm_msg_process.o
#        C:\Development\smart_wm_mk3080\debug\obj\dm_opt.o
#        C:\Development\smart_wm_mk3080\debug\obj\dm_ota.o
#        C:\Development\smart_wm_mk3080\debug\obj\dm_server.o
#        C:\Development\smart_wm_mk3080\debug\obj\dm_server_adapter.o
#        C:\Development\smart_wm_mk3080\debug\obj\dm_shadow.o
#        C:\Development\smart_wm_mk3080\debug\obj\dm_tsl_alink.o
#        C:\Development\smart_wm_mk3080\debug\obj\dm_utils.o
#        C:\Development\smart_wm_mk3080\debug\obj\ecdh.o
#        C:\Development\smart_wm_mk3080\debug\obj\ecdsa.o
#        C:\Development\smart_wm_mk3080\debug\obj\ecjpake.o
#        C:\Development\smart_wm_mk3080\debug\obj\ecp.o
#        C:\Development\smart_wm_mk3080\debug\obj\ecp_alt.o
#        C:\Development\smart_wm_mk3080\debug\obj\ecp_alt_ksdk.o
#        C:\Development\smart_wm_mk3080\debug\obj\ecp_curves.o
#        C:\Development\smart_wm_mk3080\debug\obj\ecp_curves_alt.o
#        C:\Development\smart_wm_mk3080\debug\obj\entropy.o
#        C:\Development\smart_wm_mk3080\debug\obj\entropy_poll.o
#        C:\Development\smart_wm_mk3080\debug\obj\error.o
#        C:\Development\smart_wm_mk3080\debug\obj\event_groups.o
#        C:\Development\smart_wm_mk3080\debug\obj\evkbimxrt1050_flexspi_nor_config.o
#        C:\Development\smart_wm_mk3080\debug\obj\evkbimxrt1050_sdram_ini_dcd.o
#        C:\Development\smart_wm_mk3080\debug\obj\flexspi_hyper_flash_ops.o
#        C:\Development\smart_wm_mk3080\debug\obj\fsl_assert.o
#        C:\Development\smart_wm_mk3080\debug\obj\fsl_cache.o
#        C:\Development\smart_wm_mk3080\debug\obj\fsl_clock.o
#        C:\Development\smart_wm_mk3080\debug\obj\fsl_common.o
#        C:\Development\smart_wm_mk3080\debug\obj\fsl_dcp.o
#        C:\Development\smart_wm_mk3080\debug\obj\fsl_debug_console.o
#        C:\Development\smart_wm_mk3080\debug\obj\fsl_flexspi.o
#        C:\Development\smart_wm_mk3080\debug\obj\fsl_flexspi_nor_boot.o
#        C:\Development\smart_wm_mk3080\debug\obj\fsl_gpio.o
#        C:\Development\smart_wm_mk3080\debug\obj\fsl_lpuart.o
#        C:\Development\smart_wm_mk3080\debug\obj\fsl_str.o
#        C:\Development\smart_wm_mk3080\debug\obj\fsl_trng.o
#        C:\Development\smart_wm_mk3080\debug\obj\fsl_usdhc.o
#        C:\Development\smart_wm_mk3080\debug\obj\gcm.o
#        C:\Development\smart_wm_mk3080\debug\obj\generic_list.o
#        C:\Development\smart_wm_mk3080\debug\obj\HAL_DTLS_mbedtls.o
#        C:\Development\smart_wm_mk3080\debug\obj\HAL_TLS_mbedtls.o
#        C:\Development\smart_wm_mk3080\debug\obj\havege.o
#        C:\Development\smart_wm_mk3080\debug\obj\heap_4.o
#        C:\Development\smart_wm_mk3080\debug\obj\hkdf.o
#        C:\Development\smart_wm_mk3080\debug\obj\hmac_drbg.o
#        C:\Development\smart_wm_mk3080\debug\obj\impl_gateway.o
#        C:\Development\smart_wm_mk3080\debug\obj\impl_linkkit.o
#        C:\Development\smart_wm_mk3080\debug\obj\impl_ntp.o
#        C:\Development\smart_wm_mk3080\debug\obj\impl_solo.o
#        C:\Development\smart_wm_mk3080\debug\obj\infra_cjson.o
#        C:\Development\smart_wm_mk3080\debug\obj\infra_compat.o
#        C:\Development\smart_wm_mk3080\debug\obj\infra_defs.o
#        C:\Development\smart_wm_mk3080\debug\obj\infra_json_parser.o
#        C:\Development\smart_wm_mk3080\debug\obj\infra_log.o
#        C:\Development\smart_wm_mk3080\debug\obj\infra_md5.o
#        C:\Development\smart_wm_mk3080\debug\obj\infra_net.o
#        C:\Development\smart_wm_mk3080\debug\obj\infra_prt_nwk_payload.o
#        C:\Development\smart_wm_mk3080\debug\obj\infra_report.o
#        C:\Development\smart_wm_mk3080\debug\obj\infra_sha1.o
#        C:\Development\smart_wm_mk3080\debug\obj\infra_sha256.o
#        C:\Development\smart_wm_mk3080\debug\obj\infra_string.o
#        C:\Development\smart_wm_mk3080\debug\obj\infra_timer.o
#        C:\Development\smart_wm_mk3080\debug\obj\iotx_cm.o
#        C:\Development\smart_wm_mk3080\debug\obj\iotx_cm_coap.o
#        C:\Development\smart_wm_mk3080\debug\obj\iotx_cm_mqtt.o
#        C:\Development\smart_wm_mk3080\debug\obj\iotx_mqtt_client.o
#        C:\Development\smart_wm_mk3080\debug\obj\ksdk_mbedtls.o
#        C:\Development\smart_wm_mk3080\debug\obj\kv.o
#        C:\Development\smart_wm_mk3080\debug\obj\kv_adapt.o
#        C:\Development\smart_wm_mk3080\debug\obj\kv_cli.o
#        C:\Development\smart_wm_mk3080\debug\obj\kv_secure.o
#        C:\Development\smart_wm_mk3080\debug\obj\linkkit_example_csdk.o
#        C:\Development\smart_wm_mk3080\debug\obj\linkkit_example_solo.o
#        C:\Development\smart_wm_mk3080\debug\obj\list.o
#        C:\Development\smart_wm_mk3080\debug\obj\log.o
#        C:\Development\smart_wm_mk3080\debug\obj\lpuart_adapter.o
#        C:\Development\smart_wm_mk3080\debug\obj\md.o
#        C:\Development\smart_wm_mk3080\debug\obj\md2.o
#        C:\Development\smart_wm_mk3080\debug\obj\md4.o
#        C:\Development\smart_wm_mk3080\debug\obj\md5.o
#        C:\Development\smart_wm_mk3080\debug\obj\md_wrap.o
#        C:\Development\smart_wm_mk3080\debug\obj\memory_buffer_alloc.o
#        C:\Development\smart_wm_mk3080\debug\obj\mk3060.o
#        C:\Development\smart_wm_mk3080\debug\obj\mqtt_api.o
#        C:\Development\smart_wm_mk3080\debug\obj\mqtt_example_at.o
#        C:\Development\smart_wm_mk3080\debug\obj\MQTTConnectClient.o
#        C:\Development\smart_wm_mk3080\debug\obj\MQTTDeserializePublish.o
#        C:\Development\smart_wm_mk3080\debug\obj\MQTTPacket.o
#        C:\Development\smart_wm_mk3080\debug\obj\MQTTSerializePublish.o
#        C:\Development\smart_wm_mk3080\debug\obj\MQTTSubscribeClient.o
#        C:\Development\smart_wm_mk3080\debug\obj\MQTTUnsubscribeClient.o
#        C:\Development\smart_wm_mk3080\debug\obj\net_sockets.o
#        C:\Development\smart_wm_mk3080\debug\obj\nist_kw.o
#        C:\Development\smart_wm_mk3080\debug\obj\oid.o
#        C:\Development\smart_wm_mk3080\debug\obj\os_misc.o
#        C:\Development\smart_wm_mk3080\debug\obj\padlock.o
#        C:\Development\smart_wm_mk3080\debug\obj\passwd.o
#        C:\Development\smart_wm_mk3080\debug\obj\pem.o
#        C:\Development\smart_wm_mk3080\debug\obj\pin_mux.o
#        C:\Development\smart_wm_mk3080\debug\obj\pk.o
#        C:\Development\smart_wm_mk3080\debug\obj\pk_wrap.o
#        C:\Development\smart_wm_mk3080\debug\obj\pkcs11.o
#        C:\Development\smart_wm_mk3080\debug\obj\pkcs12.o
#        C:\Development\smart_wm_mk3080\debug\obj\pkcs5.o
#        C:\Development\smart_wm_mk3080\debug\obj\pkparse.o
#        C:\Development\smart_wm_mk3080\debug\obj\pkwrite.o
#        C:\Development\smart_wm_mk3080\debug\obj\platform.o
#        C:\Development\smart_wm_mk3080\debug\obj\platform_util.o
#        C:\Development\smart_wm_mk3080\debug\obj\poly1305.o
#        C:\Development\smart_wm_mk3080\debug\obj\port.o
#        C:\Development\smart_wm_mk3080\debug\obj\portasm.o
#        C:\Development\smart_wm_mk3080\debug\obj\queue.o
#        C:\Development\smart_wm_mk3080\debug\obj\ripemd160.o
#        C:\Development\smart_wm_mk3080\debug\obj\root_ca.o
#        C:\Development\smart_wm_mk3080\debug\obj\rsa.o
#        C:\Development\smart_wm_mk3080\debug\obj\rsa_internal.o
#        C:\Development\smart_wm_mk3080\debug\obj\serial_manager.o
#        C:\Development\smart_wm_mk3080\debug\obj\serial_port_uart.o
#        C:\Development\smart_wm_mk3080\debug\obj\sha1.o
#        C:\Development\smart_wm_mk3080\debug\obj\sha256.o
#        C:\Development\smart_wm_mk3080\debug\obj\sha512.o
#        C:\Development\smart_wm_mk3080\debug\obj\ssl_cache.o
#        C:\Development\smart_wm_mk3080\debug\obj\ssl_ciphersuites.o
#        C:\Development\smart_wm_mk3080\debug\obj\ssl_cli.o
#        C:\Development\smart_wm_mk3080\debug\obj\ssl_cookie.o
#        C:\Development\smart_wm_mk3080\debug\obj\ssl_srv.o
#        C:\Development\smart_wm_mk3080\debug\obj\ssl_ticket.o
#        C:\Development\smart_wm_mk3080\debug\obj\ssl_tls.o
#        C:\Development\smart_wm_mk3080\debug\obj\startup_MIMXRT1052.o
#        C:\Development\smart_wm_mk3080\debug\obj\stream_buffer.o
#        C:\Development\smart_wm_mk3080\debug\obj\system_MIMXRT1052.o
#        C:\Development\smart_wm_mk3080\debug\obj\tasks.o
#        C:\Development\smart_wm_mk3080\debug\obj\threading.o
#        C:\Development\smart_wm_mk3080\debug\obj\timers.o
#        C:\Development\smart_wm_mk3080\debug\obj\timing.o
#        C:\Development\smart_wm_mk3080\debug\obj\version.o
#        C:\Development\smart_wm_mk3080\debug\obj\version_features.o
#        C:\Development\smart_wm_mk3080\debug\obj\wrapper.o
#        C:\Development\smart_wm_mk3080\debug\obj\x509.o
#        C:\Development\smart_wm_mk3080\debug\obj\x509_create.o
#        C:\Development\smart_wm_mk3080\debug\obj\x509_crl.o
#        C:\Development\smart_wm_mk3080\debug\obj\x509_crt.o
#        C:\Development\smart_wm_mk3080\debug\obj\x509_csr.o
#        C:\Development\smart_wm_mk3080\debug\obj\x509write_crt.o
#        C:\Development\smart_wm_mk3080\debug\obj\x509write_csr.o
#        C:\Development\smart_wm_mk3080\debug\obj\xtea.o --redirect
#        _Printf=_PrintfSmallNoMb --redirect _Scanf=_ScanfSmallNoMb
#        --no_out_extension -o
#        C:\Development\smart_wm_mk3080\debug\smart_wm_mk3080.out --map
#        C:\Development\smart_wm_mk3080\debug\list\smart_wm_mk3080.map --config
#        C:\Development\smart_wm_mk3080/MIMXRT1052xxxxx_ram.icf --semihosting
#        --entry __iar_program_start --vfe --text_out locale)
#
###############################################################################

*******************************************************************************
*** MESSAGES
***

Error[Lp011]: section placement failed
            unable to allocate space for sections/blocks with a total estimated
                      minimum size of 0x5'bce1 bytes (max align 0x8) in
                      <[0x0-0x3ff], [0x400-0x1'ffff]> (total uncommitted space
                      0x1'fc00).


*******************************************************************************
*** RUNTIME MODEL ATTRIBUTES
***

CppFlavor       = *
__Heap_Handler  = DLMalloc
__SystemLibrary = DLib
__dlib_version  = 6


*******************************************************************************
*** HEAP SELECTION
***

The advanced heap was selected because the application calls memory
allocation functions outside of system library functions, and there
are calls to deallocation functions in the application.


*******************************************************************************
*** PLACEMENT SUMMARY
***

"A0":  place at 0x0 { ro section .intvec };
"P1":  place in [from 0x0 to 0x3ff] |
                [from 0x400 to 0x1'ffff] { ro };
define block RW { rw };
"P2":  place in [from 0x2000'0000 to 0x2001'fbff] { block RW };
define block ZI { zi };
"P3":  place in [from 0x2000'0000 to 0x2001'fbff] { block ZI };
define block NCACHE_VAR { section NonCacheable, section NonCacheable.init };
"P5":  place in [from 0x2000'0000 to 0x2001'fbff] { block NCACHE_VAR };
define block HEAP with size = 1K, alignment = 8 { };
"P4":  place in [from 0x2000'0000 to 0x2001'fbff] { last block HEAP };
define block CSTACK with size = 1K, alignment = 8 { };
"P6":  place in [from 0x2001'fc00 to 0x2001'ffff] { block CSTACK };
initialize by copy { rw, section .textrw };

No sections matched the following patterns:

  section NonCacheable       in block NCACHE_VAR
  section NonCacheable.init  in block NCACHE_VAR


  Section            Kind         Address     Size  Object
  -------            ----         -------     ----  ------
"A0":                                        0x400
  .intvec            ro code          0x0    0x400  startup_MIMXRT1052.o [1]
                                  - 0x400    0x400

"P2-P3|P5", part 1 of 2:                     0x408
  RW                          0x2000'0000    0x408  <Block>
    RW-1                      0x2000'0000    0x408  <Init block>
      .data          inited   0x2000'0000      0xc  cJSON.o [1]
      .data          inited   0x2000'000c      0x4  CoAPServer.o [1]
      .data          inited   0x2000'0010     0x38  dev_sign_mqtt.o [1]
      .data          inited   0x2000'0048     0xe0  dm_client.o [1]
      .data          inited   0x2000'0128      0x4  dm_log_report.o [1]
      .data          inited   0x2000'012c      0x4  dm_log_report.o [1]
      .data          inited   0x2000'0130     0x14  dm_opt.o [1]
      .data          inited   0x2000'0144      0x4  ecp_curves_alt.o [1]
      .data          inited   0x2000'0148     0x20  flexspi_hyper_flash_ops.o [1]
      .data          inited   0x2000'0168    0x100  flexspi_hyper_flash_ops.o [1]
      .data          inited   0x2000'0268      0x8  HAL_TLS_mbedtls.o [1]
      .data          inited   0x2000'0270     0x90  infra_compat.o [1]
      .data          inited   0x2000'0300     0x18  infra_defs.o [1]
      .data          inited   0x2000'0318     0x18  infra_defs.o [1]
      .data          inited   0x2000'0330     0x1c  infra_prt_nwk_payload.o [1]
      .data          inited   0x2000'034c      0x4  infra_report.o [1]
      .data          inited   0x2000'0350      0x8  infra_string.o [1]
      .data          inited   0x2000'0358     0x14  mk3060.o [1]
      .data          inited   0x2000'036c     0x10  mk3060.o [1]
      .data          inited   0x2000'037c      0x4  platform.o [1]
      .data          inited   0x2000'0380      0x4  platform.o [1]
      .data          inited   0x2000'0384      0x4  platform_util.o [1]
      .data          inited   0x2000'0388      0x4  port.o [1]
      .data          inited   0x2000'038c      0x4  root_ca.o [1]
      .data          inited   0x2000'0390     0x18  ssl_tls.o [1]
      .data          inited   0x2000'03a8      0xc  ssl_tls.o [1]
      .data          inited   0x2000'03b4      0xc  ssl_tls.o [1]
      .data          inited   0x2000'03c0      0x4  ssl_tls.o [1]
      .data          inited   0x2000'03c4      0x4  system_MIMXRT1052.o [1]
      .data          inited   0x2000'03c8     0x38  xlocale_c.o [2]
      .data          inited   0x2000'0400      0x8  rand.o [2]
                            - 0x2000'0408    0x408

"P2-P3|P5", part 2 of 2:                   0x15714
  ZI                          0x2000'0408  0x15714  <Block>
    .bss             zero     0x2000'0408      0x8  linkkit_example_csdk.o [1]
    .bss             zero     0x2000'0410    0x138  at_conn_mgmt.o [1]
    .bss             zero     0x2000'0548      0x4  at_conn_mgmt.o [1]
    .bss             zero     0x2000'054c      0x4  at_conn_mgmt.o [1]
    .bss             zero     0x2000'0550     0x14  at_parser.o [1]
    .bss             zero     0x2000'0564     0xc8  at_parser.o [1]
    .bss             zero     0x2000'062c    0x200  at_parser.o [1]
    .bss             zero     0x2000'082c      0x4  awss_bind.o [1]
    .bss             zero     0x2000'0830      0x4  awss_bind.o [1]
    .bss             zero     0x2000'0834     0x1c  awss_bind_statis.o [1]
    .bss             zero     0x2000'0850      0x4  awss_bind_statis.o [1]
    .bss             zero     0x2000'0854      0x4  awss_bind_statis.o [1]
    .bss             zero     0x2000'0858      0x4  awss_bind_statis.o [1]
    .bss             zero     0x2000'085c      0x4  awss_cmp_coap.o [1]
    .bss             zero     0x2000'0860      0x4  awss_dev_reset.o [1]
    .bss             zero     0x2000'0864      0x4  awss_notify.o [1]
    .bss             zero     0x2000'0868      0x8  awss_notify.o [1]
    .bss             zero     0x2000'0870      0x4  awss_notify.o [1]
    .bss             zero     0x2000'0874      0x4  awss_notify.o [1]
    .bss             zero     0x2000'0878      0x4  awss_notify.o [1]
    .bss             zero     0x2000'087c      0x4  awss_notify.o [1]
    .bss             zero     0x2000'0880      0x4  awss_notify.o [1]
    .bss             zero     0x2000'0884      0x4  awss_report.o [1]
    .bss             zero     0x2000'0888      0x4  awss_report.o [1]
    .bss             zero     0x2000'088c      0x8  cJSON.o [1]
    .bss             zero     0x2000'0894      0x4  CoAPServer.o [1]
    .bss             zero     0x2000'0898      0x4  CoAPServer.o [1]
    .bss             zero     0x2000'089c      0x4  CoAPServer.o [1]
    .bss             zero     0x2000'08a0      0x4  CoAPServer.o [1]
    .bss             zero     0x2000'08a4      0x4  CoAPServer.o [1]
    .bss             zero     0x2000'08a8      0x4  debug.o [1]
    .bss             zero     0x2000'08ac     0x10  dm_api.o [1]
    .bss             zero     0x2000'08bc      0x4  dm_client.o [1]
    .bss             zero     0x2000'08c0      0xc  dm_client_adapter.o [1]
    .bss             zero     0x2000'08cc     0x14  dm_ipc.o [1]
    .bss             zero     0x2000'08e0      0x4  dm_log_report.o [1]
    .bss             zero     0x2000'08e4      0x4  dm_log_report.o [1]
    .bss             zero     0x2000'08e8      0x4  dm_log_report.o [1]
    .bss             zero     0x2000'08ec     0x40  dm_log_report.o [1]
    .bss             zero     0x2000'092c      0x4  dm_log_report.o [1]
    .bss             zero     0x2000'0930     0x10  dm_manager.o [1]
    .bss             zero     0x2000'0940      0x4  dm_manager.o [1]
    .bss             zero     0x2000'0944      0x4  dm_message.o [1]
    .bss             zero     0x2000'0948     0x10  dm_message_cache.o [1]
    .bss             zero     0x2000'0958      0x4  ecp_alt.o [1]
    .bss             zero     0x2000'095c      0x4  ecp_alt.o [1]
    .bss             zero     0x2000'0960      0x4  ecp_alt.o [1]
    .bss             zero     0x2000'0964      0x4  ecp_alt.o [1]
    .bss             zero     0x2000'0968      0x4  fsl_clock.o [1]
    .bss             zero     0x2000'096c      0x4  fsl_clock.o [1]
    .bss             zero     0x2000'0970     0x1c  fsl_debug_console.o [1]
    .bss             zero     0x2000'098c      0x4  fsl_debug_console.o [1]
    .bss             zero     0x2000'0990     0x24  fsl_lpuart.o [1]
    .bss             zero     0x2000'09b4      0x4  fsl_lpuart.o [1]
    .bss             zero     0x2000'09b8      0xc  fsl_usdhc.o [1]
    .bss             zero     0x2000'09c4      0x4  fsl_usdhc.o [1]
    .bss             zero     0x2000'09c8      0x4  HAL_TLS_mbedtls.o [1]
    .bss             zero     0x2000'09cc      0x4  HAL_TLS_mbedtls.o [1]
    .bss             zero     0x2000'09d0      0x4  HAL_TLS_mbedtls.o [1]
    .bss             zero     0x2000'09d4  0x14000  heap_4.o [1]
    .bss             zero     0x2001'49d4      0x8  heap_4.o [1]
    .bss             zero     0x2001'49dc      0x4  heap_4.o [1]
    .bss             zero     0x2001'49e0      0x4  heap_4.o [1]
    .bss             zero     0x2001'49e4      0x4  heap_4.o [1]
    .bss             zero     0x2001'49e8      0x4  heap_4.o [1]
    .bss             zero     0x2001'49ec     0x18  impl_linkkit.o [1]
    .bss             zero     0x2001'4a04      0x4  impl_linkkit.o [1]
    .bss             zero     0x2001'4a08     0x10  infra_compat.o [1]
    .bss             zero     0x2001'4a18     0x18  infra_compat.o [1]
    .bss             zero     0x2001'4a30      0x4  infra_compat.o [1]
    .bss             zero     0x2001'4a34      0x4  infra_report.o [1]
    .bss             zero     0x2001'4a38      0x4  infra_report.o [1]
    .bss             zero     0x2001'4a3c      0x4  infra_string.o [1]
    .bss             zero     0x2001'4a40      0x4  infra_string.o [1]
    .bss             zero     0x2001'4a44      0x4  iotx_cm.o [1]
    .bss             zero     0x2001'4a48      0xc  iotx_cm.o [1]
    .bss             zero     0x2001'4a54      0x4  iotx_cm.o [1]
    .bss             zero     0x2001'4a58      0x4  iotx_cm_mqtt.o [1]
    .bss             zero     0x2001'4a5c      0x4  iotx_mqtt_client.o [1]
    .bss             zero     0x2001'4a60     0x90  kv.o [1]
    .bss             zero     0x2001'4af0      0x4  kv_adapt.o [1]
    .bss             zero     0x2001'4af4    0x200  kv_adapt.o [1]
    .bss             zero     0x2001'4cf4      0xc  linkkit_example_csdk.o [1]
    .bss             zero     0x2001'4d00      0x4  linkkit_example_csdk.o [1]
    .bss             zero     0x2001'4d04      0x4  linkkit_example_csdk.o [1]
    .bss             zero     0x2001'4d08      0x4  linkkit_example_csdk.o [1]
    .bss             zero     0x2001'4d0c      0x4  log.o [1]
    .bss             zero     0x2001'4d10      0x4  log.o [1]
    .bss             zero     0x2001'4d14    0x200  log.o [1]
    .bss             zero     0x2001'4f14    0x100  log.o [1]
    .bss             zero     0x2001'5014    0x1b0  mk3060.o [1]
    .bss             zero     0x2001'51c4     0x3c  mk3060.o [1]
    .bss             zero     0x2001'5200      0x4  mk3060.o [1]
    .bss             zero     0x2001'5204     0x10  mk3060.o [1]
    .bss             zero     0x2001'5214      0x4  mk3060.o [1]
    .bss             zero     0x2001'5218      0x4  mk3060.o [1]
    .bss             zero     0x2001'521c      0x8  mk3060.o [1]
    .bss             zero     0x2001'5224      0x4  mk3060.o [1]
    .bss             zero     0x2001'5228      0x4  mqtt_api.o [1]
    .bss             zero     0x2001'522c    0x18c  mqtt_api.o [1]
    .bss             zero     0x2001'53b8     0x10  mqtt_api.o [1]
    .bss             zero     0x2001'53c8      0x4  MQTTPacket.o [1]
    .bss             zero     0x2001'53cc      0x4  os_misc.o [1]
    .bss             zero     0x2001'53d0     0x10  passwd.o [1]
    .bss             zero     0x2001'53e0      0x4  port.o [1]
    .bss             zero     0x2001'53e4     0x40  queue.o [1]
    .bss             zero     0x2001'5424    0x164  ssl_ciphersuites.o [1]
    .bss             zero     0x2001'5588      0x4  ssl_ciphersuites.o [1]
    .bss             zero     0x2001'558c      0x4  tasks.o [1]
    .bss             zero     0x2001'5590     0x64  tasks.o [1]
    .bss             zero     0x2001'55f4     0x14  tasks.o [1]
    .bss             zero     0x2001'5608     0x14  tasks.o [1]
    .bss             zero     0x2001'561c      0x4  tasks.o [1]
    .bss             zero     0x2001'5620      0x4  tasks.o [1]
    .bss             zero     0x2001'5624     0x14  tasks.o [1]
    .bss             zero     0x2001'5638     0x14  tasks.o [1]
    .bss             zero     0x2001'564c      0x4  tasks.o [1]
    .bss             zero     0x2001'5650     0x14  tasks.o [1]
    .bss             zero     0x2001'5664      0x4  tasks.o [1]
    .bss             zero     0x2001'5668      0x4  tasks.o [1]
    .bss             zero     0x2001'566c      0x4  tasks.o [1]
    .bss             zero     0x2001'5670      0x4  tasks.o [1]
    .bss             zero     0x2001'5674      0x4  tasks.o [1]
    .bss             zero     0x2001'5678      0x4  tasks.o [1]
    .bss             zero     0x2001'567c      0x4  tasks.o [1]
    .bss             zero     0x2001'5680      0x4  tasks.o [1]
    .bss             zero     0x2001'5684      0x4  tasks.o [1]
    .bss             zero     0x2001'5688      0x4  tasks.o [1]
    .bss             zero     0x2001'568c      0x4  tasks.o [1]
    .bss             zero     0x2001'5690     0x14  timers.o [1]
    .bss             zero     0x2001'56a4     0x14  timers.o [1]
    .bss             zero     0x2001'56b8      0x4  timers.o [1]
    .bss             zero     0x2001'56bc      0x4  timers.o [1]
    .bss             zero     0x2001'56c0      0x4  timers.o [1]
    .bss             zero     0x2001'56c4      0x4  timers.o [1]
    .bss             zero     0x2001'56c8      0x4  timers.o [1]
    .bss             zero     0x2001'56cc    0x1b0  wrapper.o [1]
    .bss             zero     0x2001'587c      0x4  wrapper.o [1]
    .bss             zero     0x2001'5880      0x4  wrapper.o [1]
    .bss             zero     0x2001'5884      0x4  wrapper.o [1]
    .bss             zero     0x2001'5888     0x84  rand.o [2]
    .bss             zero     0x2001'590c     0x18  dlmalloc.o [2]
    .bss             zero     0x2001'5924    0x1d8  dlmalloc.o [2]
    .bss             zero     0x2001'5afc      0x4  xgetmemchunk.o [2]
    .bss             zero     0x2001'5b00      0x4  xfail_s.o [2]
    .bss             zero     0x2001'5b04      0x2  awss_dev_reset.o [1]
    .bss             zero     0x2001'5b06      0x2  ecp_alt.o [1]
    .bss             zero     0x2001'5b08      0x2  log.o [1]
    .bss             zero     0x2001'5b0a      0x2  log.o [1]
    .bss             zero     0x2001'5b0c      0x1  at_parser.o [1]
    .bss             zero     0x2001'5b0d      0x1  awss_cmp_mqtt.o [1]
    .bss             zero     0x2001'5b0e      0x1  awss_dev_reset.o [1]
    .bss             zero     0x2001'5b0f      0x1  awss_notify.o [1]
    .bss             zero     0x2001'5b10      0x1  awss_notify.o [1]
    .bss             zero     0x2001'5b11      0x1  awss_report.o [1]
    .bss             zero     0x2001'5b12      0x1  awss_report.o [1]
    .bss             zero     0x2001'5b13      0x1  awss_report.o [1]
    .bss             zero     0x2001'5b14      0x1  dm_log_report.o [1]
    .bss             zero     0x2001'5b15      0x1  infra_compat.o [1]
    .bss             zero     0x2001'5b16      0x1  log.o [1]
    .bss             zero     0x2001'5b17      0x1  log.o [1]
    .bss             zero     0x2001'5b18      0x1  mk3060.o [1]
    .bss             zero     0x2001'5b19      0x1  mk3060.o [1]
    .bss             zero     0x2001'5b1a      0x1  port.o [1]
    .bss             zero     0x2001'5b1b      0x1  wrapper.o [1]
                            - 0x2001'5b1c  0x15714

"P4":                                        0x400
  HEAP                        0x2001'5b20    0x400  <Block>
    HEAP             uninit   0x2001'5b20    0x400  <Block tail>
                            - 0x2001'5f20    0x400

"P6":                                        0x400
  CSTACK                      0x2001'fc00    0x400  <Block>
    CSTACK           uninit   0x2001'fc00    0x400  <Block tail>
                            - 0x2002'0000    0x400

"P1", part 1 of 2 (*** FAILED ***):        0x5bb8c
  .text              ro code                0x7f00  ssl_tls.o [1]
  .text              ro code                 0x6e4  debug.o [1]
  .text              ro code                 0x3be  md.o [1]
  .text              ro code                  0x3a  zero_init3.o [4]
  .text              ro code                  0x36  strlen.o [4]
  .text              ro code                  0x1e  xsscin.o [2]
  .text              ro code                  0xa6  ABImemcpy.o [4]
  .text              ro code                  0x1a  xsnprout.o [2]
  .text              ro code                  0x18  platform_util.o [1]
  .text              ro code                 0xac0  cipher.o [1]
  .text              ro code                 0x100  ssl_ciphersuites.o [1]
  .text              ro code                 0xd6c  md5.o [1]
  .text              ro code                0x1b6c  sha1.o [1]
  .text              ro code                0x14bc  sha256.o [1]
  .text              ro code                0x1836  sha512.o [1]
  .text              ro code                   0xa  xsprout.o [2]
  .text              ro code                  0x66  ABImemset.o [4]
  .rodata            const                     0x2  dev_sign_mqtt.o [1]
  .text              ro code                 0x6c8  dhm.o [1]
  .text              ro code                 0x33c  ecdh.o [1]
  .text              ro code                  0x96  ABImemmove.o [4]
  .rodata            const                     0x2  dev_sign_mqtt.o [1]
  .text              ro code                  0x38  platform.o [1]
  .text              ro code                  0x68  memcmp.o [4]
  .text              ro code                  0x1e  U64Shr.o [4]
  .rodata            const                     0x2  dev_sign_mqtt.o [1]
  .text              ro code                  0x22  I64Shl.o [4]
  .rodata            const                     0x2  fsl_flexspi.o [1]
  .text              ro code                0x1f6c  x509_crt.o [1]
  .text              ro code                 0x3e2  pk.o [1]
  .rodata            const                     0x2  fsl_trng.o [1]
  .text              ro code                0x2428  bignum.o [1]
  .text              ro code                0x39a0  ssl_cli.o [1]
  .text              ro code                0x3fb4  ssl_srv.o [1]
  .text              ro code                0x1f58  ecp_alt.o [1]
  .text              ro code                  0x3c  vsnprint.o [2]
  .text              ro code                  0x44  snprintf.o [2]
  .text              ro code                 0x908  gcm.o [1]
  .text              ro code                 0x674  ccm.o [1]
  .text              ro code                 0x44e  asn1parse.o [1]
  .rodata            const                     0x2  oid.o [1]
  .text              ro code                 0xbf8  x509.o [1]
  .text              ro code                 0x43c  oid.o [1]
  .text              ro code                0x111c  pkparse.o [1]
  .text              ro code                  0x30  strstr.o [2]
  .text              ro code                 0x69c  pem.o [1]
  .text              ro code                0x1a38  rsa.o [1]
  .text              ro code                 0x230  I64DivMod.o [4]
  .text              ro code                 0x694  ecp_curves_alt.o [1]
  .text              ro code                 0x4d0  xprintfsmall_nomb.o [2]
  .text              ro code                 0x4b8  pkcs12.o [1]
  .text              ro code                 0x408  pkcs5.o [1]
  .text              ro code                  0x16  strchr.o [4]
  .rodata            const                     0x2  oid.o [1]
  .text              ro code                 0xe2c  des.o [1]
  .text              ro code                 0xfd8  aes.o [1]
  .text              ro code                 0x178  base64.o [1]
  .text              ro code                 0x68c  rsa_internal.o [1]
  .text              ro code                   0x2  I64DivZer.o [4]
  .rodata            const                     0x2  oid.o [1]
  .text              ro code                  0x40  xfail_s.o [2]
  .text              ro code                  0x58  memchr.o [4]
  .text              ro code                   0x6  abort.o [2]
  .text              ro code                   0x2  startup_MIMXRT1052.o [1]
  .text              ro code                  0x14  exit.o [5]
  .text              ro code                0x23c8  iotx_mqtt_client.o [1]
  .text              ro code                 0x676  wrapper.o [1]
  .text              ro code                  0x92  infra_timer.o [1]
  .text              ro code                 0x170  infra_net.o [1]
  .text              ro code                 0x2d8  MQTTConnectClient.o [1]
  .text              ro code                 0x258  MQTTPacket.o [1]
  .text              ro code                 0x124  MQTTDeserializePublish.o [1]
  .text              ro code                 0x17c  MQTTSubscribeClient.o [1]
  .text              ro code                 0x15c  MQTTSerializePublish.o [1]
  .text              ro code                 0x318  infra_prt_nwk_payload.o [1]
  .text              ro code                 0x44c  dm_log_report.o [1]
  .text              ro code                 0x100  MQTTUnsubscribeClient.o [1]
  .text              ro code                  0x28  strncmp.o [2]
  .text              ro code                  0x70  strncpy.o [4]
  .text              ro code                 0x230  infra_string.o [1]
  .text              ro code                 0xe80  tasks.o [1]
  .text              ro code                   0x6  ABImemclr4.o [4]
  .text              ro code                   0x2  startup_MIMXRT1052.o [1]
  .text              ro code                 0xc14  fsl_lpuart.o [1]
  .text              ro code                 0x2dc  board.o [1]
  .text              ro code                 0x274  heap_4.o [1]
  .text              ro code                 0xcb0  kv.o [1]
  .text              ro code                 0x994  queue.o [1]
  .text              ro code                 0x60a  fsl_trng.o [1]
  .text              ro code                   0x2  startup_MIMXRT1052.o [1]
  .text              ro code                 0x534  timers.o [1]
  .text              ro code                 0x910  HAL_TLS_mbedtls.o [1]
  .text              ro code                 0xb76  infra_cjson.o [1]
  .text              ro code                   0x2  startup_MIMXRT1052.o [1]
  .text              ro code                 0x2fc  log.o [1]
  .text              ro code                 0x31e  dm_utils.o [1]
  .text              ro code                   0x2  startup_MIMXRT1052.o [1]
  .text              ro code                 0xf28  dm_manager.o [1]
  .text              ro code                 0x636  dm_api.o [1]
  .text              ro code                  0x9a  list.o [1]
  .text              ro code                 0x25c  port.o [1]
  .text              ro code                  0x32  ABImemset48.o [4]
  .text              ro code                   0x2  startup_MIMXRT1052.o [1]
  .text              ro code                  0x1c  fsl_assert.o [1]
  .text              ro code                 0x498  fsl_clock.o [1]
  .text              ro code                 0x2c8  kv_adapt.o [1]
  .text              ro code                   0x2  kv_cli.o [1]
  .rodata            const                     0x1  iotx_mqtt_client.o [1]
  .rodata            const                     0x1  kv.o [1]
  .text              ro code                 0x6b4  at_conn_mgmt.o [1]
  .text              ro code                 0x156  iar_Stoulx.o [2]
  .rodata            const                     0x1  kv.o [1]
  .rodata            const                     0x1  MQTTConnectClient.o [1]
  .text              ro code                  0xa4  rand.o [2]
  .text              ro code                0x114c  error.o [1]
  .text              ro code                  0x40  sprintf.o [2]
  .text              ro code                 0x436  strto64.o [3]
  .text              ro code                 0x310  fsl_str.o [1]
  .rodata            const                     0x1  MQTTConnectClient.o [1]
  .rodata            const                     0x1  MQTTConnectClient.o [1]
  .text              ro code                 0x240  csdk.o [1]
  .text              ro code                   0x4  infra_log.o [1]
  .text              ro code                 0x1b4  dm_client_adapter.o [1]
  .text              ro code                 0x1e0  infra_report.o [1]
  .text              ro code                0x131c  dm_message.o [1]
  .text              ro code                  0xb4  dm_opt.o [1]
  .text              ro code                 0x31c  dm_message_cache.o [1]
  .text              ro code                 0x1f8  dm_ipc.o [1]
  .text              ro code                 0x5e4  dm_client.o [1]
  CODE               ro code                  0xb0  portasm.o [1]
  .text              ro code                  0xe4  fsl_debug_console.o [1]
  .text              ro code                 0x318  flexspi_hyper_flash_ops.o [1]
  .text              ro code                  0x54  fsl_cache.o [1]
  .text              ro code                 0x2e6  at_conn_mbox.o [1]
  .rodata            const                     0x1  MQTTConnectClient.o [1]
  .rodata            const                     0x1  MQTTDeserializePublish.o [1]
  .text              ro code                0x1650  mk3060.o [1]
  .text              ro code                  0x7c  frexp.o [3]
  .text              ro code                  0xf0  ldexp.o [3]
  .text              ro code                 0x120  iar_Stopfx.o [2]
  .text              ro code                 0x1c4  iar_Stoflt.o [2]
  .text              ro code                 0x214  iar_Stoxflt.o [2]
  .text              ro code                 0x1a0  pin_mux.o [1]
  .text              ro code                 0x818  clock_config.o [1]
  .text              ro code                 0x1ee  fsl_gpio.o [1]
  .rodata            const                     0x1  MQTTDeserializePublish.o [1]
  .rodata            const                     0x1  MQTTSerializePublish.o [1]
  .text              ro code                0x11dc  linkkit_example_csdk.o [1]
  .text              ro code                 0x364  iotx_cm.o [1]
  .text              ro code                  0xf4  awss_bind.o [1]
  .text              ro code                 0x640  dm_msg_process.o [1]
  .text              ro code                  0xd4  serial_manager.o [1]
  .text              ro code                 0x854  fsl_flexspi.o [1]
  .text              ro code                 0xbbc  at_parser.o [1]
  .text              ro code                  0x32  at_api.o [1]
  .rodata            const                     0x1  MQTTSerializePublish.o [1]
  .rodata            const                     0x1  MQTTSubscribeClient.o [1]
  .text              ro code                  0x12  strcmp.o [4]
  .rodata            const                     0x1  MQTTSubscribeClient.o [1]
  .rodata            const                     0x1  MQTTUnsubscribeClient.o [1]
  .text              ro code                0x1494  cJSON.o [1]
  .text              ro code                0x1008  impl_linkkit.o [1]
  .text              ro code                 0x2d0  infra_compat.o [1]
  .text              ro code                 0x5a0  iotx_cm_mqtt.o [1]
  .text              ro code                 0x160  awss_cmp_mqtt.o [1]
  .text              ro code                 0x23c  awss_dev_reset.o [1]
  .text              ro code                 0x2c0  awss_report.o [1]
  .text              ro code                 0x2c0  awss_cmp_coap.o [1]
  .text              ro code                 0x708  awss_notify.o [1]
  .text              ro code                 0x274  awss_bind_statis.o [1]
  .text              ro code                  0x64  serial_port_uart.o [1]
  .text              ro code                  0x18  strcpy.o [4]
  .text              ro code                   0xc  tolower.o [2]
  .text              ro code                   0x8  xlocale_c.o [2]
  .text              ro code                  0x28  sscanf.o [2]
  .text              ro code                 0x70c  mqtt_api.o [1]
  .text              ro code                 0x246  awss_packet.o [1]
  .rodata            const                     0x1  ssl_ciphersuites.o [1]
  .rodata            const                     0x1  ssl_tls.o [1]
  .text              ro code                  0x98  os_misc.o [1]
  .text              ro code                 0x448  infra_json_parser.o [1]
  .text              ro code                  0x1c  awss_timer.o [1]
  .text              ro code                 0x44c  CoAPServer.o [1]
  .text              ro code                 0xb84  CoAPMessage.o [1]
  .text              ro code                  0x2c  awss_event.o [1]
  .text              ro code                  0x70  lpuart_adapter.o [1]
  .text              ro code                 0x594  xscanfsmall_nomb.o [2]
  .text              ro code                 0x62c  dev_sign_mqtt.o [1]
  .text              ro code                 0x48a  CoAPMessage_common.o [1]
  .text              ro code                 0x23a  CoAPExport.o [1]
  .text              ro code                 0x464  CoAPResource.o [1]
  .text              ro code                 0x674  CoAPObserve.o [1]
  .text              ro code                 0x184  CoAPPlatform.o [1]
  .text              ro code                 0x318  CoAPSerialize_common.o [1]
  .text              ro code                 0x106  CoAPNetwork.o [1]
  .text              ro code                 0x204  CoAPDeserialize_common.o [1]
  .text              ro code                  0x82  iar_Stolx.o [2]
  .text              ro code                 0x50e  infra_sha256.o [1]
  .text              ro code                 0xcb6  infra_md5.o [1]
  .text              ro code                   0xa  isdigit.o [2]
  .text              ro code                  0x1e  isxdigit.o [2]
  .text              ro code                   0xa  islower.o [2]
  .text              ro code                  0x14  isspace.o [2]
  .text              ro code                0x1d60  dlmalloc.o [2]
  .text              ro code                  0x2c  xgetmemchunk.o [2]
  .text              ro code                   0x6  ABImemclr.o [4]
  .rodata            const                   0xb20  ssl_ciphersuites.o [1]
  .text              ro code                 0x676  ecdsa.o [1]
  .text              ro code                 0x2a2  hmac_drbg.o [1]
  .text              ro code                 0x1ea  asn1write.o [1]
  .rodata            const                   0x504  root_ca.o [1]
  .rodata            const                   0x400  aes.o [1]
  .rodata            const                   0x400  aes.o [1]
  .rodata            const                   0x400  aes.o [1]
  .rodata            const                   0x400  aes.o [1]
  .rodata            const                   0x400  aes.o [1]
  .rodata            const                   0x400  aes.o [1]
  .rodata            const                   0x400  aes.o [1]
  .rodata            const                   0x400  aes.o [1]
  .text              ro code                 0x3d8  pk_wrap.o [1]
  .rodata            const                   0x340  ssl_ciphersuites.o [1]
  .text              ro code                 0x2ec  cipher_wrap.o [1]
  .rodata            const                   0x2a0  bignum.o [1]
  .rodata            const                   0x280  sha512.o [1]
  .text              ro code                 0x268  md_wrap.o [1]
  .text              ro code                 0x1f6  lz77_init.o [4]
  .rodata            const                   0x190  oid.o [1]
  .text              ro code                 0x14e  system_MIMXRT1052.o [1]
  .rodata            const                   0x118  oid.o [1]
  .rodata            const                   0x100  aes.o [1]
  .rodata            const                   0x100  aes.o [1]
  .rodata            const                   0x100  des.o [1]
  .rodata            const                   0x100  des.o [1]
  .rodata            const                   0x100  des.o [1]
  .rodata            const                   0x100  des.o [1]
  .rodata            const                   0x100  des.o [1]
  .rodata            const                   0x100  des.o [1]
  .rodata            const                   0x100  des.o [1]
  .rodata            const                   0x100  des.o [1]
  .rodata            const                   0x100  infra_sha256.o [1]
  .rodata            const                   0x100  sha256.o [1]
  .rodata            const                   0x100  ssl_tls.o [1]
  .rodata            const                    0xd0  infra_report.o [1]
  .rodata            const                    0xc8  cipher_wrap.o [1]
  .rodata            const                    0xa8  ssl_tls.o [1]
  .rodata            const                    0x8c  oid.o [1]
  .rodata            const                    0x88  error.o [1]
  .rodata            const                    0x84  ssl_tls.o [1]
  .rodata            const                    0x80  base64.o [1]
  .rodata            const                    0x80  gcm.o [1]
  .rodata            const                    0x7c  ssl_tls.o [1]
  .rodata            const                    0x78  oid.o [1]
  .rodata            const                    0x78  oid.o [1]
  .rodata            const                    0x78  ssl_tls.o [1]
  .rodata            const                    0x70  oid.o [1]
  .rodata            const                    0x64  error.o [1]
  .rodata            const                    0x64  error.o [1]
  .rodata            const                    0x60  awss_bind_statis.o [1]
  .rodata            const                    0x60  error.o [1]
  .rodata            const                    0x60  error.o [1]
  .rodata            const                    0x60  error.o [1]
  .rodata            const                    0x60  linkkit_example_csdk.o [1]
  .rodata            const                    0x58  awss_packet.o [1]
  .rodata            const                    0x58  error.o [1]
  .rodata            const                    0x58  error.o [1]
  .rodata            const                    0x58  iotx_mqtt_client.o [1]
  .rodata            const                    0x58  ssl_cli.o [1]
  .rodata            const                    0x54  error.o [1]
  .rodata            const                    0x50  awss_packet.o [1]
  .rodata            const                    0x50  error.o [1]
  .rodata            const                    0x50  error.o [1]
  .rodata            const                    0x50  kv_adapt.o [1]
  .rodata            const                    0x50  linkkit_example_csdk.o [1]
  .rodata            const                    0x50  oid.o [1]
  .rodata            const                    0x50  serial_port_uart.o [1]
  .rodata            const                    0x50  ssl_tls.o [1]
  .rodata            const                    0x50  ssl_tls.o [1]
  .rodata            const                    0x50  iar_Stoulx.o [2]
  .rodata            const                    0x4c  dm_message.o [1]
  .rodata            const                    0x4c  error.o [1]
  .rodata            const                    0x4c  error.o [1]
  .rodata            const                    0x4c  error.o [1]
  .rodata            const                    0x4c  serial_manager.o [1]
  .rodata            const                    0x4c  ssl_cli.o [1]
  .rodata            const                    0x4c  ssl_srv.o [1]
  .rodata            const                    0x4c  ssl_tls.o [1]
  .rodata            const                    0x4c  ssl_tls.o [1]
  .rodata            const                    0x48  dm_message.o [1]
  .rodata            const                    0x48  error.o [1]
  .rodata            const                    0x48  error.o [1]
  .rodata            const                    0x48  error.o [1]
  .rodata            const                    0x48  error.o [1]
  .rodata            const                    0x48  error.o [1]
  .rodata            const                    0x48  error.o [1]
  .rodata            const                    0x48  error.o [1]
  .rodata            const                    0x48  error.o [1]
  .rodata            const                    0x48  error.o [1]
  .rodata            const                    0x48  ssl_srv.o [1]
  .rodata            const                    0x48  ssl_srv.o [1]
  .rodata            const                    0x48  ssl_tls.o [1]
  .rodata            const                    0x44  dm_message.o [1]
  .rodata            const                    0x48  strto64.o [3]
  .rodata            const                    0x44  error.o [1]
  .rodata            const                    0x44  error.o [1]
  .rodata            const                    0x44  error.o [1]
  .rodata            const                    0x44  error.o [1]
  .rodata            const                    0x44  error.o [1]
  .rodata            const                    0x44  error.o [1]
  .rodata            const                    0x44  error.o [1]
  .rodata            const                    0x44  error.o [1]
  .rodata            const                    0x44  error.o [1]
  .rodata            const                    0x44  error.o [1]
  .rodata            const                    0x44  error.o [1]
  .rodata            const                    0x44  error.o [1]
  .rodata            const                    0x44  error.o [1]
  .rodata            const                    0x44  error.o [1]
  .rodata            const                    0x44  error.o [1]
  .rodata            const                    0x44  error.o [1]
  .rodata            const                    0x44  error.o [1]
  .rodata            const                    0x44  error.o [1]
  .rodata            const                    0x44  error.o [1]
  .rodata            const                    0x44  fsl_flexspi.o [1]
  .rodata            const                    0x44  linkkit_example_csdk.o [1]
  .rodata            const                    0x44  lpuart_adapter.o [1]
  .rodata            const                    0x44  mk3060.o [1]
  .rodata            const                    0x44  ssl_srv.o [1]
  .rodata            const                    0x44  ssl_srv.o [1]
  .rodata            const                    0x44  ssl_srv.o [1]
  .rodata            const                    0x44  ssl_tls.o [1]
  .rodata            const                    0x44  ssl_tls.o [1]
  .rodata            const                    0x40  des.o [1]
  .rodata            const                    0x40  des.o [1]
  .rodata            const                    0x40  error.o [1]
  .rodata            const                    0x40  error.o [1]
  .rodata            const                    0x40  error.o [1]
  .rodata            const                    0x40  error.o [1]
  .rodata            const                    0x40  error.o [1]
  .rodata            const                    0x40  error.o [1]
  .rodata            const                    0x40  error.o [1]
  .rodata            const                    0x40  error.o [1]
  .rodata            const                    0x40  error.o [1]
  .rodata            const                    0x40  error.o [1]
  .rodata            const                    0x40  error.o [1]
  .rodata            const                    0x40  error.o [1]
  .rodata            const                    0x40  fsl_debug_console.o [1]
  .rodata            const                    0x40  fsl_lpuart.o [1]
  .rodata            const                    0x40  HAL_TLS_mbedtls.o [1]
  .rodata            const                    0x40  infra_md5.o [1]
  .rodata            const                    0x40  infra_sha256.o [1]
  .rodata            const                    0x40  mk3060.o [1]
  .rodata            const                    0x40  mk3060.o [1]
  .rodata            const                    0x40  ssl_srv.o [1]
  .rodata            const                    0x40  ssl_tls.o [1]
  .rodata            const                    0x40  ssl_tls.o [1]
  .rodata            const                    0x40  ssl_tls.o [1]
  .rodata            const                    0x3c  error.o [1]
  .rodata            const                    0x3c  error.o [1]
  .rodata            const                    0x3c  error.o [1]
  .rodata            const                    0x3c  error.o [1]
  .rodata            const                    0x3c  error.o [1]
  .rodata            const                    0x3c  error.o [1]
  .rodata            const                    0x3c  error.o [1]
  .rodata            const                    0x3c  error.o [1]
  .rodata            const                    0x3c  error.o [1]
  .rodata            const                    0x3c  error.o [1]
  .rodata            const                    0x3c  error.o [1]
  .rodata            const                    0x3c  error.o [1]
  .rodata            const                    0x3c  error.o [1]
  .rodata            const                    0x3c  error.o [1]
  .rodata            const                    0x3c  error.o [1]
  .rodata            const                    0x3c  fsl_gpio.o [1]
  .rodata            const                    0x3c  fsl_trng.o [1]
  .rodata            const                    0x3c  oid.o [1]
  .rodata            const                    0x3c  oid.o [1]
  .rodata            const                    0x3c  ssl_cli.o [1]
  .rodata            const                    0x3c  ssl_cli.o [1]
  .rodata            const                    0x3c  ssl_cli.o [1]
  .rodata            const                    0x3c  ssl_cli.o [1]
  .rodata            const                    0x3c  ssl_srv.o [1]
  .rodata            const                    0x3c  ssl_srv.o [1]
  .rodata            const                    0x3c  ssl_srv.o [1]
  .rodata            const                    0x3c  ssl_tls.o [1]
  .rodata            const                    0x3c  ssl_tls.o [1]
  .rodata            const                    0x3c  ssl_tls.o [1]
  .rodata            const                    0x3c  ssl_tls.o [1]
  .rodata            const                    0x3c  ssl_tls.o [1]
  .rodata            const                    0x3c  ssl_tls.o [1]
  .rodata            const                    0x3c  ssl_tls.o [1]
  .rodata            const                    0x3c  ssl_tls.o [1]
  .rodata            const                    0x3c  ssl_tls.o [1]
  .rodata            const                    0x38  awss_dev_reset.o [1]
  .rodata            const                    0x38  awss_notify.o [1]
  .rodata            const                    0x38  clock_config.o [1]
  .rodata            const                    0x38  dm_message.o [1]
  .rodata            const                    0x38  error.o [1]
  .rodata            const                    0x38  error.o [1]
  .rodata            const                    0x38  error.o [1]
  .rodata            const                    0x38  error.o [1]
  .rodata            const                    0x38  error.o [1]
  .rodata            const                    0x38  error.o [1]
  .rodata            const                    0x38  error.o [1]
  .rodata            const                    0x38  error.o [1]
  .rodata            const                    0x38  error.o [1]
  .rodata            const                    0x38  flexspi_hyper_flash_ops.o [1]
  .rodata            const                    0x38  fsl_clock.o [1]
  .rodata            const                    0x38  fsl_flexspi.o [1]
  .rodata            const                    0x38  fsl_flexspi.o [1]
  .rodata            const                    0x38  fsl_gpio.o [1]
  .rodata            const                    0x38  fsl_gpio.o [1]
  .rodata            const                    0x38  fsl_lpuart.o [1]
  .rodata            const                    0x38  fsl_lpuart.o [1]
  .rodata            const                    0x38  fsl_trng.o [1]
  .rodata            const                    0x38  fsl_trng.o [1]
  .rodata            const                    0x38  mk3060.o [1]
  .rodata            const                    0x38  mk3060.o [1]
  .rodata            const                    0x38  pin_mux.o [1]
  .rodata            const                    0x38  rsa_internal.o [1]
  .rodata            const                    0x38  ssl_cli.o [1]
  .rodata            const                    0x38  ssl_cli.o [1]
  .rodata            const                    0x38  ssl_srv.o [1]
  .rodata            const                    0x38  ssl_srv.o [1]
  .rodata            const                    0x38  ssl_tls.o [1]
  .rodata            const                    0x38  ssl_tls.o [1]
  .rodata            const                    0x38  ssl_tls.o [1]
  .rodata            const                    0x38  ssl_tls.o [1]
  .rodata            const                    0x38  x509_crt.o [1]
  .rodata            const                    0x38  x509_crt.o [1]
  .rodata            const                    0x34  awss_packet.o [1]
  .rodata            const                    0x34  dm_log_report.o [1]
  .rodata            const                    0x34  dm_message.o [1]
  .rodata            const                    0x34  error.o [1]
  .rodata            const                    0x34  error.o [1]
  .rodata            const                    0x34  error.o [1]
  .rodata            const                    0x34  error.o [1]
  .rodata            const                    0x34  error.o [1]
  .rodata            const                    0x34  error.o [1]
  .rodata            const                    0x34  error.o [1]
  .rodata            const                    0x34  error.o [1]
  .rodata            const                    0x34  error.o [1]
  .rodata            const                    0x34  error.o [1]
  .rodata            const                    0x34  HAL_TLS_mbedtls.o [1]
  .rodata            const                    0x34  HAL_TLS_mbedtls.o [1]
  .rodata            const                    0x34  HAL_TLS_mbedtls.o [1]
  .rodata            const                    0x34  HAL_TLS_mbedtls.o [1]
  .rodata            const                    0x34  HAL_TLS_mbedtls.o [1]
  .rodata            const                    0x34  HAL_TLS_mbedtls.o [1]
  .rodata            const                    0x34  mk3060.o [1]
  .rodata            const                    0x34  mk3060.o [1]
  .rodata            const                    0x34  ssl_cli.o [1]
  .rodata            const                    0x34  ssl_cli.o [1]
  .rodata            const                    0x34  ssl_cli.o [1]
  .rodata            const                    0x34  ssl_cli.o [1]
  .rodata            const                    0x34  ssl_cli.o [1]
  .rodata            const                    0x34  ssl_cli.o [1]
  .rodata            const                    0x34  ssl_srv.o [1]
  .rodata            const                    0x34  ssl_srv.o [1]
  .rodata            const                    0x34  ssl_tls.o [1]
  .rodata            const                    0x34  ssl_tls.o [1]
  .rodata            const                    0x34  ssl_tls.o [1]
  .rodata            const                    0x34  ssl_tls.o [1]
  .rodata            const                    0x34  ssl_tls.o [1]
  .rodata            const                    0x34  ssl_tls.o [1]
  .rodata            const                    0x34  ssl_tls.o [1]
  .rodata            const                    0x34  ssl_tls.o [1]
  .text              ro code                  0x34  fsl_usdhc.o [1]
  .rodata            const                    0x30  dev_sign_mqtt.o [1]
  .rodata            const                    0x30  dm_message.o [1]
  .rodata            const                    0x30  error.o [1]
  .rodata            const                    0x30  error.o [1]
  .rodata            const                    0x30  error.o [1]
  .rodata            const                    0x30  error.o [1]
  .rodata            const                    0x30  error.o [1]
  .rodata            const                    0x30  error.o [1]
  .rodata            const                    0x30  error.o [1]
  .rodata            const                    0x30  error.o [1]
  .rodata            const                    0x30  error.o [1]
  .rodata            const                    0x30  error.o [1]
  .rodata            const                    0x30  error.o [1]
  .rodata            const                    0x30  error.o [1]
  .rodata            const                    0x30  error.o [1]
  .rodata            const                    0x30  error.o [1]
  .rodata            const                    0x30  kv_adapt.o [1]
  .rodata            const                    0x30  kv_adapt.o [1]
  .rodata            const                    0x30  linkkit_example_csdk.o [1]
  .rodata            const                    0x30  linkkit_example_csdk.o [1]
  .rodata            const                    0x30  linkkit_example_csdk.o [1]
  .rodata            const                    0x30  linkkit_example_csdk.o [1]
  .rodata            const                    0x30  linkkit_example_csdk.o [1]
  .rodata            const                    0x30  md_wrap.o [1]
  .rodata            const                    0x30  md_wrap.o [1]
  .rodata            const                    0x30  md_wrap.o [1]
  .rodata            const                    0x30  md_wrap.o [1]
  .rodata            const                    0x30  md_wrap.o [1]
  .rodata            const                    0x30  md_wrap.o [1]
  .rodata            const                    0x30  mk3060.o [1]
  .rodata            const                    0x30  mk3060.o [1]
  .rodata            const                    0x30  mk3060.o [1]
  .rodata            const                    0x30  mk3060.o [1]
  .rodata            const                    0x30  pk_wrap.o [1]
  .rodata            const                    0x30  pk_wrap.o [1]
  .rodata            const                    0x30  pk_wrap.o [1]
  .rodata            const                    0x30  pk_wrap.o [1]
  .rodata            const                    0x30  ssl_cli.o [1]
  .rodata            const                    0x30  ssl_cli.o [1]
  .rodata            const                    0x30  ssl_cli.o [1]
  .rodata            const                    0x30  ssl_cli.o [1]
  .rodata            const                    0x30  ssl_cli.o [1]
  .rodata            const                    0x30  ssl_cli.o [1]
  .rodata            const                    0x30  ssl_cli.o [1]
  .rodata            const                    0x30  ssl_cli.o [1]
  .rodata            const                    0x30  ssl_cli.o [1]
  .rodata            const                    0x30  ssl_cli.o [1]
  .rodata            const                    0x30  ssl_cli.o [1]
  .rodata            const                    0x30  ssl_cli.o [1]
  .rodata            const                    0x30  ssl_cli.o [1]
  .rodata            const                    0x30  ssl_srv.o [1]
  .rodata            const                    0x30  ssl_srv.o [1]
  .rodata            const                    0x30  ssl_srv.o [1]
  .rodata            const                    0x30  ssl_srv.o [1]
  .rodata            const                    0x30  ssl_srv.o [1]
  .rodata            const                    0x30  ssl_srv.o [1]
  .rodata            const                    0x30  ssl_srv.o [1]
  .rodata            const                    0x30  ssl_srv.o [1]
  .rodata            const                    0x30  ssl_srv.o [1]
  .rodata            const                    0x30  ssl_srv.o [1]
  .rodata            const                    0x30  ssl_srv.o [1]
  .rodata            const                    0x30  ssl_srv.o [1]
  .rodata            const                    0x30  ssl_tls.o [1]
  .rodata            const                    0x30  ssl_tls.o [1]
  .rodata            const                    0x30  ssl_tls.o [1]
  .rodata            const                    0x30  ssl_tls.o [1]
  .rodata            const                    0x30  ssl_tls.o [1]
  .rodata            const                    0x2c  awss_bind_statis.o [1]
  .rodata            const                    0x2c  awss_cmp_mqtt.o [1]
  .rodata            const                    0x2c  dm_message.o [1]
  .rodata            const                    0x2c  dm_message.o [1]
  .rodata            const                    0x2c  error.o [1]
  .rodata            const                    0x2c  error.o [1]
  .rodata            const                    0x2c  error.o [1]
  .rodata            const                    0x2c  error.o [1]
  .rodata            const                    0x2c  error.o [1]
  .rodata            const                    0x2c  error.o [1]
  .rodata            const                    0x2c  error.o [1]
  .rodata            const                    0x2c  error.o [1]
  .rodata            const                    0x2c  error.o [1]
  .rodata            const                    0x2c  error.o [1]
  .rodata            const                    0x2c  error.o [1]
  .rodata            const                    0x2c  error.o [1]
  .rodata            const                    0x2c  error.o [1]
  .rodata            const                    0x2c  error.o [1]
  .rodata            const                    0x2c  error.o [1]
  .rodata            const                    0x2c  error.o [1]
  .rodata            const                    0x2c  error.o [1]
  .rodata            const                    0x2c  error.o [1]
  .rodata            const                    0x2c  error.o [1]
  .rodata            const                    0x2c  error.o [1]
  .rodata            const                    0x2c  error.o [1]
  .rodata            const                    0x2c  error.o [1]
  .rodata            const                    0x2c  error.o [1]
  .rodata            const                    0x2c  error.o [1]
  .rodata            const                    0x2c  error.o [1]
  .rodata            const                    0x2c  fsl_assert.o [1]
  .rodata            const                    0x2c  HAL_TLS_mbedtls.o [1]
  .rodata            const                    0x2c  HAL_TLS_mbedtls.o [1]
  .rodata            const                    0x2c  HAL_TLS_mbedtls.o [1]
  .rodata            const                    0x2c  HAL_TLS_mbedtls.o [1]
  .rodata            const                    0x2c  HAL_TLS_mbedtls.o [1]
  .rodata            const                    0x2c  HAL_TLS_mbedtls.o [1]
  .rodata            const                    0x2c  HAL_TLS_mbedtls.o [1]
  .rodata            const                    0x2c  linkkit_example_csdk.o [1]
  .rodata            const                    0x2c  mk3060.o [1]
  .rodata            const                    0x2c  mk3060.o [1]
  .rodata            const                    0x2c  mk3060.o [1]
  .rodata            const                    0x2c  ssl_cli.o [1]
  .rodata            const                    0x2c  ssl_cli.o [1]
  .rodata            const                    0x2c  ssl_cli.o [1]
  .rodata            const                    0x2c  ssl_cli.o [1]
  .rodata            const                    0x2c  ssl_cli.o [1]
  .rodata            const                    0x2c  ssl_srv.o [1]
  .rodata            const                    0x2c  ssl_srv.o [1]
  .rodata            const                    0x2c  ssl_srv.o [1]
  .rodata            const                    0x2c  ssl_srv.o [1]
  .rodata            const                    0x2c  ssl_srv.o [1]
  .rodata            const                    0x2c  ssl_srv.o [1]
  .rodata            const                    0x2c  ssl_srv.o [1]
  .rodata            const                    0x2c  ssl_tls.o [1]
  .rodata            const                    0x2c  ssl_tls.o [1]
  .rodata            const                    0x2c  ssl_tls.o [1]
  .rodata            const                    0x2c  ssl_tls.o [1]
  .rodata            const                    0x2c  ssl_tls.o [1]
  .rodata            const                    0x2c  ssl_tls.o [1]
  .rodata            const                    0x2c  ssl_tls.o [1]
  .rodata            const                    0x2c  ssl_tls.o [1]
  .rodata            const                    0x28  aes.o [1]
  .rodata            const                    0x28  awss_packet.o [1]
  .rodata            const                    0x28  awss_report.o [1]
  .rodata            const                    0x28  csdk.o [1]
  .rodata            const                    0x28  dm_log_report.o [1]
  .rodata            const                    0x28  error.o [1]
  .rodata            const                    0x28  error.o [1]
  .rodata            const                    0x28  error.o [1]
  .rodata            const                    0x28  error.o [1]
  .rodata            const                    0x28  error.o [1]
  .rodata            const                    0x28  error.o [1]
  .rodata            const                    0x28  error.o [1]
  .rodata            const                    0x28  error.o [1]
  .rodata            const                    0x28  error.o [1]
  .rodata            const                    0x28  error.o [1]
  .rodata            const                    0x28  error.o [1]
  .rodata            const                    0x28  error.o [1]
  .rodata            const                    0x28  error.o [1]
  .rodata            const                    0x28  error.o [1]
  .rodata            const                    0x28  error.o [1]
  .rodata            const                    0x28  error.o [1]
  .rodata            const                    0x28  error.o [1]
  .rodata            const                    0x28  error.o [1]
  .rodata            const                    0x28  error.o [1]
  .rodata            const                    0x28  error.o [1]
  .rodata            const                    0x28  error.o [1]
  .rodata            const                    0x28  error.o [1]
  .rodata            const                    0x28  error.o [1]
  .rodata            const                    0x28  error.o [1]
  .rodata            const                    0x28  error.o [1]
  .rodata            const                    0x28  error.o [1]
  .rodata            const                    0x28  error.o [1]
  .rodata            const                    0x28  error.o [1]
  .rodata            const                    0x28  error.o [1]
  .rodata            const                    0x28  error.o [1]
  .rodata            const                    0x28  error.o [1]
  .rodata            const                    0x28  error.o [1]
  .rodata            const                    0x28  error.o [1]
  .rodata            const                    0x28  error.o [1]
  .rodata            const                    0x28  error.o [1]
  .rodata            const                    0x28  HAL_TLS_mbedtls.o [1]
  .rodata            const                    0x28  HAL_TLS_mbedtls.o [1]
  .rodata            const                    0x28  HAL_TLS_mbedtls.o [1]
  .rodata            const                    0x28  HAL_TLS_mbedtls.o [1]
  .rodata            const                    0x28  HAL_TLS_mbedtls.o [1]
  .rodata            const                    0x28  HAL_TLS_mbedtls.o [1]
  .rodata            const                    0x28  infra_defs.o [1]
  .rodata            const                    0x28  infra_defs.o [1]
  .rodata            const                    0x28  infra_defs.o [1]
  .rodata            const                    0x28  infra_defs.o [1]
  .rodata            const                    0x28  infra_defs.o [1]
  .rodata            const                    0x28  infra_defs.o [1]
  .rodata            const                    0x28  infra_report.o [1]
  .rodata            const                    0x28  linkkit_example_csdk.o [1]
  .rodata            const                    0x28  mk3060.o [1]
  .rodata            const                    0x28  mk3060.o [1]
  .rodata            const                    0x28  mk3060.o [1]
  .rodata            const                    0x28  oid.o [1]
  .rodata            const                    0x28  pkparse.o [1]
  .rodata            const                    0x28  ssl_ciphersuites.o [1]
  .rodata            const                    0x28  ssl_ciphersuites.o [1]
  .rodata            const                    0x28  ssl_ciphersuites.o [1]
  .rodata            const                    0x28  ssl_ciphersuites.o [1]
  .rodata            const                    0x28  ssl_ciphersuites.o [1]
  .rodata            const                    0x28  ssl_ciphersuites.o [1]
  .rodata            const                    0x28  ssl_ciphersuites.o [1]
  .rodata            const                    0x28  ssl_ciphersuites.o [1]
  .rodata            const                    0x28  ssl_ciphersuites.o [1]
  .rodata            const                    0x28  ssl_ciphersuites.o [1]
  .rodata            const                    0x28  ssl_ciphersuites.o [1]
  .rodata            const                    0x28  ssl_ciphersuites.o [1]
  .rodata            const                    0x28  ssl_ciphersuites.o [1]
  .rodata            const                    0x28  ssl_ciphersuites.o [1]
  .rodata            const                    0x28  ssl_ciphersuites.o [1]
  .rodata            const                    0x28  ssl_ciphersuites.o [1]
  .rodata            const                    0x28  ssl_ciphersuites.o [1]
  .rodata            const                    0x28  ssl_ciphersuites.o [1]
  .rodata            const                    0x28  ssl_ciphersuites.o [1]
  .rodata            const                    0x28  ssl_ciphersuites.o [1]
  .rodata            const                    0x28  ssl_ciphersuites.o [1]
  .rodata            const                    0x28  ssl_ciphersuites.o [1]
  .rodata            const                    0x28  ssl_cli.o [1]
  .rodata            const                    0x28  ssl_cli.o [1]
  .rodata            const                    0x28  ssl_cli.o [1]
  .rodata            const                    0x28  ssl_cli.o [1]
  .rodata            const                    0x28  ssl_cli.o [1]
  .rodata            const                    0x28  ssl_cli.o [1]
  .rodata            const                    0x28  ssl_cli.o [1]
  .rodata            const                    0x28  ssl_cli.o [1]
  .rodata            const                    0x28  ssl_cli.o [1]
  .rodata            const                    0x28  ssl_cli.o [1]
  .rodata            const                    0x28  ssl_cli.o [1]
  .rodata            const                    0x28  ssl_srv.o [1]
  .rodata            const                    0x28  ssl_srv.o [1]
  .rodata            const                    0x28  ssl_srv.o [1]
  .rodata            const                    0x28  ssl_srv.o [1]
  .rodata            const                    0x28  ssl_srv.o [1]
  .rodata            const                    0x28  ssl_srv.o [1]
  .rodata            const                    0x28  ssl_srv.o [1]
  .rodata            const                    0x28  ssl_srv.o [1]
  .rodata            const                    0x28  ssl_srv.o [1]
  .rodata            const                    0x28  ssl_srv.o [1]
  .rodata            const                    0x28  ssl_srv.o [1]
  .rodata            const                    0x28  ssl_srv.o [1]
  .rodata            const                    0x28  ssl_srv.o [1]
  .rodata            const                    0x28  ssl_tls.o [1]
  .rodata            const                    0x28  ssl_tls.o [1]
  .rodata            const                    0x28  ssl_tls.o [1]
  .rodata            const                    0x28  ssl_tls.o [1]
  .rodata            const                    0x28  ssl_tls.o [1]
  .rodata            const                    0x28  ssl_tls.o [1]
  .rodata            const                    0x28  ssl_tls.o [1]
  .rodata            const                    0x28  ssl_tls.o [1]
  .rodata            const                    0x28  ssl_tls.o [1]
  .rodata            const                    0x28  ssl_tls.o [1]
  .rodata            const                    0x28  ssl_tls.o [1]
  .rodata            const                    0x28  ssl_tls.o [1]
  .rodata            const                    0x28  ssl_tls.o [1]
  .rodata            const                    0x28  ssl_tls.o [1]
  .rodata            const                    0x28  ssl_tls.o [1]
  .rodata            const                    0x28  ssl_tls.o [1]
  .rodata            const                    0x28  ssl_tls.o [1]
  .rodata            const                    0x28  ssl_tls.o [1]
  .rodata            const                    0x28  ssl_tls.o [1]
  .text              ro code                  0x28  startup_MIMXRT1052.o [1]
  .text              ro code                  0x28  data_init.o [4]
  .rodata            const                    0x24  at_conn_mbox.o [1]
  .rodata            const                    0x24  cipher_wrap.o [1]
  .rodata            const                    0x24  cipher_wrap.o [1]
  .rodata            const                    0x24  cipher_wrap.o [1]
  .rodata            const                    0x24  cipher_wrap.o [1]
  .rodata            const                    0x24  cipher_wrap.o [1]
  .rodata            const                    0x24  cipher_wrap.o [1]
  .rodata            const                    0x24  dm_manager.o [1]
  .rodata            const                    0x24  dm_message.o [1]
  .rodata            const                    0x24  dm_msg_process.o [1]
  .rodata            const                    0x24  dm_msg_process.o [1]
  .rodata            const                    0x24  dm_msg_process.o [1]
  .rodata            const                    0x24  dm_msg_process.o [1]
  .rodata            const                    0x24  error.o [1]
[...]
ssl_write_server_key_exchange
                           0x1'a755    0x146  Code  Lc  ssl_srv.o [1]
ssl_write_session_ticket_ext
                           0x1'46ff     0xc8  Code  Lc  ssl_cli.o [1]
ssl_write_session_ticket_ext
                           0x1'9741     0x4e  Code  Lc  ssl_srv.o [1]
ssl_write_signature_algorithms_ext
                           0x1'423b    0x100  Code  Lc  ssl_cli.o [1]
ssl_write_split              0x7269     0x76  Code  Lc  ssl_tls.o [1]
ssl_write_supported_elliptic_curves_ext
                           0x1'433b    0x110  Code  Lc  ssl_cli.o [1]
ssl_write_supported_point_formats_ext
                           0x1'444b     0x82  Code  Lc  ssl_cli.o [1]
ssl_write_supported_point_formats_ext
                           0x1'98b1     0x5a  Code  Lc  ssl_srv.o [1]
ssl_write_truncated_hmac_ext
                           0x1'4561     0x82  Code  Lc  ssl_cli.o [1]
ssl_write_truncated_hmac_ext
                           0x1'9601     0x4c  Code  Lc  ssl_srv.o [1]
start_cmd_type_str      0x2000'0358     0x14  Data  Lc  mk3060.o [1]
stop_sample                0x2'a6a3     0x26  Code  Gb  dm_log_report.o [1]
strchr                     0x2'459d           Code  Gb  strchr.o [4]
strcmp                     0x3'd11d           Code  Gb  strcmp.o [4]
strcpy                     0x4'1139           Code  Gb  strcpy.o [4]
strlen                       0x89dd           Code  Gb  strlen.o [4]
strncmp                    0x2'aa45     0x28  Code  Gb  strncmp.o [2]
strncpy                    0x2'aa6d           Code  Gb  strncpy.o [4]
strstr                     0x2'0e45     0x30  Code  Gb  strstr.o [2]
strtod                     0x3'4795      0x6  Code  Gb  strto64.o [3]
strtol                     0x4'55c9      0x4  Code  Gb  iar_Stolx.o [2]
strtold                    0x3'4795      0x6  Code  Gb  strto64.o [3]
strtoul                    0x3'312d      0x2  Code  Gb  iar_Stoulx.o [2]
sub32                      0x2'32bb     0x1e  Code  Lc  ecp_curves_alt.o [1]
suffix_object              0x3'e3df      0x6  Code  Lc  cJSON.o [1]
supported_ciphersuites  0x2001'5424    0x164  Data  Lc  ssl_ciphersuites.o [1]
supported_init          0x2001'5588      0x4  Data  Lc  ssl_ciphersuites.o [1]
switch_status           0x2000'08e8      0x4  Data  Lc  dm_log_report.o [1]
sysPllConfig_BOARD_BootClockRUN
                           0x5'96c8     0x14  Data  Gb  clock_config.o [1]
sys_alloc                  0x4'6d99    0x164  Code  Lc  dlmalloc.o [2]
sys_trim                   0x4'6efd     0x64  Code  Lc  dlmalloc.o [2]
tls1_prf                      0x2d3    0x208  Code  Lc  ssl_tls.o [1]
tls_prf_generic               0x4db    0x142  Code  Lc  ssl_tls.o [1]
tls_prf_sha256                0x629     0x38  Code  Lc  ssl_tls.o [1]
tls_prf_sha384                0x661     0x38  Code  Lc  ssl_tls.o [1]
tmalloc_large              0x4'7413    0x386  Code  Lc  dlmalloc.o [2]
tmalloc_small              0x4'7799    0x200  Code  Lc  dlmalloc.o [2]
tolower                    0x4'1151      0xc  Code  Gb  tolower.o [2]
trng_ApplyUserConfig       0x2'e695    0x140  Code  Lc  fsl_trng.o [1]
trng_GetInstance           0x2'e395     0x36  Code  Lc  fsl_trng.o [1]
trng_ReadEntropy           0x2'e7d5     0x16  Code  Lc  fsl_trng.o [1]
trng_SetRetryCount         0x2'e457     0x2e  Code  Lc  fsl_trng.o [1]
trng_SetStatisticalCheckLimit
                           0x2'e485    0x210  Code  Lc  fsl_trng.o [1]
try_realloc_chunk          0x4'8191    0x318  Code  Lc  dlmalloc.o [2]
uart_callback              0x2'903d     0x22  Code  Lc  wrapper.o [1]
uart_rxstatus           0x2001'5880      0x4  Data  Lc  wrapper.o [1]
uart_status             0x2001'587c      0x4  Data  Lc  wrapper.o [1]
ucHeap                  0x2000'09d4  0x14000  Data  Lc  heap_4.o [1]
ucMaxSysCallPriority    0x2001'5b1a      0x1  Data  Lc  port.o [1]
udp_broad_list          0x2001'521c      0x8  Data  Gb  mk3060.o [1]
udp_broadcast_cnt       0x2001'5224      0x4  Data  Gb  mk3060.o [1]
ulMaxPRIGROUPValue      0x2001'53e0      0x4  Data  Lc  port.o [1]
update_offset              0x3'd413     0x28  Code  Lc  cJSON.o [1]
user_connected_event_handler
                           0x3'9fa3     0x2e  Code  Lc  linkkit_example_csdk.o [1]
user_connected_event_handler::__func__
                           0x5'6554     0x20  Data  Lc  linkkit_example_csdk.o [1]
user_cota_event_handler
                           0x3'a93b     0xec  Code  Lc  linkkit_example_csdk.o [1]
user_cota_event_handler::__func__
                           0x5'8ab4     0x18  Data  Lc  linkkit_example_csdk.o [1]
user_deviceinfo_delete     0x3'ac89     0x46  Code  Lc  linkkit_example_csdk.o [1]
user_deviceinfo_delete::__func__
                           0x5'8b2c     0x18  Data  Lc  linkkit_example_csdk.o [1]
user_deviceinfo_update     0x3'ac37     0x46  Code  Lc  linkkit_example_csdk.o [1]
user_deviceinfo_update::__func__
                           0x5'8b14     0x18  Data  Lc  linkkit_example_csdk.o [1]
user_disconnected_event_handler
                           0x3'9fd1     0x2e  Code  Lc  linkkit_example_csdk.o [1]
user_disconnected_event_handler::__func__
                           0x5'6574     0x20  Data  Lc  linkkit_example_csdk.o [1]
user_down_raw_data_arrived_event_handler
                           0x3'9fff     0x2e  Code  Lc  linkkit_example_csdk.o [1]
user_down_raw_data_arrived_event_handler::__func__
                           0x5'3390     0x2c  Data  Lc  linkkit_example_csdk.o [1]
user_example_get_ctx       0x3'9f9d      0x6  Code  Lc  linkkit_example_csdk.o [1]
user_fota_event_handler
                           0x3'a8ef     0x4c  Code  Lc  linkkit_example_csdk.o [1]
user_fota_event_handler::__func__
                           0x5'8a9c     0x18  Data  Lc  linkkit_example_csdk.o [1]
user_initialized           0x3'a8b9     0x36  Code  Lc  linkkit_example_csdk.o [1]
user_initialized::__func__
                           0x5'98d0     0x14  Data  Lc  linkkit_example_csdk.o [1]
user_master_dev_available
                           0x3'ad6d     0x1c  Code  Lc  linkkit_example_csdk.o [1]
user_post_event            0x3'ab65     0xd2  Code  Lc  linkkit_example_csdk.o [1]
user_post_event::__func__
                           0x5'a428     0x10  Data  Lc  linkkit_example_csdk.o [1]
user_post_event::example_index
                        0x2001'4d04      0x4  Data  Lc  linkkit_example_csdk.o [1]
user_post_property         0x3'aa75     0xd0  Code  Lc  linkkit_example_csdk.o [1]
user_post_property::__func__
                           0x5'9948     0x14  Data  Lc  linkkit_example_csdk.o [1]
user_post_property::example_index
                        0x2001'4d00      0x4  Data  Lc  linkkit_example_csdk.o [1]
user_post_raw_data         0x3'acd9     0x4a  Code  Lc  linkkit_example_csdk.o [1]
user_post_raw_data::__func__
                           0x5'99c0     0x14  Data  Lc  linkkit_example_csdk.o [1]
user_property_get_event_handler
                           0x3'a2f9    0x4d8  Code  Lc  linkkit_example_csdk.o [1]
user_property_get_event_handler::__func__
                           0x5'65d4     0x20  Data  Lc  linkkit_example_csdk.o [1]
user_property_set_event_handler
                           0x3'a253     0xa0  Code  Lc  linkkit_example_csdk.o [1]
user_property_set_event_handler::__func__
                           0x5'6594     0x20  Data  Lc  linkkit_example_csdk.o [1]
user_report_reply_event_handler
                           0x3'a7e5     0x56  Code  Lc  linkkit_example_csdk.o [1]
user_report_reply_event_handler::__func__
                           0x5'65f4     0x20  Data  Lc  linkkit_example_csdk.o [1]
user_service_request_event_handler
                           0x3'a02d    0x226  Code  Lc  linkkit_example_csdk.o [1]
user_service_request_event_handler::__func__
                           0x5'50dc     0x24  Data  Lc  linkkit_example_csdk.o [1]
user_timestamp_reply_event_handler
                           0x3'a88b     0x26  Code  Lc  linkkit_example_csdk.o [1]
user_timestamp_reply_event_handler::__func__
                           0x5'5124     0x24  Data  Lc  linkkit_example_csdk.o [1]
user_trigger_event_reply_event_handler
                           0x3'a83b     0x50  Code  Lc  linkkit_example_csdk.o [1]
user_trigger_event_reply_event_handler::__func__
                           0x5'3ff8     0x28  Data  Lc  linkkit_example_csdk.o [1]
user_update_sec            0x3'aa27     0x32  Code  Lc  linkkit_example_csdk.o [1]
user_update_sec::time_start_ms
                        0x2000'0408      0x8  Data  Lc  linkkit_example_csdk.o [1]
utf16_literal_to_utf8      0x3'd58b    0x134  Code  Lc  cJSON.o [1]
utils_hmac_sha256          0x4'59e9     0xf2  Code  Gb  infra_sha256.o [1]
utils_md5                  0x4'6761     0x32  Code  Gb  infra_md5.o [1]
utils_md5_finish           0x4'657f     0xcc  Code  Gb  infra_md5.o [1]
utils_md5_free             0x4'5b07     0x12  Code  Gb  infra_md5.o [1]
utils_md5_init             0x4'5af1     0x16  Code  Gb  infra_md5.o [1]
utils_md5_process          0x4'5b3b    0x9b4  Code  Gb  infra_md5.o [1]
utils_md5_starts           0x4'5b19     0x22  Code  Gb  infra_md5.o [1]
utils_md5_update           0x4'64ef     0x90  Code  Gb  infra_md5.o [1]
utils_md5_zeroize          0x4'5add     0x14  Code  Lc  infra_md5.o [1]
utils_net_read             0x2'97d1     0x2c  Code  Gb  infra_net.o [1]
utils_net_write            0x2'97fd     0x2c  Code  Gb  infra_net.o [1]
utils_sha256_finish        0x4'5895    0x128  Code  Gb  infra_sha256.o [1]
utils_sha256_init          0x4'55cd     0x16  Code  Gb  infra_sha256.o [1]
utils_sha256_process       0x4'5625    0x1e0  Code  Gb  infra_sha256.o [1]
utils_sha256_starts        0x4'55e3     0x42  Code  Gb  infra_sha256.o [1]
utils_sha256_update        0x4'5805     0x90  Code  Gb  infra_sha256.o [1]
utils_time_countdown_ms
                           0x2'9731     0x14  Code  Gb  infra_timer.o [1]
utils_time_is_expired      0x2'9701     0x26  Code  Gb  infra_timer.o [1]
utils_time_spend           0x2'96c3     0x18  Code  Gb  infra_timer.o [1]
uxCriticalNesting       0x2000'0388      0x4  Data  Lc  port.o [1]
uxCurrentNumberOfTasks  0x2001'5664      0x4  Data  Lc  tasks.o [1]
uxDeletedTasksWaitingCleanUp
                        0x2001'564c      0x4  Data  Lc  tasks.o [1]
uxListRemove               0x3'1ef1     0x28  Code  Gb  list.o [1]
uxPendedTicks           0x2001'5674      0x4  Data  Lc  tasks.o [1]
uxSchedulerSuspended    0x2001'568c      0x4  Data  Lc  tasks.o [1]
uxTaskNumber            0x2001'5680      0x4  Data  Lc  tasks.o [1]
uxTopReadyPriority      0x2001'566c      0x4  Data  Lc  tasks.o [1]
vListInitialise            0x3'1e7f     0x1e  Code  Gb  list.o [1]
vListInitialiseItem        0x3'1e9d      0x6  Code  Gb  list.o [1]
vListInsert                0x3'1ebb     0x36  Code  Gb  list.o [1]
vListInsertEnd             0x3'1ea3     0x18  Code  Gb  list.o [1]
vPortEnableVFP             0x3'6fe1           Code  Gb  portasm.o [1]
vPortEnterCritical         0x3'2039     0x34  Code  Gb  port.o [1]
vPortExitCritical          0x3'206d     0x2c  Code  Gb  port.o [1]
vPortFree                  0x2'cba5     0x74  Code  Gb  heap_4.o [1]
vPortStartFirstTask        0x3'6fc1           Code  Gb  portasm.o [1]
vPortValidateInterruptPriority
                           0x3'20c1     0x4e  Code  Gb  port.o [1]
vQueueAddToRegistry        0x2'e29d     0x26  Code  Gb  queue.o [1]
vQueueDelete               0x2'e0e5     0x28  Code  Gb  queue.o [1]
vQueueUnregisterQueue      0x2'e2c3     0x28  Code  Gb  queue.o [1]
vQueueWaitForMessageRestricted
                           0x2'e2f1     0x4c  Code  Gb  queue.o [1]
vTaskDelay                 0x2'afef     0x4e  Code  Gb  tasks.o [1]
vTaskDelete                0x2'af21     0xce  Code  Gb  tasks.o [1]
vTaskInternalSetTimeOutState
                           0x2'b655     0x12  Code  Gb  tasks.o [1]
vTaskMissedYield           0x2'b6ff      0xa  Code  Gb  tasks.o [1]
vTaskPlaceOnEventList      0x2'b537     0x34  Code  Gb  tasks.o [1]
vTaskPlaceOnEventListRestricted
                           0x2'b581     0x40  Code  Gb  tasks.o [1]
vTaskPriorityDisinheritAfterTimeout
                           0x2'b9a9     0xee  Code  Gb  tasks.o [1]
vTaskResume                0x2'b153     0x82  Code  Gb  tasks.o [1]
vTaskStartScheduler        0x2'b26d     0x74  Code  Gb  tasks.o [1]
vTaskSuspend               0x2'b03d     0xd8  Code  Gb  tasks.o [1]
vTaskSuspendAll            0x2'b2e1      0xc  Code  Gb  tasks.o [1]
vTaskSwitchContext         0x2'b4cb     0x6c  Code  Gb  tasks.o [1]
vsnprintf                  0x1'd8a9     0x3c  Code  Gb  vsnprint.o [2]
wrapper_mqtt_check_state
                           0x2'8ccf     0x1e  Code  Gb  iotx_mqtt_client.o [1]
wrapper_mqtt_connect       0x2'8b35     0x6c  Code  Gb  iotx_mqtt_client.o [1]
wrapper_mqtt_init          0x2'8aed     0x48  Code  Gb  iotx_mqtt_client.o [1]
wrapper_mqtt_publish       0x2'8f9f     0x9e  Code  Gb  iotx_mqtt_client.o [1]
wrapper_mqtt_release       0x2'8ba9     0xe0  Code  Gb  iotx_mqtt_client.o [1]
wrapper_mqtt_subscribe     0x2'8ced     0x92  Code  Gb  iotx_mqtt_client.o [1]
wrapper_mqtt_subscribe_sync
                           0x2'8d7f    0x1b2  Code  Gb  iotx_mqtt_client.o [1]
wrapper_mqtt_unsubscribe
                           0x2'8f31     0x6e  Code  Gb  iotx_mqtt_client.o [1]
wrapper_mqtt_yield         0x2'8c89     0x46  Code  Gb  iotx_mqtt_client.o [1]
writeCString               0x2'9cc7     0x34  Code  Gb  MQTTPacket.o [1]
writeChar                  0x2'9c91      0xc  Code  Gb  MQTTPacket.o [1]
writeInt                   0x2'9c9d     0x2a  Code  Gb  MQTTPacket.o [1]
writeMQTTString            0x2'9cfb     0x46  Code  Gb  MQTTPacket.o [1]
write_ssl                  0x2'9767     0x22  Code  Lc  infra_net.o [1]
x509_check_wildcard        0x1'1037     0x7c  Code  Lc  x509_crt.o [1]
x509_crt_check_cn          0x1'14c5     0x36  Code  Lc  x509_crt.o [1]
x509_crt_check_ee_locally_trusted
                           0x1'130b     0x48  Code  Lc  x509_crt.o [1]
x509_crt_check_parent      0x1'11e7     0x5a  Code  Lc  x509_crt.o [1]
x509_crt_check_signature
                           0x1'1181     0x66  Code  Lc  x509_crt.o [1]
x509_crt_find_parent       0x1'12c3     0x48  Code  Lc  x509_crt.o [1]
x509_crt_find_parent_in
                           0x1'1241     0x82  Code  Lc  x509_crt.o [1]
x509_crt_merge_flags_with_cb
                           0x1'159d     0x52  Code  Lc  x509_crt.o [1]
x509_crt_parse_der_core
                             0xfeb5    0x396  Code  Lc  x509_crt.o [1]
x509_crt_verify_chain      0x1'1353    0x16a  Code  Lc  x509_crt.o [1]
x509_crt_verify_name       0x1'14fb     0x9a  Code  Lc  x509_crt.o [1]
x509_crt_verifycrl         0x1'0ec3    0x120  Code  Lc  x509_crt.o [1]
x509_date_is_valid         0x1'f211     0xd2  Code  Lc  x509.o [1]
x509_get_attr_type_value
                           0x1'f041     0xf0  Code  Lc  x509.o [1]
x509_get_basic_constraints
                             0xfa63     0xb0  Code  Lc  x509_crt.o [1]
x509_get_crt_ext             0xfce3    0x1d2  Code  Lc  x509_crt.o [1]
x509_get_dates               0xf9af     0x68  Code  Lc  x509_crt.o [1]
x509_get_ext_key_usage       0xfbb9     0x32  Code  Lc  x509_crt.o [1]
x509_get_hash_alg          0x1'ed9f     0xae  Code  Lc  x509.o [1]
x509_get_key_usage           0xfb57     0x62  Code  Lc  x509_crt.o [1]
x509_get_ns_cert_type        0xfb13     0x44  Code  Lc  x509_crt.o [1]
x509_get_subject_alt_name
                             0xfbeb     0xf8  Code  Lc  x509_crt.o [1]
x509_get_uid                 0xfa17     0x4c  Code  Lc  x509_crt.o [1]
x509_get_version             0xf94f     0x60  Code  Lc  x509_crt.o [1]
x509_info_cert_type        0x1'047d    0x184  Code  Lc  x509_crt.o [1]
x509_info_ext_key_usage
                           0x1'07d9     0x6c  Code  Lc  x509_crt.o [1]
x509_info_key_usage        0x1'0615    0x1b8  Code  Lc  x509_crt.o [1]
x509_info_subject_alt_name
                           0x1'03fd     0x7a  Code  Lc  x509_crt.o [1]
x509_memcasecmp            0x1'0fe3     0x54  Code  Lc  x509_crt.o [1]
x509_name_cmp              0x1'1113     0x6e  Code  Lc  x509_crt.o [1]
x509_parse_int             0x1'f1cd     0x44  Code  Lc  x509.o [1]
x509_parse_time            0x1'f2e3     0xf8  Code  Lc  x509.o [1]
x509_profile_check_key       0xf8d1     0x7e  Code  Lc  x509_crt.o [1]
x509_profile_check_md_alg
                             0xf889     0x24  Code  Lc  x509_crt.o [1]
x509_profile_check_pk_alg
                             0xf8ad     0x24  Code  Lc  x509_crt.o [1]
x509_string_cmp            0x1'10b3     0x60  Code  Lc  x509_crt.o [1]
xActiveTimerList1       0x2001'5690     0x14  Data  Lc  timers.o [1]
xActiveTimerList2       0x2001'56a4     0x14  Data  Lc  timers.o [1]
xBlockAllocatedBit      0x2001'49e8      0x4  Data  Lc  heap_4.o [1]
xDelayedTaskList1       0x2001'55f4     0x14  Data  Lc  tasks.o [1]
xDelayedTaskList2       0x2001'5608     0x14  Data  Lc  tasks.o [1]
xFreeBytesRemaining     0x2001'49e0      0x4  Data  Lc  heap_4.o [1]
xHeapStructSize            0x5'baf0      0x4  Data  Lc  heap_4.o [1]
xIdleTaskHandle         0x2001'5688      0x4  Data  Lc  tasks.o [1]
xMinimumEverFreeBytesRemaining
                        0x2001'49e4      0x4  Data  Lc  heap_4.o [1]
xNextTaskUnblockTime    0x2001'5684      0x4  Data  Lc  tasks.o [1]
xNumOfOverflows         0x2001'567c      0x4  Data  Lc  tasks.o [1]
xPendingReadyList       0x2001'5624     0x14  Data  Lc  tasks.o [1]
xPortStartScheduler        0x3'1f6b     0xce  Code  Gb  port.o [1]
xQueueCreateCountingSemaphore
                           0x2'db0b     0x40  Code  Gb  queue.o [1]
xQueueCreateMutex          0x2'daeb     0x20  Code  Gb  queue.o [1]
xQueueGenericCreate        0x2'da3d     0x56  Code  Gb  queue.o [1]
xQueueGenericReset         0x2'd9a9     0x94  Code  Gb  queue.o [1]
xQueueGenericSend          0x2'db4b    0x1a6  Code  Gb  queue.o [1]
xQueueGenericSendFromISR
                           0x2'dcf1     0xe0  Code  Gb  queue.o [1]
xQueueReceive              0x2'ddd1    0x16a  Code  Gb  queue.o [1]
xQueueRegistry          0x2001'53e4     0x40  Data  Gb  queue.o [1]
xQueueSemaphoreTake        0x2'df3b    0x1a4  Code  Gb  queue.o [1]
xSchedulerRunning       0x2001'5670      0x4  Data  Lc  tasks.o [1]
xStart                  0x2001'49d4      0x8  Data  Lc  heap_4.o [1]
xSuspendedTaskList      0x2001'5650     0x14  Data  Lc  tasks.o [1]
xTaskCheckForTimeOut       0x2'b671     0x8e  Code  Gb  tasks.o [1]
xTaskCreate                0x2'ad0d     0x74  Code  Gb  tasks.o [1]
xTaskGetSchedulerState     0x2'b805     0x20  Code  Gb  tasks.o [1]
xTaskGetTickCount          0x2'b3d1      0x8  Code  Gb  tasks.o [1]
xTaskIncrementTick         0x2'b3d9     0xf2  Code  Gb  tasks.o [1]
xTaskPriorityDisinherit
                           0x2'b8e7     0xb2  Code  Gb  tasks.o [1]
xTaskPriorityInherit       0x2'b82d     0xba  Code  Gb  tasks.o [1]
xTaskRemoveFromEventList
                           0x2'b5c5     0x82  Code  Gb  tasks.o [1]
xTaskResumeAll             0x2'b2ed     0xe4  Code  Gb  tasks.o [1]
xTaskResumeFromISR         0x2'b1d5     0x98  Code  Gb  tasks.o [1]
xTasksWaitingTermination
                        0x2001'5638     0x14  Data  Lc  tasks.o [1]
xTickCount              0x2001'5668      0x4  Data  Lc  tasks.o [1]
xTimerCreate               0x2'e991     0x3a  Code  Gb  timers.o [1]
xTimerCreateTimerTask      0x2'e949     0x48  Code  Gb  timers.o [1]
xTimerGenericCommand       0x2'ea1f     0x82  Code  Gb  timers.o [1]
xTimerQueue             0x2001'56c0      0x4  Data  Lc  timers.o [1]
xTimerTaskHandle        0x2001'56c4      0x4  Data  Lc  timers.o [1]
xYieldPending           0x2001'5678      0x4  Data  Lc  tasks.o [1]


[1] = C:\Development\smart_wm_mk3080\debug\obj
[2] = dl7M_tln.a
[3] = m7M_tlv.a
[4] = rt7M_tl.a
[5] = shb_l.a

  303 946 bytes of readonly  code memory
   73 010 bytes of readonly  data memory
   90 908 bytes of readwrite data memory

Errors: 1
Warnings: none
